Component: ARM Compiler 5.05 (build 41) Tool: armlink [4d0eb9]

==============================================================================

Section Cross References

    main.o(.text) refers to rt_cmsis.o(i.osDelay) for osDelay
    main.o(.text) refers to rt_cmsis.o(i.osKernelInitialize) for osKernelInitialize
    main.o(.text) refers to system_stm32f30x.o(.text) for SystemInit
    main.o(.text) refers to led_stm32f3-discovery.o(.text) for LED_Initialize
    main.o(.text) refers to rt_cmsis.o(i.osThreadCreate) for osThreadCreate
    main.o(.text) refers to rt_cmsis.o(i.osKernelStart) for osKernelStart
    main.o(.text) refers to main.o(.constdata) for os_thread_def_Start_job
    main.o(.text) refers to main.o(.data) for tid_Start_job
    main.o(.constdata) refers to main.o(.text) for Start_job
    stm32f30x_adc.o(.text) refers to stm32f30x_rcc.o(.text) for RCC_AHBPeriphResetCmd
    stm32f30x_can.o(.text) refers to stm32f30x_rcc.o(.text) for RCC_APB1PeriphResetCmd
    stm32f30x_dac.o(.text) refers to stm32f30x_rcc.o(.text) for RCC_APB1PeriphResetCmd
    stm32f30x_gpio.o(.text) refers to stm32f30x_rcc.o(.text) for RCC_AHBPeriphResetCmd
    stm32f30x_i2c.o(.text) refers to stm32f30x_rcc.o(.text) for RCC_APB1PeriphResetCmd
    stm32f30x_pwr.o(.text) refers to stm32f30x_rcc.o(.text) for RCC_APB1PeriphResetCmd
    stm32f30x_rcc.o(.text) refers to stm32f30x_rcc.o(.data) for APBAHBPrescTable
    stm32f30x_spi.o(.text) refers to stm32f30x_rcc.o(.text) for RCC_APB2PeriphResetCmd
    stm32f30x_tim.o(.text) refers to stm32f30x_rcc.o(.text) for RCC_APB2PeriphResetCmd
    stm32f30x_usart.o(.text) refers to stm32f30x_rcc.o(.text) for RCC_APB2PeriphResetCmd
    stm32f30x_wwdg.o(.text) refers to stm32f30x_rcc.o(.text) for RCC_APB1PeriphResetCmd
    led_stm32f3-discovery.o(.text) refers to led_stm32f3-discovery.o(.constdata) for led_mask
    rtx_conf_cm.o(.emb_text) refers to sys_stackheap_outer.o(.text) for __user_setup_stackheap
    rtx_conf_cm.o(.emb_text) refers to libinit.o(.ARM.Collect$$libinit$$00000000) for __rt_lib_init
    rtx_conf_cm.o(.emb_text) refers to rt_cmsis.o(i.osKernelInitialize) for osKernelInitialize
    rtx_conf_cm.o(.emb_text) refers to rt_cmsis.o(i.osThreadCreate) for osThreadCreate
    rtx_conf_cm.o(.emb_text) refers to rt_cmsis.o(i.osKernelStart) for osKernelStart
    rtx_conf_cm.o(.emb_text) refers to exit.o(.text) for exit
    rtx_conf_cm.o(.emb_text) refers to rtx_conf_cm.o(.data) for os_thread_def_main
    rtx_conf_cm.o(.text) refers to rt_task.o(i.rt_tsk_self) for rt_tsk_self
    rtx_conf_cm.o(.text) refers to rt_mutex.o(i.rt_mut_init) for rt_mut_init
    rtx_conf_cm.o(.text) refers to rt_cmsis.o(.data) for os_running
    rtx_conf_cm.o(.text) refers to rtx_conf_cm.o(.bss) for .bss
    rtx_conf_cm.o(.text) refers to libspace.o(.bss) for __libspace_start
    rtx_conf_cm.o(.text) refers to rtx_conf_cm.o(.data) for .data
    rtx_conf_cm.o(.text) refers to rt_mutex.o(i.rt_mut_wait) for rt_mut_wait
    rtx_conf_cm.o(.text) refers to rt_mutex.o(i.rt_mut_release) for rt_mut_release
    rtx_conf_cm.o(.constdata) refers to rt_cmsis.o(i.osTimerThread) for osTimerThread
    rtx_conf_cm.o(.constdata) refers to rtx_conf_cm.o(.bss) for os_messageQ_q_osTimerMessageQ
    rtx_conf_cm.o(.data) refers to main.o(.text) for main
    startup_stm32f303xc.o(STACK) refers (Special) to heapauxi.o(.text) for __use_two_region_memory
    startup_stm32f303xc.o(HEAP) refers (Special) to heapauxi.o(.text) for __use_two_region_memory
    startup_stm32f303xc.o(RESET) refers (Special) to heapauxi.o(.text) for __use_two_region_memory
    startup_stm32f303xc.o(RESET) refers to startup_stm32f303xc.o(STACK) for __initial_sp
    startup_stm32f303xc.o(RESET) refers to startup_stm32f303xc.o(.text) for Reset_Handler
    startup_stm32f303xc.o(RESET) refers to hal_cm4.o(.emb_text) for SVC_Handler
    startup_stm32f303xc.o(.text) refers (Special) to heapauxi.o(.text) for __use_two_region_memory
    startup_stm32f303xc.o(.text) refers to system_stm32f30x.o(.text) for SystemInit
    startup_stm32f303xc.o(.text) refers to __main.o(!!!main) for __main
    startup_stm32f303xc.o(.text) refers to startup_stm32f303xc.o(HEAP) for Heap_Mem
    startup_stm32f303xc.o(.text) refers to startup_stm32f303xc.o(STACK) for Stack_Mem
    system_stm32f30x.o(.text) refers to system_stm32f30x.o(.data) for SystemCoreClock
    rt_cmsis.o(i.isrMessagePut) refers to rt_mailbox.o(i.rt_mbx_check) for rt_mbx_check
    rt_cmsis.o(i.isrMessagePut) refers to rt_mailbox.o(i.isr_mbx_send) for isr_mbx_send
    rt_cmsis.o(i.osDelay) refers to rt_cmsis.o(i.svcDelay) for svcDelay
    rt_cmsis.o(i.osKernelInitialize) refers to rt_cmsis.o(i.svcKernelInitialize) for svcKernelInitialize
    rt_cmsis.o(i.osKernelRunning) refers to rt_cmsis.o(i.svcKernelRunning) for svcKernelRunning
    rt_cmsis.o(i.osKernelRunning) refers to rt_cmsis.o(.data) for .data
    rt_cmsis.o(i.osKernelStart) refers to rtx_conf_cm.o(.constdata) for os_flags
[...]
    libshutdown.o(.ARM.Collect$$libshutdown$$00000000) refers (Special) to libshutdown2.o(.ARM.Collect$$libshutdown$$0000000F) for __rt_lib_shutdown_return
    libshutdown.o(.ARM.Collect$$libshutdown$$00000000) refers (Special) to libshutdown2.o(.ARM.Collect$$libshutdown$$00000009) for __rt_lib_shutdown_signal_1
    libshutdown.o(.ARM.Collect$$libshutdown$$00000000) refers (Special) to libshutdown2.o(.ARM.Collect$$libshutdown$$00000003) for __rt_lib_shutdown_stdio_1
    libshutdown.o(.ARM.Collect$$libshutdown$$00000000) refers (Special) to libshutdown2.o(.ARM.Collect$$libshutdown$$0000000B) for __rt_lib_shutdown_user_alloc_1
    sys_command.o(.text) refers (Special) to use_no_semi.o(.text) for __I$use$semihosting
    sys_command.o(.text) refers (Special) to indicate_semi.o(.text) for __semihosting_library_function
    defsig_rtmem_outer.o(.text) refers to defsig_rtmem_inner.o(.text) for __rt_SIGRTMEM_inner
    defsig_rtmem_outer.o(.text) refers to defsig_exit.o(.text) for __sig_exit
    defsig_rtmem_formal.o(.text) refers to rt_raise.o(.text) for __rt_raise
    rt_raise.o(.text) refers to __raise.o(.text) for __raise
    rt_raise.o(.text) refers to sys_exit.o(.text) for _sys_exit
    defsig_exit.o(.text) refers to sys_exit.o(.text) for _sys_exit
    defsig_rtmem_inner.o(.text) refers to defsig_general.o(.text) for __default_signal_display
    __raise.o(.text) refers to defsig.o(CL$$defsig) for __default_signal_handler
    defsig_general.o(.text) refers to sys_wrch.o(.text) for _ttywrch
    sys_wrch.o(.text) refers (Special) to use_no_semi.o(.text) for __I$use$semihosting
    sys_wrch.o(.text) refers (Special) to indicate_semi.o(.text) for __semihosting_library_function
    defsig.o(CL$$defsig) refers to defsig_rtmem_inner.o(.text) for __rt_SIGRTMEM_inner
    defsig_abrt_inner.o(.text) refers to defsig_general.o(.text) for __default_signal_display
    defsig_fpe_inner.o(.text) refers to defsig_general.o(.text) for __default_signal_display
    defsig_rtred_inner.o(.text) refers to defsig_general.o(.text) for __default_signal_display
    defsig_stak_inner.o(.text) refers to defsig_general.o(.text) for __default_signal_display
    defsig_pvfn_inner.o(.text) refers to defsig_general.o(.text) for __default_signal_display
    defsig_cppl_inner.o(.text) refers to defsig_general.o(.text) for __default_signal_display
    defsig_segv_inner.o(.text) refers to defsig_general.o(.text) for __default_signal_display
    defsig_other.o(.text) refers to defsig_general.o(.text) for __default_signal_display


==============================================================================

Removing Unused input sections from the image.

    Removing main.o(.rev16_text), (4 bytes).
    Removing main.o(.revsh_text), (4 bytes).
    Removing stm32f30x_adc.o(.rev16_text), (4 bytes).
    Removing stm32f30x_adc.o(.revsh_text), (4 bytes).
    Removing stm32f30x_adc.o(.text), (2064 bytes).
    Removing stm32f30x_can.o(.rev16_text), (4 bytes).
    Removing stm32f30x_can.o(.revsh_text), (4 bytes).
    Removing stm32f30x_can.o(.text), (2528 bytes).
    Removing stm32f30x_comp.o(.rev16_text), (4 bytes).
    Removing stm32f30x_comp.o(.revsh_text), (4 bytes).
    Removing stm32f30x_comp.o(.text), (244 bytes).
    Removing stm32f30x_crc.o(.rev16_text), (4 bytes).
    Removing stm32f30x_crc.o(.revsh_text), (4 bytes).
    Removing stm32f30x_crc.o(.text), (208 bytes).
    Removing stm32f30x_dac.o(.rev16_text), (4 bytes).
    Removing stm32f30x_dac.o(.revsh_text), (4 bytes).
    Removing stm32f30x_dac.o(.text), (528 bytes).
    Removing stm32f30x_dbgmcu.o(.rev16_text), (4 bytes).
    Removing stm32f30x_dbgmcu.o(.revsh_text), (4 bytes).
    Removing stm32f30x_dbgmcu.o(.text), (100 bytes).
    Removing stm32f30x_dma.o(.rev16_text), (4 bytes).
    Removing stm32f30x_dma.o(.revsh_text), (4 bytes).
    Removing stm32f30x_dma.o(.text), (596 bytes).
    Removing stm32f30x_exti.o(.rev16_text), (4 bytes).
    Removing stm32f30x_exti.o(.revsh_text), (4 bytes).
    Removing stm32f30x_exti.o(.text), (632 bytes).
    Removing stm32f30x_flash.o(.rev16_text), (4 bytes).
    Removing stm32f30x_flash.o(.revsh_text), (4 bytes).
    Removing stm32f30x_flash.o(.text), (1520 bytes).
    Removing stm32f30x_gpio.o(.rev16_text), (4 bytes).
    Removing stm32f30x_gpio.o(.revsh_text), (4 bytes).
    Removing stm32f30x_gpio.o(.text), (500 bytes).
    Removing stm32f30x_i2c.o(.rev16_text), (4 bytes).
    Removing stm32f30x_i2c.o(.revsh_text), (4 bytes).
    Removing stm32f30x_i2c.o(.text), (1008 bytes).
    Removing stm32f30x_iwdg.o(.rev16_text), (4 bytes).
    Removing stm32f30x_iwdg.o(.revsh_text), (4 bytes).
    Removing stm32f30x_iwdg.o(.text), (68 bytes).
    Removing stm32f30x_misc.o(.rev16_text), (4 bytes).
    Removing stm32f30x_misc.o(.revsh_text), (4 bytes).
    Removing stm32f30x_misc.o(.text), (220 bytes).
    Removing stm32f30x_opamp.o(.rev16_text), (4 bytes).
    Removing stm32f30x_opamp.o(.revsh_text), (4 bytes).
    Removing stm32f30x_opamp.o(.text), (448 bytes).
    Removing stm32f30x_pwr.o(.rev16_text), (4 bytes).
    Removing stm32f30x_pwr.o(.revsh_text), (4 bytes).
    Removing stm32f30x_pwr.o(.text), (244 bytes).
    Removing stm32f30x_rcc.o(.rev16_text), (4 bytes).
    Removing stm32f30x_rcc.o(.revsh_text), (4 bytes).
    Removing stm32f30x_rcc.o(.text), (2080 bytes).
    Removing stm32f30x_rcc.o(.data), (42 bytes).
    Removing stm32f30x_rtc.o(.rev16_text), (4 bytes).
    Removing stm32f30x_rtc.o(.revsh_text), (4 bytes).
    Removing stm32f30x_rtc.o(.text), (3280 bytes).
    Removing stm32f30x_spi.o(.rev16_text), (4 bytes).
    Removing stm32f30x_spi.o(.revsh_text), (4 bytes).
    Removing stm32f30x_spi.o(.text), (1050 bytes).
    Removing stm32f30x_syscfg.o(.rev16_text), (4 bytes).
    Removing stm32f30x_syscfg.o(.revsh_text), (4 bytes).
    Removing stm32f30x_syscfg.o(.text), (340 bytes).
    Removing stm32f30x_tim.o(.rev16_text), (4 bytes).
    Removing stm32f30x_tim.o(.revsh_text), (4 bytes).
    Removing stm32f30x_tim.o(.text), (3452 bytes).
    Removing stm32f30x_usart.o(.rev16_text), (4 bytes).
    Removing stm32f30x_usart.o(.revsh_text), (4 bytes).
    Removing stm32f30x_usart.o(.text), (1338 bytes).
    Removing stm32f30x_wwdg.o(.rev16_text), (4 bytes).
    Removing stm32f30x_wwdg.o(.revsh_text), (4 bytes).
    Removing stm32f30x_wwdg.o(.text), (144 bytes).
    Removing buttons_stm32f3-discovery.o(.rev16_text), (4 bytes).
    Removing buttons_stm32f3-discovery.o(.revsh_text), (4 bytes).
    Removing buttons_stm32f3-discovery.o(.text), (100 bytes).
    Removing led_stm32f3-discovery.o(.rev16_text), (4 bytes).
    Removing led_stm32f3-discovery.o(.revsh_text), (4 bytes).
    Removing system_stm32f30x.o(.rev16_text), (4 bytes).
    Removing system_stm32f30x.o(.revsh_text), (4 bytes).
    Removing rt_cmsis.o(.rev16_text), (4 bytes).
    Removing rt_cmsis.o(.revsh_text), (4 bytes).
    Removing rt_cmsis.o(i.osKernelRunning), (36 bytes).
    Removing rt_cmsis.o(i.osKernelSysTick), (24 bytes).
    Removing rt_cmsis.o(i.osMailAlloc), (32 bytes).
    Removing rt_cmsis.o(i.osMailCAlloc), (32 bytes).
    Removing rt_cmsis.o(i.osMailCreate), (48 bytes).
    Removing rt_cmsis.o(i.osMailFree), (28 bytes).
    Removing rt_cmsis.o(i.osMailGet), (22 bytes).
    Removing rt_cmsis.o(i.osMailPut), (20 bytes).
    Removing rt_cmsis.o(i.osMessageCreate), (48 bytes).
    Removing rt_cmsis.o(i.osMessagePut), (24 bytes).
    Removing rt_cmsis.o(i.osMutexCreate), (48 bytes).
    Removing rt_cmsis.o(i.osMutexDelete), (24 bytes).
    Removing rt_cmsis.o(i.osMutexRelease), (24 bytes).
    Removing rt_cmsis.o(i.osMutexWait), (24 bytes).
    Removing rt_cmsis.o(i.osPoolAlloc), (36 bytes).
    Removing rt_cmsis.o(i.osPoolCAlloc), (36 bytes).
    Removing rt_cmsis.o(i.osPoolCreate), (48 bytes).
    Removing rt_cmsis.o(i.osPoolFree), (32 bytes).
    Removing rt_cmsis.o(i.osSemaphoreCreate), (48 bytes).
    Removing rt_cmsis.o(i.osSemaphoreDelete), (24 bytes).
    Removing rt_cmsis.o(i.osSemaphoreRelease), (60 bytes).
    Removing rt_cmsis.o(i.osSemaphoreWait), (24 bytes).
    Removing rt_cmsis.o(i.osSignalClear), (24 bytes).
    Removing rt_cmsis.o(i.osSignalSet), (52 bytes).
    Removing rt_cmsis.o(i.osSignalWait), (24 bytes).
    Removing rt_cmsis.o(i.osThreadGetId), (24 bytes).
    Removing rt_cmsis.o(i.osThreadGetPriority), (24 bytes).
    Removing rt_cmsis.o(i.osThreadSetPriority), (24 bytes).
    Removing rt_cmsis.o(i.osThreadTerminate), (24 bytes).
    Removing rt_cmsis.o(i.osThreadYield), (24 bytes).
    Removing rt_cmsis.o(i.osTimerCreate), (52 bytes).
    Removing rt_cmsis.o(i.osTimerDelete), (24 bytes).
    Removing rt_cmsis.o(i.osTimerStart), (24 bytes).
    Removing rt_cmsis.o(i.osTimerStop), (24 bytes).
    Removing rt_cmsis.o(i.osWait), (4 bytes).
    Removing rt_cmsis.o(i.os_resume), (12 bytes).
    Removing rt_cmsis.o(i.os_suspend), (12 bytes).
    Removing rt_cmsis.o(i.rt_clr_box), (20 bytes).
    Removing rt_cmsis.o(i.rt_timer_remove), (60 bytes).
    Removing rt_cmsis.o(i.svcKernelRunning), (12 bytes).
    Removing rt_cmsis.o(i.svcKernelSysTick), (56 bytes).
    Removing rt_cmsis.o(i.svcMailCreate), (66 bytes).
    Removing rt_cmsis.o(i.svcMessagePut), (54 bytes).
    Removing rt_cmsis.o(i.svcMutexCreate), (28 bytes).
    Removing rt_cmsis.o(i.svcMutexDelete), (26 bytes).
    Removing rt_cmsis.o(i.svcMutexRelease), (34 bytes).
    Removing rt_cmsis.o(i.svcMutexWait), (54 bytes).
    Removing rt_cmsis.o(i.svcPoolCreate), (40 bytes).
    Removing rt_cmsis.o(i.svcSemaphoreCreate), (36 bytes).
    Removing rt_cmsis.o(i.svcSemaphoreDelete), (26 bytes).
    Removing rt_cmsis.o(i.svcSemaphoreRelease), (40 bytes).
    Removing rt_cmsis.o(i.svcSemaphoreWait), (50 bytes).
    Removing rt_cmsis.o(i.svcSignalClear), (36 bytes).
    Removing rt_cmsis.o(i.svcSignalSet), (36 bytes).
    Removing rt_cmsis.o(i.svcSignalWait), (84 bytes).
    Removing rt_cmsis.o(i.svcThreadGetPriority), (18 bytes).
    Removing rt_cmsis.o(i.svcThreadSetPriority), (46 bytes).
    Removing rt_cmsis.o(i.svcThreadYield), (10 bytes).
    Removing rt_cmsis.o(i.svcTimerCreate), (56 bytes).
    Removing rt_cmsis.o(i.svcTimerDelete), (40 bytes).
    Removing rt_cmsis.o(i.svcTimerStart), (72 bytes).
    Removing rt_cmsis.o(i.svcTimerStop), (36 bytes).
    Removing rt_cmsis.o(i.sysMailAlloc), (112 bytes).
    Removing rt_cmsis.o(i.sysMailFree), (96 bytes).
    Removing rt_cmsis.o(i.sysPoolAlloc), (32 bytes).
    Removing rt_cmsis.o(i.sysPoolFree), (20 bytes).
    Removing rt_cmsis.o(i.sysUserTimerUpdate), (48 bytes).
    Removing rt_cmsis.o(i.sysUserTimerWakeupTime), (20 bytes).
    Removing rt_task.o(i.rt_tsk_pass), (48 bytes).
    Removing rt_mutex.o(i.rt_mut_delete), (176 bytes).
    Removing rt_system.o(.emb_text), (0 bytes).
    Removing rt_system.o(i.os_tick_ovf), (16 bytes).
    Removing rt_system.o(i.os_tick_val), (20 bytes).
    Removing rt_system.o(i.rt_resume), (136 bytes).
    Removing rt_system.o(i.rt_suspend), (36 bytes).
    Removing rt_system.o(i.rt_tsk_lock), (80 bytes).
    Removing rt_system.o(i.rt_tsk_unlock), (80 bytes).
    Removing rt_event.o(i.isr_evt_set), (40 bytes).
    Removing rt_event.o(i.rt_evt_clr), (28 bytes).
    Removing rt_event.o(i.rt_evt_get), (12 bytes).
    Removing rt_event.o(i.rt_evt_set), (92 bytes).
    Removing rt_event.o(i.rt_evt_wait), (60 bytes).
    Removing rt_list.o(i.rt_get_same_rdy_prio), (36 bytes).
    Removing rt_mailbox.o(i.rt_mbx_send), (152 bytes).
    Removing rt_semaphore.o(i.isr_sem_send), (16 bytes).
    Removing rt_semaphore.o(i.rt_sem_delete), (92 bytes).
    Removing rt_semaphore.o(i.rt_sem_init), (12 bytes).
    Removing rt_semaphore.o(i.rt_sem_send), (42 bytes).
    Removing rt_semaphore.o(i.rt_sem_wait), (64 bytes).
    Removing rt_time.o(i.rt_itv_set), (24 bytes).
    Removing rt_time.o(i.rt_itv_wait), (44 bytes).
    Removing rt_time.o(i.rt_time_get), (12 bytes).
    Removing rt_membox.o(i._calloc_box), (30 bytes).

171 unused section(s) (total 26776 bytes) removed from the image.

==============================================================================

Image Symbol Table

    Local Symbols

    Symbol Name                              Value     Ov Type        Size  Object(Section)

    ../clib/angel/boardlib.s                 0x00000000   Number         0  boardshut.o ABSOLUTE
    ../clib/angel/handlers.s                 0x00000000   Number         0  __scatter_copy.o ABSOLUTE
    ../clib/angel/handlers.s                 0x00000000   Number         0  __scatter_zi.o ABSOLUTE
    ../clib/angel/kernel.s                   0x00000000   Number         0  rtexit.o ABSOLUTE
    ../clib/angel/kernel.s                   0x00000000   Number         0  rtexit2.o ABSOLUTE
    ../clib/angel/rt.s                       0x00000000   Number         0  rt_raise.o ABSOLUTE
    ../clib/angel/scatter.s                  0x00000000   Number         0  __scatter.o ABSOLUTE
    ../clib/angel/startup.s                  0x00000000   Number         0  __main.o ABSOLUTE
    ../clib/angel/sys.s                      0x00000000   Number         0  indicate_semi.o ABSOLUTE
    ../clib/angel/sys.s                      0x00000000   Number         0  libspace.o ABSOLUTE
    ../clib/angel/sys.s                      0x00000000   Number         0  sys_stackheap_outer.o ABSOLUTE
    ../clib/angel/sys.s                      0x00000000   Number         0  use_no_semi.o ABSOLUTE
    ../clib/angel/sysapp.c                   0x00000000   Number         0  sys_command.o ABSOLUTE
    ../clib/angel/sysapp.c                   0x00000000   Number         0  sys_wrch.o ABSOLUTE
    ../clib/angel/sysapp.c                   0x00000000   Number         0  sys_exit.o ABSOLUTE
    ../clib/armsys.c                         0x00000000   Number         0  _get_argv_nomalloc.o ABSOLUTE
    ../clib/armsys.c                         0x00000000   Number         0  no_argv.o ABSOLUTE
    ../clib/armsys.c                         0x00000000   Number         0  argv_veneer.o ABSOLUTE
    ../clib/armsys.c                         0x00000000   Number         0  argv_veneer.o ABSOLUTE
    ../clib/heapalloc.c                      0x00000000   Number         0  hrguard.o ABSOLUTE
    ../clib/heapaux.c                        0x00000000   Number         0  heapauxi.o ABSOLUTE
    ../clib/libinit.s                        0x00000000   Number         0  libinit.o ABSOLUTE
    ../clib/libinit.s                        0x00000000   Number         0  libinit2.o ABSOLUTE
    ../clib/libinit.s                        0x00000000   Number         0  libshutdown2.o ABSOLUTE
    ../clib/libinit.s                        0x00000000   Number         0  libshutdown.o ABSOLUTE
    ../clib/signal.c                         0x00000000   Number         0  defsig_segv_inner.o ABSOLUTE
    ../clib/signal.c                         0x00000000   Number         0  defsig_other.o ABSOLUTE
    ../clib/signal.c                         0x00000000   Number         0  defsig_rtmem_formal.o ABSOLUTE
    ../clib/signal.c                         0x00000000   Number         0  defsig_rtred_inner.o ABSOLUTE
    ../clib/signal.c                         0x00000000   Number         0  defsig_cppl_inner.o ABSOLUTE
    ../clib/signal.c                         0x00000000   Number         0  defsig_rtmem_outer.o ABSOLUTE
    ../clib/signal.c                         0x00000000   Number         0  defsig_exit.o ABSOLUTE
    ../clib/signal.c                         0x00000000   Number         0  defsig_rtmem_inner.o ABSOLUTE
    ../clib/signal.c                         0x00000000   Number         0  __raise.o ABSOLUTE
    ../clib/signal.c                         0x00000000   Number         0  defsig_general.o ABSOLUTE
    ../clib/signal.c                         0x00000000   Number         0  defsig_abrt_inner.o ABSOLUTE
    ../clib/signal.c                         0x00000000   Number         0  defsig_fpe_inner.o ABSOLUTE
    ../clib/signal.c                         0x00000000   Number         0  defsig_stak_inner.o ABSOLUTE
    ../clib/signal.c                         0x00000000   Number         0  defsig_pvfn_inner.o ABSOLUTE
    ../clib/signal.s                         0x00000000   Number         0  defsig.o ABSOLUTE
    ../clib/stdlib.c                         0x00000000   Number         0  exit.o ABSOLUTE
    ../fplib/fpinit.s                        0x00000000   Number         0  fpinit.o ABSOLUTE
    ..\HAL_CM.c                              0x00000000   Number         0  hal_cm.o ABSOLUTE
    ..\SRC\main.c                            0x00000000   Number         0  main.o ABSOLUTE
    ..\STD\src\stm32f30x_adc.c               0x00000000   Number         0  stm32f30x_adc.o ABSOLUTE
    ..\STD\src\stm32f30x_can.c               0x00000000   Number         0  stm32f30x_can.o ABSOLUTE
    ..\STD\src\stm32f30x_comp.c              0x00000000   Number         0  stm32f30x_comp.o ABSOLUTE
    ..\STD\src\stm32f30x_crc.c               0x00000000   Number         0  stm32f30x_crc.o ABSOLUTE
    ..\STD\src\stm32f30x_dac.c               0x00000000   Number         0  stm32f30x_dac.o ABSOLUTE
    ..\STD\src\stm32f30x_dbgmcu.c            0x00000000   Number         0  stm32f30x_dbgmcu.o ABSOLUTE
    ..\STD\src\stm32f30x_dma.c               0x00000000   Number         0  stm32f30x_dma.o ABSOLUTE
    ..\STD\src\stm32f30x_exti.c              0x00000000   Number         0  stm32f30x_exti.o ABSOLUTE
    ..\STD\src\stm32f30x_flash.c             0x00000000   Number         0  stm32f30x_flash.o ABSOLUTE
    ..\STD\src\stm32f30x_gpio.c              0x00000000   Number         0  stm32f30x_gpio.o ABSOLUTE
    ..\STD\src\stm32f30x_i2c.c               0x00000000   Number         0  stm32f30x_i2c.o ABSOLUTE
    ..\STD\src\stm32f30x_iwdg.c              0x00000000   Number         0  stm32f30x_iwdg.o ABSOLUTE
    ..\STD\src\stm32f30x_misc.c              0x00000000   Number         0  stm32f30x_misc.o ABSOLUTE
    ..\STD\src\stm32f30x_opamp.c             0x00000000   Number         0  stm32f30x_opamp.o ABSOLUTE
    ..\STD\src\stm32f30x_pwr.c               0x00000000   Number         0  stm32f30x_pwr.o ABSOLUTE
    ..\STD\src\stm32f30x_rcc.c               0x00000000   Number         0  stm32f30x_rcc.o ABSOLUTE
    ..\STD\src\stm32f30x_rtc.c               0x00000000   Number         0  stm32f30x_rtc.o ABSOLUTE
    ..\STD\src\stm32f30x_spi.c               0x00000000   Number         0  stm32f30x_spi.o ABSOLUTE
    ..\STD\src\stm32f30x_syscfg.c            0x00000000   Number         0  stm32f30x_syscfg.o ABSOLUTE
    ..\STD\src\stm32f30x_tim.c               0x00000000   Number         0  stm32f30x_tim.o ABSOLUTE
    ..\STD\src\stm32f30x_usart.c             0x00000000   Number         0  stm32f30x_usart.o ABSOLUTE
    ..\STD\src\stm32f30x_wwdg.c              0x00000000   Number         0  stm32f30x_wwdg.o ABSOLUTE
    ..\\SRC\\main.c                          0x00000000   Number         0  main.o ABSOLUTE
    ..\\STD\\src\\stm32f30x_adc.c            0x00000000   Number         0  stm32f30x_adc.o ABSOLUTE
    ..\\STD\\src\\stm32f30x_can.c            0x00000000   Number         0  stm32f30x_can.o ABSOLUTE
    ..\\STD\\src\\stm32f30x_comp.c           0x00000000   Number         0  stm32f30x_comp.o ABSOLUTE
    ..\\STD\\src\\stm32f30x_crc.c            0x00000000   Number         0  stm32f30x_crc.o ABSOLUTE
    ..\\STD\\src\\stm32f30x_dac.c            0x00000000   Number         0  stm32f30x_dac.o ABSOLUTE
    ..\\STD\\src\\stm32f30x_dbgmcu.c         0x00000000   Number         0  stm32f30x_dbgmcu.o ABSOLUTE
    ..\\STD\\src\\stm32f30x_dma.c            0x00000000   Number         0  stm32f30x_dma.o ABSOLUTE
    ..\\STD\\src\\stm32f30x_exti.c           0x00000000   Number         0  stm32f30x_exti.o ABSOLUTE
    ..\\STD\\src\\stm32f30x_flash.c          0x00000000   Number         0  stm32f30x_flash.o ABSOLUTE
    ..\\STD\\src\\stm32f30x_gpio.c           0x00000000   Number         0  stm32f30x_gpio.o ABSOLUTE
    ..\\STD\\src\\stm32f30x_i2c.c            0x00000000   Number         0  stm32f30x_i2c.o ABSOLUTE
    ..\\STD\\src\\stm32f30x_iwdg.c           0x00000000   Number         0  stm32f30x_iwdg.o ABSOLUTE
    ..\\STD\\src\\stm32f30x_misc.c           0x00000000   Number         0  stm32f30x_misc.o ABSOLUTE
    ..\\STD\\src\\stm32f30x_opamp.c          0x00000000   Number         0  stm32f30x_opamp.o ABSOLUTE
    ..\\STD\\src\\stm32f30x_pwr.c            0x00000000   Number         0  stm32f30x_pwr.o ABSOLUTE
    ..\\STD\\src\\stm32f30x_rcc.c            0x00000000   Number         0  stm32f30x_rcc.o ABSOLUTE
    ..\\STD\\src\\stm32f30x_rtc.c            0x00000000   Number         0  stm32f30x_rtc.o ABSOLUTE
    ..\\STD\\src\\stm32f30x_spi.c            0x00000000   Number         0  stm32f30x_spi.o ABSOLUTE
    ..\\STD\\src\\stm32f30x_syscfg.c         0x00000000   Number         0  stm32f30x_syscfg.o ABSOLUTE
    ..\\STD\\src\\stm32f30x_tim.c            0x00000000   Number         0  stm32f30x_tim.o ABSOLUTE
    ..\\STD\\src\\stm32f30x_usart.c          0x00000000   Number         0  stm32f30x_usart.o ABSOLUTE
    ..\\STD\\src\\stm32f30x_wwdg.c           0x00000000   Number         0  stm32f30x_wwdg.o ABSOLUTE
    ..\\rt_CMSIS.c                           0x00000000   Number         0  rt_cmsis.o ABSOLUTE
    ..\\rt_System.c                          0x00000000   Number         0  rt_system.o ABSOLUTE
    ..\rt_CMSIS.c                            0x00000000   Number         0  rt_cmsis.o ABSOLUTE
    ..\rt_Event.c                            0x00000000   Number         0  rt_event.o ABSOLUTE
    ..\rt_List.c                             0x00000000   Number         0  rt_list.o ABSOLUTE
    ..\rt_Mailbox.c                          0x00000000   Number         0  rt_mailbox.o ABSOLUTE
    ..\rt_MemBox.c                           0x00000000   Number         0  rt_membox.o ABSOLUTE
    ..\rt_Memory.c                           0x00000000   Number         0  rt_memory.o ABSOLUTE
    ..\rt_Mutex.c                            0x00000000   Number         0  rt_mutex.o ABSOLUTE
    ..\rt_Robin.c                            0x00000000   Number         0  rt_robin.o ABSOLUTE
    ..\rt_Semaphore.c                        0x00000000   Number         0  rt_semaphore.o ABSOLUTE
    ..\rt_System.c                           0x00000000   Number         0  rt_system.o ABSOLUTE
    ..\rt_Task.c                             0x00000000   Number         0  rt_task.o ABSOLUTE
    ..\rt_Time.c                             0x00000000   Number         0  rt_time.o ABSOLUTE
    C:\Keil_v5\ARM\PACK\Keil\STM32F3xx_DFP\1.1.0\Boards\ST\STM32F3-Discovery\Common\Buttons_STM32F3-Discovery.c 0x00000000   Number         0  buttons_stm32f3-discovery.o ABSOLUTE
    C:\Keil_v5\ARM\PACK\Keil\STM32F3xx_DFP\1.1.0\Boards\ST\STM32F3-Discovery\Common\LED_STM32F3-Discovery.c 0x00000000   Number         0  led_stm32f3-discovery.o ABSOLUTE
    C:\\Keil_v5\\ARM\\PACK\\Keil\\STM32F3xx_DFP\\1.1.0\\Boards\\ST\\STM32F3-Discovery\\Common\\Buttons_STM32F3-Discovery.c 0x00000000   Number         0  buttons_stm32f3-discovery.o ABSOLUTE
    C:\\Keil_v5\\ARM\\PACK\\Keil\\STM32F3xx_DFP\\1.1.0\\Boards\\ST\\STM32F3-Discovery\\Common\\LED_STM32F3-Discovery.c 0x00000000   Number         0  led_stm32f3-discovery.o ABSOLUTE
    HAL_CM4.c                                0x00000000   Number         0  hal_cm4.o ABSOLUTE
    HAL_CM4.c                                0x00000000   Number         0  hal_cm4.o ABSOLUTE
    RTE\CMSIS\RTX_Conf_CM.c                  0x00000000   Number         0  rtx_conf_cm.o ABSOLUTE
    RTE\Device\STM32F303VC\startup_stm32f303xc.s 0x00000000   Number         0  startup_stm32f303xc.o ABSOLUTE
    RTE\Device\STM32F303VC\system_stm32f30x.c 0x00000000   Number         0  system_stm32f30x.o ABSOLUTE
    RTE\\CMSIS\\RTX_Conf_CM.c                0x00000000   Number         0  rtx_conf_cm.o ABSOLUTE
    RTE\\Device\\STM32F303VC\\system_stm32f30x.c 0x00000000   Number         0  system_stm32f30x.o ABSOLUTE
    SVC_Table.s                              0x00000000   Number         0  svc_table.o ABSOLUTE
    dc.s                                     0x00000000   Number         0  dc.o ABSOLUTE
    RESET                                    0x08000000   Section      392  startup_stm32f303xc.o(RESET)
    !!!main                                  0x08000188   Section        8  __main.o(!!!main)
    !!!scatter                               0x08000190   Section       52  __scatter.o(!!!scatter)
    !!handler_copy                           0x080001c4   Section       26  __scatter_copy.o(!!handler_copy)
    !!handler_zi                             0x080001e0   Section       28  __scatter_zi.o(!!handler_zi)
    .ARM.Collect$$libinit$$00000000          0x080001fc   Section        2  libinit.o(.ARM.Collect$$libinit$$00000000)
    .ARM.Collect$$libinit$$00000001          0x080001fe   Section        4  libinit2.o(.ARM.Collect$$libinit$$00000001)
    .ARM.Collect$$libinit$$00000004          0x08000202   Section        0  libinit2.o(.ARM.Collect$$libinit$$00000004)
    .ARM.Collect$$libinit$$0000000A          0x08000202   Section        0  libinit2.o(.ARM.Collect$$libinit$$0000000A)
    .ARM.Collect$$libinit$$0000000C          0x08000202   Section        0  libinit2.o(.ARM.Collect$$libinit$$0000000C)
    .ARM.Collect$$libinit$$0000000E          0x08000202   Section        0  libinit2.o(.ARM.Collect$$libinit$$0000000E)
    .ARM.Collect$$libinit$$00000011          0x08000202   Section        0  libinit2.o(.ARM.Collect$$libinit$$00000011)
    .ARM.Collect$$libinit$$00000013          0x08000202   Section        0  libinit2.o(.ARM.Collect$$libinit$$00000013)
    .ARM.Collect$$libinit$$00000015          0x08000202   Section        0  libinit2.o(.ARM.Collect$$libinit$$00000015)
    .ARM.Collect$$libinit$$00000017          0x08000202   Section        0  libinit2.o(.ARM.Collect$$libinit$$00000017)
    .ARM.Collect$$libinit$$00000019          0x08000202   Section        0  libinit2.o(.ARM.Collect$$libinit$$00000019)
    .ARM.Collect$$libinit$$0000001B          0x08000202   Section        0  libinit2.o(.ARM.Collect$$libinit$$0000001B)
    .ARM.Collect$$libinit$$0000001D          0x08000202   Section        0  libinit2.o(.ARM.Collect$$libinit$$0000001D)
    .ARM.Collect$$libinit$$0000001F          0x08000202   Section        0  libinit2.o(.ARM.Collect$$libinit$$0000001F)
    .ARM.Collect$$libinit$$00000021          0x08000202   Section        0  libinit2.o(.ARM.Collect$$libinit$$00000021)
    .ARM.Collect$$libinit$$00000023          0x08000202   Section        0  libinit2.o(.ARM.Collect$$libinit$$00000023)
    .ARM.Collect$$libinit$$00000025          0x08000202   Section        0  libinit2.o(.ARM.Collect$$libinit$$00000025)
    .ARM.Collect$$libinit$$0000002C          0x08000202   Section        0  libinit2.o(.ARM.Collect$$libinit$$0000002C)
    .ARM.Collect$$libinit$$0000002E          0x08000202   Section        0  libinit2.o(.ARM.Collect$$libinit$$0000002E)
    .ARM.Collect$$libinit$$00000030          0x08000202   Section        0  libinit2.o(.ARM.Collect$$libinit$$00000030)
    .ARM.Collect$$libinit$$00000032          0x08000202   Section        0  libinit2.o(.ARM.Collect$$libinit$$00000032)
    .ARM.Collect$$libinit$$00000033          0x08000202   Section        2  libinit2.o(.ARM.Collect$$libinit$$00000033)
    .ARM.Collect$$libshutdown$$00000000      0x08000204   Section        2  libshutdown.o(.ARM.Collect$$libshutdown$$00000000)
    .ARM.Collect$$libshutdown$$00000003      0x08000206   Section        0  libshutdown2.o(.ARM.Collect$$libshutdown$$00000003)
    .ARM.Collect$$libshutdown$$00000006      0x08000206   Section        0  libshutdown2.o(.ARM.Collect$$libshutdown$$00000006)
    .ARM.Collect$$libshutdown$$00000009      0x08000206   Section        0  libshutdown2.o(.ARM.Collect$$libshutdown$$00000009)
    .ARM.Collect$$libshutdown$$0000000B      0x08000206   Section        0  libshutdown2.o(.ARM.Collect$$libshutdown$$0000000B)
    .ARM.Collect$$libshutdown$$0000000E      0x08000206   Section        0  libshutdown2.o(.ARM.Collect$$libshutdown$$0000000E)
    .ARM.Collect$$libshutdown$$0000000F      0x08000206   Section        2  libshutdown2.o(.ARM.Collect$$libshutdown$$0000000F)
    .ARM.Collect$$rtexit$$00000000           0x08000208   Section        2  rtexit.o(.ARM.Collect$$rtexit$$00000000)
    .ARM.Collect$$rtexit$$00000002           0x0800020a   Section        0  rtexit2.o(.ARM.Collect$$rtexit$$00000002)
    .ARM.Collect$$rtexit$$00000003           0x0800020a   Section        4  rtexit2.o(.ARM.Collect$$rtexit$$00000003)
    .ARM.Collect$$rtexit$$00000004           0x0800020e   Section        6  rtexit2.o(.ARM.Collect$$rtexit$$00000004)
    .emb_text                                0x08000214   Section       36  rtx_conf_cm.o(.emb_text)
    $v0                                      0x08000214   Number         0  rtx_conf_cm.o(.emb_text)
    .emb_text                                0x08000238   Section      384  hal_cm4.o(.emb_text)
    $v0                                      0x08000238   Number         0  hal_cm4.o(.emb_text)
    .text                                    0x080003b8   Section        0  main.o(.text)
    .text                                    0x080003f0   Section        0  led_stm32f3-discovery.o(.text)
    .text                                    0x080004c4   Section        0  rtx_conf_cm.o(.text)
    __tagsym$$used                           0x08000525   Number         0  rtx_conf_cm.o(.text)
    __tagsym$$used                           0x0800053b   Number         0  rtx_conf_cm.o(.text)
    .text                                    0x08000568   Section       64  startup_stm32f303xc.o(.text)
    $v0                                      0x08000568   Number         0  startup_stm32f303xc.o(.text)
    .text                                    0x080005a8   Section        0  system_stm32f30x.o(.text)
    SetSysClock                              0x080005a9   Thumb Code   188  system_stm32f30x.o(.text)
    .text                                    0x08000788   Section        8  libspace.o(.text)
    .text                                    0x08000790   Section       74  sys_stackheap_outer.o(.text)
    .text                                    0x080007da   Section        0  exit.o(.text)
    .text                                    0x080007e6   Section        0  heapauxi.o(.text)
    .text                                    0x080007ec   Section        0  sys_exit.o(.text)
    .text                                    0x080007f8   Section        2  use_no_semi.o(.text)
    .text                                    0x080007fa   Section        0  indicate_semi.o(.text)
    SVC_TABLE                                0x080007fc   Section        4  svc_table.o(SVC_TABLE)
    i._init_box                              0x08000800   Section        0  rt_membox.o(i._init_box)
    i.dbg_init                               0x08000848   Section        0  hal_cm.o(i.dbg_init)
    i.dbg_task_notify                        0x08000878   Section        0  hal_cm.o(i.dbg_task_notify)
    i.dbg_task_switch                        0x08000898   Section        0  hal_cm.o(i.dbg_task_switch)
    i.isrMessagePut                          0x080008a8   Section        0  rt_cmsis.o(i.isrMessagePut)
    isrMessagePut                            0x080008a9   Thumb Code    44  rt_cmsis.o(i.isrMessagePut)
    i.isr_mbx_receive                        0x080008d4   Section        0  rt_mailbox.o(i.isr_mbx_receive)
    i.isr_mbx_send                           0x08000924   Section        0  rt_mailbox.o(i.isr_mbx_send)
    i.osDelay                                0x08000934   Section        0  rt_cmsis.o(i.osDelay)
    i.osKernelInitialize                     0x0800094c   Section        0  rt_cmsis.o(i.osKernelInitialize)
    i.osKernelStart                          0x08000970   Section        0  rt_cmsis.o(i.osKernelStart)
    i.osMessageGet                           0x080009dc   Section        0  rt_cmsis.o(i.osMessageGet)
    i.osThreadCreate                         0x08000a20   Section        0  rt_cmsis.o(i.osThreadCreate)
    i.osThreadExit                           0x08000a50   Section        0  rt_cmsis.o(i.osThreadExit)
    i.osTimerCall                            0x08000a68   Section        0  rt_cmsis.o(i.osTimerCall)
    i.osTimerThread                          0x08000a74   Section        0  rt_cmsis.o(i.osTimerThread)
    i.os_tick_init                           0x08000aa0   Section        0  rt_system.o(i.os_tick_init)
    i.os_tick_irqack                         0x08000ac8   Section        0  rt_system.o(i.os_tick_irqack)
    i.rt_alloc_box                           0x08000aca   Section        0  rt_membox.o(i.rt_alloc_box)
    i.rt_alloc_mem                           0x08000ae4   Section        0  rt_memory.o(i.rt_alloc_mem)
    i.rt_block                               0x08000b20   Section        0  rt_task.o(i.rt_block)
    i.rt_chk_robin                           0x08000b58   Section        0  rt_robin.o(i.rt_chk_robin)
    i.rt_dec_dly                             0x08000ba0   Section        0  rt_list.o(i.rt_dec_dly)
    i.rt_dispatch                            0x08000c10   Section        0  rt_task.o(i.rt_dispatch)
    i.rt_dly_wait                            0x08000c54   Section        0  rt_time.o(i.rt_dly_wait)
    i.rt_evt_psh                             0x08000c5c   Section        0  rt_event.o(i.rt_evt_psh)
    i.rt_free_box                            0x08000cac   Section        0  rt_membox.o(i.rt_free_box)
    i.rt_free_mem                            0x08000ccc   Section        0  rt_memory.o(i.rt_free_mem)
    i.rt_get_first                           0x08000cf4   Section        0  rt_list.o(i.rt_get_first)
    i.rt_id2obj                              0x08000d1c   Section        0  rt_cmsis.o(i.rt_id2obj)
    rt_id2obj                                0x08000d1d   Thumb Code     8  rt_cmsis.o(i.rt_id2obj)
    i.rt_init_context                        0x08000d24   Section        0  rt_task.o(i.rt_init_context)
    rt_init_context                          0x08000d25   Thumb Code    66  rt_task.o(i.rt_init_context)
    i.rt_init_mem                            0x08000d6c   Section        0  rt_memory.o(i.rt_init_mem)
    i.rt_init_robin                          0x08000d88   Section        0  rt_robin.o(i.rt_init_robin)
    i.rt_init_stack                          0x08000da0   Section        0  hal_cm.o(i.rt_init_stack)
    i.rt_mbx_check                           0x08000df0   Section        0  rt_mailbox.o(i.rt_mbx_check)
    i.rt_mbx_init                            0x08000df8   Section        0  rt_mailbox.o(i.rt_mbx_init)
    i.rt_mbx_psh                             0x08000e14   Section        0  rt_mailbox.o(i.rt_mbx_psh)
    i.rt_mbx_wait                            0x08000f04   Section        0  rt_mailbox.o(i.rt_mbx_wait)
    i.rt_ms2tick                             0x08000fb4   Section        0  rt_cmsis.o(i.rt_ms2tick)
    rt_ms2tick                               0x08000fb5   Thumb Code    50  rt_cmsis.o(i.rt_ms2tick)
    i.rt_mut_init                            0x08000ff0   Section        0  rt_mutex.o(i.rt_mut_init)
    i.rt_mut_release                         0x08001000   Section        0  rt_mutex.o(i.rt_mut_release)
    i.rt_mut_wait                            0x080010d8   Section        0  rt_mutex.o(i.rt_mut_wait)
    i.rt_pop_req                             0x08001140   Section        0  rt_system.o(i.rt_pop_req)
    i.rt_psh_req                             0x080011bc   Section        0  rt_system.o(i.rt_psh_req)
    i.rt_psq_enq                             0x080011dc   Section        0  rt_list.o(i.rt_psq_enq)
    i.rt_put_dly                             0x08001234   Section        0  rt_list.o(i.rt_put_dly)
    i.rt_put_prio                            0x0800127c   Section        0  rt_list.o(i.rt_put_prio)
    i.rt_put_rdy_first                       0x080012b4   Section        0  rt_list.o(i.rt_put_rdy_first)
    i.rt_resort_prio                         0x080012c8   Section        0  rt_list.o(i.rt_resort_prio)
    i.rt_ret_regs                            0x080012fc   Section        0  hal_cm.o(i.rt_ret_regs)
    rt_ret_regs                              0x080012fd   Thumb Code    16  hal_cm.o(i.rt_ret_regs)
    i.rt_ret_val                             0x0800130c   Section        0  hal_cm.o(i.rt_ret_val)
    i.rt_ret_val2                            0x08001318   Section        0  hal_cm.o(i.rt_ret_val2)
    i.rt_rmv_dly                             0x08001328   Section        0  rt_list.o(i.rt_rmv_dly)
    i.rt_rmv_list                            0x08001350   Section        0  rt_list.o(i.rt_rmv_list)
    i.rt_sem_psh                             0x08001380   Section        0  rt_semaphore.o(i.rt_sem_psh)
    i.rt_stk_check                           0x080013b4   Section        0  rt_system.o(i.rt_stk_check)
    i.rt_switch_req                          0x080013d8   Section        0  rt_task.o(i.rt_switch_req)
    i.rt_sys_init                            0x08001400   Section        0  rt_task.o(i.rt_sys_init)
    i.rt_sys_start                           0x080014cc   Section        0  rt_task.o(i.rt_sys_start)
    i.rt_systick                             0x08001544   Section        0  rt_system.o(i.rt_systick)
    i.rt_tid2ptcb                            0x08001584   Section        0  rt_cmsis.o(i.rt_tid2ptcb)
    rt_tid2ptcb                              0x08001585   Thumb Code    18  rt_cmsis.o(i.rt_tid2ptcb)
    i.rt_timer_insert                        0x08001598   Section        0  rt_cmsis.o(i.rt_timer_insert)
    rt_timer_insert                          0x08001599   Thumb Code    50  rt_cmsis.o(i.rt_timer_insert)
    i.rt_tsk_create                          0x080015d0   Section        0  rt_task.o(i.rt_tsk_create)
    i.rt_tsk_delete                          0x08001654   Section        0  rt_task.o(i.rt_tsk_delete)
    i.rt_tsk_prio                            0x080017c8   Section        0  rt_task.o(i.rt_tsk_prio)
    i.rt_tsk_self                            0x08001844   Section        0  rt_task.o(i.rt_tsk_self)
    i.svcDelay                               0x08001854   Section        0  rt_cmsis.o(i.svcDelay)
    i.svcKernelInitialize                    0x08001868   Section        0  rt_cmsis.o(i.svcKernelInitialize)
    i.svcKernelStart                         0x080018d8   Section        0  rt_cmsis.o(i.svcKernelStart)
    i.svcMessageCreate                       0x08001920   Section        0  rt_cmsis.o(i.svcMessageCreate)
    i.svcMessageGet                          0x08001944   Section        0  rt_cmsis.o(i.svcMessageGet)
    i.svcThreadCreate                        0x08001980   Section        0  rt_cmsis.o(i.svcThreadCreate)
    i.svcThreadGetId                         0x080019f0   Section        0  rt_cmsis.o(i.svcThreadGetId)
    i.svcThreadTerminate                     0x08001a0c   Section        0  rt_cmsis.o(i.svcThreadTerminate)
    i.svcTimerCall                           0x08001a44   Section        0  rt_cmsis.o(i.svcTimerCall)
    i.sysTimerTick                           0x08001a5c   Section        0  rt_cmsis.o(i.sysTimerTick)
    x$fpl$fpinit                             0x08001ab0   Section       10  fpinit.o(x$fpl$fpinit)
    $v0                                      0x08001ab0   Number         0  fpinit.o(x$fpl$fpinit)
    .constdata                               0x08001abc   Section       16  main.o(.constdata)
    .constdata                               0x08001acc   Section       32  led_stm32f3-discovery.o(.constdata)
    .constdata                               0x08001aec   Section       86  rtx_conf_cm.o(.constdata)
    __tagsym$$used                           0x08001b08   Number         0  rtx_conf_cm.o(.constdata)
    __tagsym$$used                           0x08001b0c   Number         0  rtx_conf_cm.o(.constdata)
    __tagsym$$used                           0x08001b10   Number         0  rtx_conf_cm.o(.constdata)
    __tagsym$$used                           0x08001b14   Number         0  rtx_conf_cm.o(.constdata)
    .data                                    0x20000000   Section        4  main.o(.data)
    .data                                    0x20000004   Section       36  rtx_conf_cm.o(.data)
    nr_mutex                                 0x20000014   Data           4  rtx_conf_cm.o(.data)
    .data                                    0x20000028   Section       20  system_stm32f30x.o(.data)
    .data                                    0x2000003c   Section        8  rt_cmsis.o(.data)
    .data                                    0x20000044   Section        8  rt_task.o(.data)
    .data                                    0x2000004c   Section        8  rt_system.o(.data)
    os_lock                                  0x2000004c   Data           1  rt_system.o(.data)
    os_psh_flag                              0x2000004d   Data           1  rt_system.o(.data)
    pend_flags                               0x2000004e   Data           1  rt_system.o(.data)
    .data                                    0x20000054   Section        4  rt_time.o(.data)
    .data                                    0x20000058   Section        8  rt_robin.o(.data)
    .data                                    0x20000060   Section        1  hal_cm.o(.data)
    .bss                                     0x20000068   Section     1964  rtx_conf_cm.o(.bss)
    std_libspace                             0x20000614   Data         384  rtx_conf_cm.o(.bss)
    std_libmutex                             0x20000794   Data         128  rtx_conf_cm.o(.bss)
    .bss                                     0x20000814   Section       52  rt_task.o(.bss)
    .bss                                     0x20000848   Section       48  rt_list.o(.bss)
    .bss                                     0x20000878   Section       96  libspace.o(.bss)
    HEAP                                     0x200008d8   Section      512  startup_stm32f303xc.o(HEAP)
    Heap_Mem                                 0x200008d8   Data         512  startup_stm32f303xc.o(HEAP)
    STACK                                    0x20000ad8   Section     1024  startup_stm32f303xc.o(STACK)
    Stack_Mem                                0x20000ad8   Data        1024  startup_stm32f303xc.o(STACK)
    __initial_sp                             0x20000ed8   Data           0  startup_stm32f303xc.o(STACK)

    Global Symbols

    Symbol Name                              Value     Ov Type        Size  Object(Section)

    BuildAttributes$$THM_ISAv4$E$P$D$K$B$S$7EM$VFPi3$EXTD16$VFPS$VFMA$PE$A:L22UL41UL21$X:L11$S22US41US21$IEEE1$IW$USESV6$~STKCKD$USESV7$~SHL$OSPACE$ROPI$EBA8$UX$STANDARDLIB$REQ8$PRES8$EABIv2 0x00000000   Number         0  anon$$obj.o ABSOLUTE
    __ARM_use_no_argv                        0x00000000   Number         0  main.o ABSOLUTE
    __ARM_exceptions_init                     - Undefined Weak Reference
    __alloca_initialize                       - Undefined Weak Reference
    __arm_preinit_                            - Undefined Weak Reference
    __cpp_initialize__aeabi_                  - Undefined Weak Reference
    __cxa_finalize                            - Undefined Weak Reference
    __rt_locale                               - Undefined Weak Reference
    __sigvec_lookup                           - Undefined Weak Reference
    _atexit_init                              - Undefined Weak Reference
    _call_atexit_fns                          - Undefined Weak Reference
    _clock_init                               - Undefined Weak Reference
    _fp_trap_init                             - Undefined Weak Reference
    _fp_trap_shutdown                         - Undefined Weak Reference
    _get_lc_collate                           - Undefined Weak Reference
    _get_lc_ctype                             - Undefined Weak Reference
    _get_lc_monetary                          - Undefined Weak Reference
    _get_lc_numeric                           - Undefined Weak Reference
    _get_lc_time                              - Undefined Weak Reference
    _getenv_init                              - Undefined Weak Reference
    _handle_redirection                       - Undefined Weak Reference
    _init_alloc                               - Undefined Weak Reference
    _init_user_alloc                          - Undefined Weak Reference
    _initio                                   - Undefined Weak Reference
    _rand_init                                - Undefined Weak Reference
    _signal_finish                            - Undefined Weak Reference
    _signal_init                              - Undefined Weak Reference
    _terminate_alloc                          - Undefined Weak Reference
    _terminate_user_alloc                     - Undefined Weak Reference
    _terminateio                              - Undefined Weak Reference
    __Vectors_Size                           0x00000188   Number         0  startup_stm32f303xc.o ABSOLUTE
    __RL_RTX_VER                             0x00000473   Number         0  rt_system.o ABSOLUTE
    __Vectors                                0x08000000   Data           4  startup_stm32f303xc.o(RESET)
    __Vectors_End                            0x08000188   Data           0  startup_stm32f303xc.o(RESET)
    __main                                   0x08000189   Thumb Code     8  __main.o(!!!main)
    __scatterload                            0x08000191   Thumb Code     0  __scatter.o(!!!scatter)
    __scatterload_rt2                        0x08000191   Thumb Code    44  __scatter.o(!!!scatter)
    __scatterload_rt2_thumb_only             0x08000191   Thumb Code     0  __scatter.o(!!!scatter)
    __scatterload_null                       0x0800019f   Thumb Code     0  __scatter.o(!!!scatter)
    __scatterload_copy                       0x080001c5   Thumb Code    26  __scatter_copy.o(!!handler_copy)
    __scatterload_zeroinit                   0x080001e1   Thumb Code    28  __scatter_zi.o(!!handler_zi)
    __rt_lib_init                            0x080001fd   Thumb Code     0  libinit.o(.ARM.Collect$$libinit$$00000000)
    __rt_lib_init_fp_1                       0x080001ff   Thumb Code     0  libinit2.o(.ARM.Collect$$libinit$$00000001)
    __rt_lib_init_alloca_1                   0x08000203   Thumb Code     0  libinit2.o(.ARM.Collect$$libinit$$0000002E)
    __rt_lib_init_argv_1                     0x08000203   Thumb Code     0  libinit2.o(.ARM.Collect$$libinit$$0000002C)
    __rt_lib_init_atexit_1                   0x08000203   Thumb Code     0  libinit2.o(.ARM.Collect$$libinit$$0000001B)
    __rt_lib_init_clock_1                    0x08000203   Thumb Code     0  libinit2.o(.ARM.Collect$$libinit$$00000021)
    __rt_lib_init_cpp_1                      0x08000203   Thumb Code     0  libinit2.o(.ARM.Collect$$libinit$$00000032)
    __rt_lib_init_exceptions_1               0x08000203   Thumb Code     0  libinit2.o(.ARM.Collect$$libinit$$00000030)
    __rt_lib_init_fp_trap_1                  0x08000203   Thumb Code     0  libinit2.o(.ARM.Collect$$libinit$$0000001F)
    __rt_lib_init_getenv_1                   0x08000203   Thumb Code     0  libinit2.o(.ARM.Collect$$libinit$$00000023)
    __rt_lib_init_heap_1                     0x08000203   Thumb Code     0  libinit2.o(.ARM.Collect$$libinit$$0000000A)
    __rt_lib_init_lc_collate_1               0x08000203   Thumb Code     0  libinit2.o(.ARM.Collect$$libinit$$00000011)
    __rt_lib_init_lc_ctype_1                 0x08000203   Thumb Code     0  libinit2.o(.ARM.Collect$$libinit$$00000013)
    __rt_lib_init_lc_monetary_1              0x08000203   Thumb Code     0  libinit2.o(.ARM.Collect$$libinit$$00000015)
    __rt_lib_init_lc_numeric_1               0x08000203   Thumb Code     0  libinit2.o(.ARM.Collect$$libinit$$00000017)
    __rt_lib_init_lc_time_1                  0x08000203   Thumb Code     0  libinit2.o(.ARM.Collect$$libinit$$00000019)
    __rt_lib_init_preinit_1                  0x08000203   Thumb Code     0  libinit2.o(.ARM.Collect$$libinit$$00000004)
    __rt_lib_init_rand_1                     0x08000203   Thumb Code     0  libinit2.o(.ARM.Collect$$libinit$$0000000E)
    __rt_lib_init_return                     0x08000203   Thumb Code     0  libinit2.o(.ARM.Collect$$libinit$$00000033)
    __rt_lib_init_signal_1                   0x08000203   Thumb Code     0  libinit2.o(.ARM.Collect$$libinit$$0000001D)
    __rt_lib_init_stdio_1                    0x08000203   Thumb Code     0  libinit2.o(.ARM.Collect$$libinit$$00000025)
    __rt_lib_init_user_alloc_1               0x08000203   Thumb Code     0  libinit2.o(.ARM.Collect$$libinit$$0000000C)
    __rt_lib_shutdown                        0x08000205   Thumb Code     0  libshutdown.o(.ARM.Collect$$libshutdown$$00000000)
    __rt_lib_shutdown_fp_trap_1              0x08000207   Thumb Code     0  libshutdown2.o(.ARM.Collect$$libshutdown$$00000006)
    __rt_lib_shutdown_heap_1                 0x08000207   Thumb Code     0  libshutdown2.o(.ARM.Collect$$libshutdown$$0000000E)
    __rt_lib_shutdown_return                 0x08000207   Thumb Code     0  libshutdown2.o(.ARM.Collect$$libshutdown$$0000000F)
    __rt_lib_shutdown_signal_1               0x08000207   Thumb Code     0  libshutdown2.o(.ARM.Collect$$libshutdown$$00000009)
    __rt_lib_shutdown_stdio_1                0x08000207   Thumb Code     0  libshutdown2.o(.ARM.Collect$$libshutdown$$00000003)
    __rt_lib_shutdown_user_alloc_1           0x08000207   Thumb Code     0  libshutdown2.o(.ARM.Collect$$libshutdown$$0000000B)
    __rt_exit                                0x08000209   Thumb Code     0  rtexit.o(.ARM.Collect$$rtexit$$00000000)
    __rt_exit_ls                             0x0800020b   Thumb Code     0  rtexit2.o(.ARM.Collect$$rtexit$$00000003)
    __rt_exit_prels_1                        0x0800020b   Thumb Code     0  rtexit2.o(.ARM.Collect$$rtexit$$00000002)
    __rt_exit_exit                           0x0800020f   Thumb Code     0  rtexit2.o(.ARM.Collect$$rtexit$$00000004)
    __rt_entry                               0x08000215   Thumb Code    32  rtx_conf_cm.o(.emb_text)
    rt_set_PSP                               0x08000239   Thumb Code     6  hal_cm4.o(.emb_text)
    rt_get_PSP                               0x0800023f   Thumb Code     6  hal_cm4.o(.emb_text)
    os_set_env                               0x08000245   Thumb Code    24  hal_cm4.o(.emb_text)
    _alloc_box                               0x08000261   Thumb Code    28  hal_cm4.o(.emb_text)
    _free_box                                0x08000281   Thumb Code    28  hal_cm4.o(.emb_text)
    SVC_Handler                              0x080002a1   Thumb Code   148  hal_cm4.o(.emb_text)
    PendSV_Handler                           0x08000341   Thumb Code    96  hal_cm4.o(.emb_text)
    SysTick_Handler                          0x080003a5   Thumb Code     8  hal_cm4.o(.emb_text)
    OS_Tick_Handler                          0x080003ad   Thumb Code    12  hal_cm4.o(.emb_text)
    Start_job                                0x080003b9   Thumb Code    12  main.o(.text)
    main                                     0x080003c5   Thumb Code    34  main.o(.text)
    LED_Off                                  0x080003f1   Thumb Code    28  led_stm32f3-discovery.o(.text)
    LED_On                                   0x0800040d   Thumb Code    26  led_stm32f3-discovery.o(.text)
    LED_SetOut                               0x08000427   Thumb Code    40  led_stm32f3-discovery.o(.text)
    LED_Initialize                           0x0800044f   Thumb Code    94  led_stm32f3-discovery.o(.text)
    LED_GetCount                             0x080004ad   Thumb Code     4  led_stm32f3-discovery.o(.text)
    os_idle_demon                            0x080004c5   Thumb Code     4  rtx_conf_cm.o(.text)
    os_error                                 0x080004c9   Thumb Code    26  rtx_conf_cm.o(.text)
    __user_perthread_libspace                0x080004e3   Thumb Code    32  rtx_conf_cm.o(.text)
    _mutex_initialize                        0x08000503   Thumb Code    34  rtx_conf_cm.o(.text)
    _mutex_acquire                           0x08000525   Thumb Code    22  rtx_conf_cm.o(.text)
    _mutex_release                           0x0800053b   Thumb Code    18  rtx_conf_cm.o(.text)
    Reset_Handler                            0x08000569   Thumb Code     8  startup_stm32f303xc.o(.text)
    NMI_Handler                              0x08000571   Thumb Code     2  startup_stm32f303xc.o(.text)
    HardFault_Handler                        0x08000573   Thumb Code     2  startup_stm32f303xc.o(.text)
    MemManage_Handler                        0x08000575   Thumb Code     2  startup_stm32f303xc.o(.text)
    BusFault_Handler                         0x08000577   Thumb Code     2  startup_stm32f303xc.o(.text)
    UsageFault_Handler                       0x08000579   Thumb Code     2  startup_stm32f303xc.o(.text)
    DebugMon_Handler                         0x0800057d   Thumb Code     2  startup_stm32f303xc.o(.text)
    ADC1_2_IRQHandler                        0x08000583   Thumb Code     0  startup_stm32f303xc.o(.text)
    ADC3_IRQHandler                          0x08000583   Thumb Code     0  startup_stm32f303xc.o(.text)
    ADC4_IRQHandler                          0x08000583   Thumb Code     0  startup_stm32f303xc.o(.text)
    CAN1_RX1_IRQHandler                      0x08000583   Thumb Code     0  startup_stm32f303xc.o(.text)
    CAN1_SCE_IRQHandler                      0x08000583   Thumb Code     0  startup_stm32f303xc.o(.text)
    COMP1_2_3_IRQHandler                     0x08000583   Thumb Code     0  startup_stm32f303xc.o(.text)
    COMP4_5_6_IRQHandler                     0x08000583   Thumb Code     0  startup_stm32f303xc.o(.text)
    COMP7_IRQHandler                         0x08000583   Thumb Code     0  startup_stm32f303xc.o(.text)
    DMA1_Channel1_IRQHandler                 0x08000583   Thumb Code     0  startup_stm32f303xc.o(.text)
    DMA1_Channel2_IRQHandler                 0x08000583   Thumb Code     0  startup_stm32f303xc.o(.text)
    DMA1_Channel3_IRQHandler                 0x08000583   Thumb Code     0  startup_stm32f303xc.o(.text)
    DMA1_Channel4_IRQHandler                 0x08000583   Thumb Code     0  startup_stm32f303xc.o(.text)
    DMA1_Channel5_IRQHandler                 0x08000583   Thumb Code     0  startup_stm32f303xc.o(.text)
    DMA1_Channel6_IRQHandler                 0x08000583   Thumb Code     0  startup_stm32f303xc.o(.text)
    DMA1_Channel7_IRQHandler                 0x08000583   Thumb Code     0  startup_stm32f303xc.o(.text)
    DMA2_Channel1_IRQHandler                 0x08000583   Thumb Code     0  startup_stm32f303xc.o(.text)
    DMA2_Channel2_IRQHandler                 0x08000583   Thumb Code     0  startup_stm32f303xc.o(.text)
    DMA2_Channel3_IRQHandler                 0x08000583   Thumb Code     0  startup_stm32f303xc.o(.text)
    DMA2_Channel4_IRQHandler                 0x08000583   Thumb Code     0  startup_stm32f303xc.o(.text)
    DMA2_Channel5_IRQHandler                 0x08000583   Thumb Code     0  startup_stm32f303xc.o(.text)
    EXTI0_IRQHandler                         0x08000583   Thumb Code     0  startup_stm32f303xc.o(.text)
    EXTI15_10_IRQHandler                     0x08000583   Thumb Code     0  startup_stm32f303xc.o(.text)
    EXTI1_IRQHandler                         0x08000583   Thumb Code     0  startup_stm32f303xc.o(.text)
    EXTI2_TS_IRQHandler                      0x08000583   Thumb Code     0  startup_stm32f303xc.o(.text)
    EXTI3_IRQHandler                         0x08000583   Thumb Code     0  startup_stm32f303xc.o(.text)
    EXTI4_IRQHandler                         0x08000583   Thumb Code     0  startup_stm32f303xc.o(.text)
    EXTI9_5_IRQHandler                       0x08000583   Thumb Code     0  startup_stm32f303xc.o(.text)
    FLASH_IRQHandler                         0x08000583   Thumb Code     0  startup_stm32f303xc.o(.text)
    FPU_IRQHandler                           0x08000583   Thumb Code     0  startup_stm32f303xc.o(.text)
    I2C1_ER_IRQHandler                       0x08000583   Thumb Code     0  startup_stm32f303xc.o(.text)
    I2C1_EV_IRQHandler                       0x08000583   Thumb Code     0  startup_stm32f303xc.o(.text)
    I2C2_ER_IRQHandler                       0x08000583   Thumb Code     0  startup_stm32f303xc.o(.text)
    I2C2_EV_IRQHandler                       0x08000583   Thumb Code     0  startup_stm32f303xc.o(.text)
    PVD_IRQHandler                           0x08000583   Thumb Code     0  startup_stm32f303xc.o(.text)
    RCC_IRQHandler                           0x08000583   Thumb Code     0  startup_stm32f303xc.o(.text)
    RTC_Alarm_IRQHandler                     0x08000583   Thumb Code     0  startup_stm32f303xc.o(.text)
    RTC_WKUP_IRQHandler                      0x08000583   Thumb Code     0  startup_stm32f303xc.o(.text)
    SPI1_IRQHandler                          0x08000583   Thumb Code     0  startup_stm32f303xc.o(.text)
    SPI2_IRQHandler                          0x08000583   Thumb Code     0  startup_stm32f303xc.o(.text)
    SPI3_IRQHandler                          0x08000583   Thumb Code     0  startup_stm32f303xc.o(.text)
    TAMPER_STAMP_IRQHandler                  0x08000583   Thumb Code     0  startup_stm32f303xc.o(.text)
    TIM1_BRK_TIM15_IRQHandler                0x08000583   Thumb Code     0  startup_stm32f303xc.o(.text)
    TIM1_CC_IRQHandler                       0x08000583   Thumb Code     0  startup_stm32f303xc.o(.text)
    TIM1_TRG_COM_TIM17_IRQHandler            0x08000583   Thumb Code     0  startup_stm32f303xc.o(.text)
    TIM1_UP_TIM16_IRQHandler                 0x08000583   Thumb Code     0  startup_stm32f303xc.o(.text)
    TIM2_IRQHandler                          0x08000583   Thumb Code     0  startup_stm32f303xc.o(.text)
    TIM3_IRQHandler                          0x08000583   Thumb Code     0  startup_stm32f303xc.o(.text)
    TIM4_IRQHandler                          0x08000583   Thumb Code     0  startup_stm32f303xc.o(.text)
    TIM6_DAC_IRQHandler                      0x08000583   Thumb Code     0  startup_stm32f303xc.o(.text)
    TIM7_IRQHandler                          0x08000583   Thumb Code     0  startup_stm32f303xc.o(.text)
    TIM8_BRK_IRQHandler                      0x08000583   Thumb Code     0  startup_stm32f303xc.o(.text)
    TIM8_CC_IRQHandler                       0x08000583   Thumb Code     0  startup_stm32f303xc.o(.text)
    TIM8_TRG_COM_IRQHandler                  0x08000583   Thumb Code     0  startup_stm32f303xc.o(.text)
    TIM8_UP_IRQHandler                       0x08000583   Thumb Code     0  startup_stm32f303xc.o(.text)
    UART4_IRQHandler                         0x08000583   Thumb Code     0  startup_stm32f303xc.o(.text)
    UART5_IRQHandler                         0x08000583   Thumb Code     0  startup_stm32f303xc.o(.text)
    USART1_IRQHandler                        0x08000583   Thumb Code     0  startup_stm32f303xc.o(.text)
    USART2_IRQHandler                        0x08000583   Thumb Code     0  startup_stm32f303xc.o(.text)
    USART3_IRQHandler                        0x08000583   Thumb Code     0  startup_stm32f303xc.o(.text)
    USBWakeUp_IRQHandler                     0x08000583   Thumb Code     0  startup_stm32f303xc.o(.text)
    USBWakeUp_RMP_IRQHandler                 0x08000583   Thumb Code     0  startup_stm32f303xc.o(.text)
    USB_HP_CAN1_TX_IRQHandler                0x08000583   Thumb Code     0  startup_stm32f303xc.o(.text)
    USB_HP_IRQHandler                        0x08000583   Thumb Code     0  startup_stm32f303xc.o(.text)
    USB_LP_CAN1_RX0_IRQHandler               0x08000583   Thumb Code     0  startup_stm32f303xc.o(.text)
    USB_LP_IRQHandler                        0x08000583   Thumb Code     0  startup_stm32f303xc.o(.text)
    WWDG_IRQHandler                          0x08000583   Thumb Code     0  startup_stm32f303xc.o(.text)
    __user_initial_stackheap                 0x08000585   Thumb Code     0  startup_stm32f303xc.o(.text)
    SystemInit                               0x08000665   Thumb Code   112  system_stm32f30x.o(.text)
    SystemCoreClockUpdate                    0x080006d5   Thumb Code   138  system_stm32f30x.o(.text)
    __user_libspace                          0x08000789   Thumb Code     8  libspace.o(.text)
    __user_perproc_libspace                  0x08000789   Thumb Code     0  libspace.o(.text)
    __user_setup_stackheap                   0x08000791   Thumb Code    74  sys_stackheap_outer.o(.text)
    exit                                     0x080007db   Thumb Code    12  exit.o(.text)
    __use_two_region_memory                  0x080007e7   Thumb Code     2  heapauxi.o(.text)
    __rt_heap_escrow$2region                 0x080007e9   Thumb Code     2  heapauxi.o(.text)
    __rt_heap_expand$2region                 0x080007eb   Thumb Code     2  heapauxi.o(.text)
    _sys_exit                                0x080007ed   Thumb Code     8  sys_exit.o(.text)
    __I$use$semihosting                      0x080007f9   Thumb Code     0  use_no_semi.o(.text)
    __use_no_semihosting_swi                 0x080007f9   Thumb Code     2  use_no_semi.o(.text)
    __semihosting_library_function           0x080007fb   Thumb Code     0  indicate_semi.o(.text)
    SVC_Count                                0x080007fc   Data           4  svc_table.o(SVC_TABLE)
    SVC_Table                                0x08000800   Data           0  svc_table.o(SVC_TABLE)
    _init_box                                0x08000801   Thumb Code    70  rt_membox.o(i._init_box)
    dbg_init                                 0x08000849   Thumb Code    34  hal_cm.o(i.dbg_init)
    dbg_task_notify                          0x08000879   Thumb Code    32  hal_cm.o(i.dbg_task_notify)
    dbg_task_switch                          0x08000899   Thumb Code    16  hal_cm.o(i.dbg_task_switch)
    isr_mbx_receive                          0x080008d5   Thumb Code    80  rt_mailbox.o(i.isr_mbx_receive)
    isr_mbx_send                             0x08000925   Thumb Code    14  rt_mailbox.o(i.isr_mbx_send)
    osDelay                                  0x08000935   Thumb Code    18  rt_cmsis.o(i.osDelay)
    osKernelInitialize                       0x0800094d   Thumb Code    30  rt_cmsis.o(i.osKernelInitialize)
    osKernelStart                            0x08000971   Thumb Code    98  rt_cmsis.o(i.osKernelStart)
    osMessageGet                             0x080009dd   Thumb Code    62  rt_cmsis.o(i.osMessageGet)
    osThreadCreate                           0x08000a21   Thumb Code    38  rt_cmsis.o(i.osThreadCreate)
    osThreadExit                             0x08000a51   Thumb Code    14  rt_cmsis.o(i.osThreadExit)
    osTimerCall                              0x08000a69   Thumb Code     8  rt_cmsis.o(i.osTimerCall)
    osTimerThread                            0x08000a75   Thumb Code    38  rt_cmsis.o(i.osTimerThread)
    os_tick_init                             0x08000aa1   Thumb Code    32  rt_system.o(i.os_tick_init)
    os_tick_irqack                           0x08000ac9   Thumb Code     2  rt_system.o(i.os_tick_irqack)
    rt_alloc_box                             0x08000acb   Thumb Code    26  rt_membox.o(i.rt_alloc_box)
    rt_alloc_mem                             0x08000ae5   Thumb Code    60  rt_memory.o(i.rt_alloc_mem)
    rt_block                                 0x08000b21   Thumb Code    48  rt_task.o(i.rt_block)
    rt_chk_robin                             0x08000b59   Thumb Code    60  rt_robin.o(i.rt_chk_robin)
    rt_dec_dly                               0x08000ba1   Thumb Code   102  rt_list.o(i.rt_dec_dly)
    rt_dispatch                              0x08000c11   Thumb Code    60  rt_task.o(i.rt_dispatch)
    rt_dly_wait                              0x08000c55   Thumb Code     6  rt_time.o(i.rt_dly_wait)
    rt_evt_psh                               0x08000c5d   Thumb Code    76  rt_event.o(i.rt_evt_psh)
    rt_free_box                              0x08000cad   Thumb Code    32  rt_membox.o(i.rt_free_box)
    rt_free_mem                              0x08000ccd   Thumb Code    40  rt_memory.o(i.rt_free_mem)
    rt_get_first                             0x08000cf5   Thumb Code    40  rt_list.o(i.rt_get_first)
    rt_init_mem                              0x08000d6d   Thumb Code    26  rt_memory.o(i.rt_init_mem)
    rt_init_robin                            0x08000d89   Thumb Code    14  rt_robin.o(i.rt_init_robin)
    rt_init_stack                            0x08000da1   Thumb Code    70  hal_cm.o(i.rt_init_stack)
    rt_mbx_check                             0x08000df1   Thumb Code     8  rt_mailbox.o(i.rt_mbx_check)
    rt_mbx_init                              0x08000df9   Thumb Code    28  rt_mailbox.o(i.rt_mbx_init)
    rt_mbx_psh                               0x08000e15   Thumb Code   234  rt_mailbox.o(i.rt_mbx_psh)
    rt_mbx_wait                              0x08000f05   Thumb Code   172  rt_mailbox.o(i.rt_mbx_wait)
    rt_mut_init                              0x08000ff1   Thumb Code    16  rt_mutex.o(i.rt_mut_init)
    rt_mut_release                           0x08001001   Thumb Code   208  rt_mutex.o(i.rt_mut_release)
    rt_mut_wait                              0x080010d9   Thumb Code   100  rt_mutex.o(i.rt_mut_wait)
    rt_pop_req                               0x08001141   Thumb Code   110  rt_system.o(i.rt_pop_req)
    rt_psh_req                               0x080011bd   Thumb Code    22  rt_system.o(i.rt_psh_req)
    rt_psq_enq                               0x080011dd   Thumb Code    82  rt_list.o(i.rt_psq_enq)
    rt_put_dly                               0x08001235   Thumb Code    68  rt_list.o(i.rt_put_dly)
    rt_put_prio                              0x0800127d   Thumb Code    54  rt_list.o(i.rt_put_prio)
    rt_put_rdy_first                         0x080012b5   Thumb Code    14  rt_list.o(i.rt_put_rdy_first)
    rt_resort_prio                           0x080012c9   Thumb Code    46  rt_list.o(i.rt_resort_prio)
    rt_ret_val                               0x0800130d   Thumb Code    12  hal_cm.o(i.rt_ret_val)
    rt_ret_val2                              0x08001319   Thumb Code    16  hal_cm.o(i.rt_ret_val2)
    rt_rmv_dly                               0x08001329   Thumb Code    40  rt_list.o(i.rt_rmv_dly)
    rt_rmv_list                              0x08001351   Thumb Code    44  rt_list.o(i.rt_rmv_list)
    rt_sem_psh                               0x08001381   Thumb Code    48  rt_semaphore.o(i.rt_sem_psh)
    rt_stk_check                             0x080013b5   Thumb Code    28  rt_system.o(i.rt_stk_check)
    rt_switch_req                            0x080013d9   Thumb Code    30  rt_task.o(i.rt_switch_req)
    rt_sys_init                              0x08001401   Thumb Code   138  rt_task.o(i.rt_sys_init)
    rt_sys_start                             0x080014cd   Thumb Code   108  rt_task.o(i.rt_sys_start)
    rt_systick                               0x08001545   Thumb Code    50  rt_system.o(i.rt_systick)
    rt_tsk_create                            0x080015d1   Thumb Code   116  rt_task.o(i.rt_tsk_create)
    rt_tsk_delete                            0x08001655   Thumb Code   342  rt_task.o(i.rt_tsk_delete)
    rt_tsk_prio                              0x080017c9   Thumb Code   108  rt_task.o(i.rt_tsk_prio)
    rt_tsk_self                              0x08001845   Thumb Code    12  rt_task.o(i.rt_tsk_self)
    svcDelay                                 0x08001855   Thumb Code    20  rt_cmsis.o(i.svcDelay)
    svcKernelInitialize                      0x08001869   Thumb Code    80  rt_cmsis.o(i.svcKernelInitialize)
    svcKernelStart                           0x080018d9   Thumb Code    62  rt_cmsis.o(i.svcKernelStart)
    svcMessageCreate                         0x08001921   Thumb Code    36  rt_cmsis.o(i.svcMessageCreate)
    svcMessageGet                            0x08001945   Thumb Code    58  rt_cmsis.o(i.svcMessageGet)
    svcThreadCreate                          0x08001981   Thumb Code   100  rt_cmsis.o(i.svcThreadCreate)
    svcThreadGetId                           0x080019f1   Thumb Code    22  rt_cmsis.o(i.svcThreadGetId)
    svcThreadTerminate                       0x08001a0d   Thumb Code    50  rt_cmsis.o(i.svcThreadTerminate)
    svcTimerCall                             0x08001a45   Thumb Code    24  rt_cmsis.o(i.svcTimerCall)
    sysTimerTick                             0x08001a5d   Thumb Code    76  rt_cmsis.o(i.sysTimerTick)
    _fp_init                                 0x08001ab1   Thumb Code    10  fpinit.o(x$fpl$fpinit)
    __fplib_config_fpu_vfp                   0x08001ab9   Thumb Code     0  fpinit.o(x$fpl$fpinit)
    __fplib_config_pureend_doubles           0x08001ab9   Thumb Code     0  fpinit.o(x$fpl$fpinit)
    os_thread_def_Start_job                  0x08001abc   Data          16  main.o(.constdata)
    led_mask                                 0x08001acc   Data          32  led_stm32f3-discovery.o(.constdata)
    os_maxtaskrun                            0x08001aec   Data           2  rtx_conf_cm.o(.constdata)
    os_stackinfo                             0x08001af0   Data           4  rtx_conf_cm.o(.constdata)
    os_rrobin                                0x08001af4   Data           4  rtx_conf_cm.o(.constdata)
    os_tickfreq                              0x08001af8   Data           4  rtx_conf_cm.o(.constdata)
    os_tickus_i                              0x08001afc   Data           2  rtx_conf_cm.o(.constdata)
    os_tickus_f                              0x08001afe   Data           2  rtx_conf_cm.o(.constdata)
    os_trv                                   0x08001b00   Data           4  rtx_conf_cm.o(.constdata)
    os_flags                                 0x08001b04   Data           1  rtx_conf_cm.o(.constdata)
    CMSIS_RTOS_API_Version                   0x08001b08   Data           4  rtx_conf_cm.o(.constdata)
    CMSIS_RTOS_RTX_Version                   0x08001b0c   Data           4  rtx_conf_cm.o(.constdata)
    os_clockrate                             0x08001b10   Data           4  rtx_conf_cm.o(.constdata)
    os_timernum                              0x08001b14   Data           4  rtx_conf_cm.o(.constdata)
    mp_tcb_size                              0x08001b18   Data           2  rtx_conf_cm.o(.constdata)
    mp_stk_size                              0x08001b1c   Data           4  rtx_conf_cm.o(.constdata)
    os_stack_sz                              0x08001b20   Data           4  rtx_conf_cm.o(.constdata)
    os_fifo_size                             0x08001b24   Data           1  rtx_conf_cm.o(.constdata)
    os_thread_def_osTimerThread              0x08001b28   Data          16  rtx_conf_cm.o(.constdata)
    os_messageQ_def_osTimerMessageQ          0x08001b38   Data           8  rtx_conf_cm.o(.constdata)
    mp_tmr_size                              0x08001b40   Data           2  rtx_conf_cm.o(.constdata)
    Region$$Table$$Base                      0x08001b44   Number         0  anon$$obj.o(Region$$Table)
    Region$$Table$$Limit                     0x08001b64   Number         0  anon$$obj.o(Region$$Table)
    tid_Start_job                            0x20000000   Data           4  main.o(.data)
    osThreadId_osTimerThread                 0x20000004   Data           4  rtx_conf_cm.o(.data)
    osMessageQId_osTimerMessageQ             0x20000008   Data           4  rtx_conf_cm.o(.data)
    os_tmr                                   0x2000000c   Data           4  rtx_conf_cm.o(.data)
    m_tmr                                    0x20000010   Data           4  rtx_conf_cm.o(.data)
    os_thread_def_main                       0x20000018   Data          16  rtx_conf_cm.o(.data)
    SystemCoreClock                          0x20000028   Data           4  system_stm32f30x.o(.data)
    AHBPrescTable                            0x2000002c   Data          16  system_stm32f30x.o(.data)
    os_initialized                           0x2000003c   Data           1  rt_cmsis.o(.data)
    os_running                               0x2000003d   Data           1  rt_cmsis.o(.data)
    os_timer_head                            0x20000040   Data           4  rt_cmsis.o(.data)
    os_tsk                                   0x20000044   Data           8  rt_task.o(.data)
    os_tick_irqn                             0x20000050   Data           4  rt_system.o(.data)
    os_time                                  0x20000054   Data           4  rt_time.o(.data)
    os_robin                                 0x20000058   Data           8  rt_robin.o(.data)
    dbg_msg                                  0x20000060   Data           1  hal_cm.o(.data)
    mp_tcb                                   0x20000068   Data         220  rtx_conf_cm.o(.bss)
    mp_stk                                   0x20000148   Data         616  rtx_conf_cm.o(.bss)
    os_stack_mem                             0x200003b0   Data         432  rtx_conf_cm.o(.bss)
    os_fifo                                  0x20000560   Data         132  rtx_conf_cm.o(.bss)
    os_active_TCB                            0x200005e4   Data          16  rtx_conf_cm.o(.bss)
    os_messageQ_q_osTimerMessageQ            0x200005f4   Data          32  rtx_conf_cm.o(.bss)
    os_idle_TCB                              0x20000814   Data          52  rt_task.o(.bss)
    os_rdy                                   0x20000848   Data          24  rt_list.o(.bss)
    os_dly                                   0x20000860   Data          24  rt_list.o(.bss)
    __libspace_start                         0x20000878   Data          96  libspace.o(.bss)
    __temporary_stack_top$libspace           0x200008d8   Data           0  libspace.o(.bss)



==============================================================================

Memory Map of the image

  Image Entry point : 0x08000189

  Load Region LR_IROM1 (Base: 0x08000000, Size: 0x00001bc8, Max: 0x00040000, ABSOLUTE)

    Execution Region ER_IROM1 (Base: 0x08000000, Size: 0x00001b64, Max: 0x00040000, ABSOLUTE)

    Base Addr    Size         Type   Attr      Idx    E Section Name        Object

    0x08000000   0x00000188   Data   RO          648    RESET               startup_stm32f303xc.o
    0x08000188   0x00000008   Code   RO         1882  * !!!main             c_w.l(__main.o)
    0x08000190   0x00000034   Code   RO         2009    !!!scatter          c_w.l(__scatter.o)
    0x080001c4   0x0000001a   Code   RO         2011    !!handler_copy      c_w.l(__scatter_copy.o)
    0x080001de   0x00000002   PAD
    0x080001e0   0x0000001c   Code   RO         2013    !!handler_zi        c_w.l(__scatter_zi.o)
    0x080001fc   0x00000002   Code   RO         1881    .ARM.Collect$$libinit$$00000000  c_w.l(libinit.o)
    0x080001fe   0x00000004   Code   RO         1886    .ARM.Collect$$libinit$$00000001  c_w.l(libinit2.o)
    0x08000202   0x00000000   Code   RO         1889    .ARM.Collect$$libinit$$00000004  c_w.l(libinit2.o)
    0x08000202   0x00000000   Code   RO         1892    .ARM.Collect$$libinit$$0000000A  c_w.l(libinit2.o)
    0x08000202   0x00000000   Code   RO         1894    .ARM.Collect$$libinit$$0000000C  c_w.l(libinit2.o)
    0x08000202   0x00000000   Code   RO         1896    .ARM.Collect$$libinit$$0000000E  c_w.l(libinit2.o)
    0x08000202   0x00000000   Code   RO         1899    .ARM.Collect$$libinit$$00000011  c_w.l(libinit2.o)
    0x08000202   0x00000000   Code   RO         1901    .ARM.Collect$$libinit$$00000013  c_w.l(libinit2.o)
    0x08000202   0x00000000   Code   RO         1903    .ARM.Collect$$libinit$$00000015  c_w.l(libinit2.o)
    0x08000202   0x00000000   Code   RO         1905    .ARM.Collect$$libinit$$00000017  c_w.l(libinit2.o)
    0x08000202   0x00000000   Code   RO         1907    .ARM.Collect$$libinit$$00000019  c_w.l(libinit2.o)
    0x08000202   0x00000000   Code   RO         1909    .ARM.Collect$$libinit$$0000001B  c_w.l(libinit2.o)
    0x08000202   0x00000000   Code   RO         1911    .ARM.Collect$$libinit$$0000001D  c_w.l(libinit2.o)
    0x08000202   0x00000000   Code   RO         1913    .ARM.Collect$$libinit$$0000001F  c_w.l(libinit2.o)
    0x08000202   0x00000000   Code   RO         1915    .ARM.Collect$$libinit$$00000021  c_w.l(libinit2.o)
    0x08000202   0x00000000   Code   RO         1917    .ARM.Collect$$libinit$$00000023  c_w.l(libinit2.o)
    0x08000202   0x00000000   Code   RO         1919    .ARM.Collect$$libinit$$00000025  c_w.l(libinit2.o)
    0x08000202   0x00000000   Code   RO         1923    .ARM.Collect$$libinit$$0000002C  c_w.l(libinit2.o)
    0x08000202   0x00000000   Code   RO         1925    .ARM.Collect$$libinit$$0000002E  c_w.l(libinit2.o)
    0x08000202   0x00000000   Code   RO         1927    .ARM.Collect$$libinit$$00000030  c_w.l(libinit2.o)
    0x08000202   0x00000000   Code   RO         1929    .ARM.Collect$$libinit$$00000032  c_w.l(libinit2.o)
    0x08000202   0x00000002   Code   RO         1930    .ARM.Collect$$libinit$$00000033  c_w.l(libinit2.o)
    0x08000204   0x00000002   Code   RO         1950    .ARM.Collect$$libshutdown$$00000000  c_w.l(libshutdown.o)
    0x08000206   0x00000000   Code   RO         1964    .ARM.Collect$$libshutdown$$00000003  c_w.l(libshutdown2.o)
    0x08000206   0x00000000   Code   RO         1967    .ARM.Collect$$libshutdown$$00000006  c_w.l(libshutdown2.o)
    0x08000206   0x00000000   Code   RO         1970    .ARM.Collect$$libshutdown$$00000009  c_w.l(libshutdown2.o)
    0x08000206   0x00000000   Code   RO         1972    .ARM.Collect$$libshutdown$$0000000B  c_w.l(libshutdown2.o)
    0x08000206   0x00000000   Code   RO         1975    .ARM.Collect$$libshutdown$$0000000E  c_w.l(libshutdown2.o)
    0x08000206   0x00000002   Code   RO         1976    .ARM.Collect$$libshutdown$$0000000F  c_w.l(libshutdown2.o)
    0x08000208   0x00000002   Code   RO         1884    .ARM.Collect$$rtexit$$00000000  c_w.l(rtexit.o)
    0x0800020a   0x00000000   Code   RO         1932    .ARM.Collect$$rtexit$$00000002  c_w.l(rtexit2.o)
    0x0800020a   0x00000004   Code   RO         1933    .ARM.Collect$$rtexit$$00000003  c_w.l(rtexit2.o)
    0x0800020e   0x00000006   Code   RO         1934    .ARM.Collect$$rtexit$$00000004  c_w.l(rtexit2.o)
    0x08000214   0x00000024   Code   RO          618    .emb_text           rtx_conf_cm.o
    0x08000238   0x00000180   Code   RO         1857    .emb_text           RTX_CM4.lib(hal_cm4.o)
    0x080003b8   0x00000038   Code   RO            3    .text               main.o
    0x080003f0   0x000000d4   Code   RO          597    .text               led_stm32f3-discovery.o
    0x080004c4   0x000000a4   Code   RO          619    .text               rtx_conf_cm.o
    0x08000568   0x00000040   Code   RO          649    .text               startup_stm32f303xc.o
    0x080005a8   0x000001e0   Code   RO          655    .text               system_stm32f30x.o
    0x08000788   0x00000008   Code   RO         1872    .text               c_w.l(libspace.o)
    0x08000790   0x0000004a   Code   RO         1875    .text               c_w.l(sys_stackheap_outer.o)
    0x080007da   0x0000000c   Code   RO         1877    .text               c_w.l(exit.o)
    0x080007e6   0x00000006   Code   RO         1879    .text               c_w.l(heapauxi.o)
    0x080007ec   0x0000000c   Code   RO         1942    .text               c_w.l(sys_exit.o)
    0x080007f8   0x00000002   Code   RO         1953    .text               c_w.l(use_no_semi.o)
    0x080007fa   0x00000000   Code   RO         1955    .text               c_w.l(indicate_semi.o)
    0x080007fa   0x00000002   PAD
    0x080007fc   0x00000004   Code   RO         1867    SVC_TABLE           RTX_CM4.lib(svc_table.o)
    0x08000800   0x00000046   Code   RO         1751    i._init_box         RTX_CM4.lib(rt_membox.o)
    0x08000846   0x00000002   PAD
    0x08000848   0x00000030   Code   RO         1804    i.dbg_init          RTX_CM4.lib(hal_cm.o)
    0x08000878   0x00000020   Code   RO         1805    i.dbg_task_notify   RTX_CM4.lib(hal_cm.o)
    0x08000898   0x00000010   Code   RO         1806    i.dbg_task_switch   RTX_CM4.lib(hal_cm.o)
    0x080008a8   0x0000002c   Code   RO          681    i.isrMessagePut     RTX_CM4.lib(rt_cmsis.o)
    0x080008d4   0x00000050   Code   RO         1606    i.isr_mbx_receive   RTX_CM4.lib(rt_mailbox.o)
    0x08000924   0x0000000e   Code   RO         1607    i.isr_mbx_send      RTX_CM4.lib(rt_mailbox.o)
    0x08000932   0x00000002   PAD
    0x08000934   0x00000018   Code   RO          682    i.osDelay           RTX_CM4.lib(rt_cmsis.o)
    0x0800094c   0x00000024   Code   RO          683    i.osKernelInitialize  RTX_CM4.lib(rt_cmsis.o)
    0x08000970   0x0000006c   Code   RO          685    i.osKernelStart     RTX_CM4.lib(rt_cmsis.o)
    0x080009dc   0x00000044   Code   RO          694    i.osMessageGet      RTX_CM4.lib(rt_cmsis.o)
    0x08000a20   0x00000030   Code   RO          711    i.osThreadCreate    RTX_CM4.lib(rt_cmsis.o)
    0x08000a50   0x00000018   Code   RO          712    i.osThreadExit      RTX_CM4.lib(rt_cmsis.o)
    0x08000a68   0x0000000c   Code   RO          718    i.osTimerCall       RTX_CM4.lib(rt_cmsis.o)
    0x08000a74   0x0000002c   Code   RO          723    i.osTimerThread     RTX_CM4.lib(rt_cmsis.o)
    0x08000aa0   0x00000028   Code   RO         1398    i.os_tick_init      RTX_CM4.lib(rt_system.o)
    0x08000ac8   0x00000002   Code   RO         1399    i.os_tick_irqack    RTX_CM4.lib(rt_system.o)
    0x08000aca   0x0000001a   Code   RO         1752    i.rt_alloc_box      RTX_CM4.lib(rt_membox.o)
    0x08000ae4   0x0000003c   Code   RO         1780    i.rt_alloc_mem      RTX_CM4.lib(rt_memory.o)
    0x08000b20   0x00000038   Code   RO         1283    i.rt_block          RTX_CM4.lib(rt_task.o)
    0x08000b58   0x00000048   Code   RO         1729    i.rt_chk_robin      RTX_CM4.lib(rt_robin.o)
    0x08000ba0   0x00000070   Code   RO         1530    i.rt_dec_dly        RTX_CM4.lib(rt_list.o)
    0x08000c10   0x00000044   Code   RO         1284    i.rt_dispatch       RTX_CM4.lib(rt_task.o)
    0x08000c54   0x00000006   Code   RO         1696    i.rt_dly_wait       RTX_CM4.lib(rt_time.o)
    0x08000c5a   0x00000002   PAD
    0x08000c5c   0x00000050   Code   RO         1491    i.rt_evt_psh        RTX_CM4.lib(rt_event.o)
    0x08000cac   0x00000020   Code   RO         1753    i.rt_free_box       RTX_CM4.lib(rt_membox.o)
    0x08000ccc   0x00000028   Code   RO         1781    i.rt_free_mem       RTX_CM4.lib(rt_memory.o)
    0x08000cf4   0x00000028   Code   RO         1531    i.rt_get_first      RTX_CM4.lib(rt_list.o)
    0x08000d1c   0x00000008   Code   RO          728    i.rt_id2obj         RTX_CM4.lib(rt_cmsis.o)
    0x08000d24   0x00000048   Code   RO         1285    i.rt_init_context   RTX_CM4.lib(rt_task.o)
    0x08000d6c   0x0000001a   Code   RO         1782    i.rt_init_mem       RTX_CM4.lib(rt_memory.o)
    0x08000d86   0x00000002   PAD
    0x08000d88   0x00000018   Code   RO         1730    i.rt_init_robin     RTX_CM4.lib(rt_robin.o)
    0x08000da0   0x00000050   Code   RO         1807    i.rt_init_stack     RTX_CM4.lib(hal_cm.o)
    0x08000df0   0x00000008   Code   RO         1608    i.rt_mbx_check      RTX_CM4.lib(rt_mailbox.o)
    0x08000df8   0x0000001c   Code   RO         1609    i.rt_mbx_init       RTX_CM4.lib(rt_mailbox.o)
    0x08000e14   0x000000f0   Code   RO         1610    i.rt_mbx_psh        RTX_CM4.lib(rt_mailbox.o)
    0x08000f04   0x000000b0   Code   RO         1612    i.rt_mbx_wait       RTX_CM4.lib(rt_mailbox.o)
    0x08000fb4   0x0000003c   Code   RO          729    i.rt_ms2tick        RTX_CM4.lib(rt_cmsis.o)
    0x08000ff0   0x00000010   Code   RO         1368    i.rt_mut_init       RTX_CM4.lib(rt_mutex.o)
    0x08001000   0x000000d8   Code   RO         1369    i.rt_mut_release    RTX_CM4.lib(rt_mutex.o)
    0x080010d8   0x00000068   Code   RO         1370    i.rt_mut_wait       RTX_CM4.lib(rt_mutex.o)
    0x08001140   0x0000007c   Code   RO         1402    i.rt_pop_req        RTX_CM4.lib(rt_system.o)
    0x080011bc   0x00000020   Code   RO         1403    i.rt_psh_req        RTX_CM4.lib(rt_system.o)
    0x080011dc   0x00000058   Code   RO         1533    i.rt_psq_enq        RTX_CM4.lib(rt_list.o)
    0x08001234   0x00000048   Code   RO         1534    i.rt_put_dly        RTX_CM4.lib(rt_list.o)
    0x0800127c   0x00000036   Code   RO         1535    i.rt_put_prio       RTX_CM4.lib(rt_list.o)
    0x080012b2   0x00000002   PAD
    0x080012b4   0x00000014   Code   RO         1536    i.rt_put_rdy_first  RTX_CM4.lib(rt_list.o)
    0x080012c8   0x00000034   Code   RO         1537    i.rt_resort_prio    RTX_CM4.lib(rt_list.o)
    0x080012fc   0x00000010   Code   RO         1808    i.rt_ret_regs       RTX_CM4.lib(hal_cm.o)
    0x0800130c   0x0000000c   Code   RO         1809    i.rt_ret_val        RTX_CM4.lib(hal_cm.o)
    0x08001318   0x00000010   Code   RO         1810    i.rt_ret_val2       RTX_CM4.lib(hal_cm.o)
    0x08001328   0x00000028   Code   RO         1538    i.rt_rmv_dly        RTX_CM4.lib(rt_list.o)
    0x08001350   0x00000030   Code   RO         1539    i.rt_rmv_list       RTX_CM4.lib(rt_list.o)
    0x08001380   0x00000034   Code   RO         1657    i.rt_sem_psh        RTX_CM4.lib(rt_semaphore.o)
    0x080013b4   0x00000024   Code   RO         1405    i.rt_stk_check      RTX_CM4.lib(rt_system.o)
    0x080013d8   0x00000028   Code   RO         1286    i.rt_switch_req     RTX_CM4.lib(rt_task.o)
    0x08001400   0x000000cc   Code   RO         1287    i.rt_sys_init       RTX_CM4.lib(rt_task.o)
    0x080014cc   0x00000078   Code   RO         1288    i.rt_sys_start      RTX_CM4.lib(rt_task.o)
    0x08001544   0x00000040   Code   RO         1407    i.rt_systick        RTX_CM4.lib(rt_system.o)
    0x08001584   0x00000012   Code   RO          730    i.rt_tid2ptcb       RTX_CM4.lib(rt_cmsis.o)
    0x08001596   0x00000002   PAD
    0x08001598   0x00000038   Code   RO          731    i.rt_timer_insert   RTX_CM4.lib(rt_cmsis.o)
    0x080015d0   0x00000084   Code   RO         1289    i.rt_tsk_create     RTX_CM4.lib(rt_task.o)
    0x08001654   0x00000174   Code   RO         1290    i.rt_tsk_delete     RTX_CM4.lib(rt_task.o)
    0x080017c8   0x0000007c   Code   RO         1292    i.rt_tsk_prio       RTX_CM4.lib(rt_task.o)
    0x08001844   0x00000010   Code   RO         1293    i.rt_tsk_self       RTX_CM4.lib(rt_task.o)
    0x08001854   0x00000014   Code   RO          733    i.svcDelay          RTX_CM4.lib(rt_cmsis.o)
    0x08001868   0x00000070   Code   RO          734    i.svcKernelInitialize  RTX_CM4.lib(rt_cmsis.o)
    0x080018d8   0x00000048   Code   RO          736    i.svcKernelStart    RTX_CM4.lib(rt_cmsis.o)
    0x08001920   0x00000024   Code   RO          739    i.svcMessageCreate  RTX_CM4.lib(rt_cmsis.o)
    0x08001944   0x0000003a   Code   RO          740    i.svcMessageGet     RTX_CM4.lib(rt_cmsis.o)
    0x0800197e   0x00000002   PAD
    0x08001980   0x00000070   Code   RO          754    i.svcThreadCreate   RTX_CM4.lib(rt_cmsis.o)
    0x080019f0   0x0000001c   Code   RO          755    i.svcThreadGetId    RTX_CM4.lib(rt_cmsis.o)
    0x08001a0c   0x00000038   Code   RO          758    i.svcThreadTerminate  RTX_CM4.lib(rt_cmsis.o)
    0x08001a44   0x00000018   Code   RO          760    i.svcTimerCall      RTX_CM4.lib(rt_cmsis.o)
    0x08001a5c   0x00000054   Code   RO          769    i.sysTimerTick      RTX_CM4.lib(rt_cmsis.o)
    0x08001ab0   0x0000000a   Code   RO         1940    x$fpl$fpinit        fz_wm.l(fpinit.o)
    0x08001aba   0x00000002   PAD
    0x08001abc   0x00000010   Data   RO            4    .constdata          main.o
    0x08001acc   0x00000020   Data   RO          598    .constdata          led_stm32f3-discovery.o
    0x08001aec   0x00000056   Data   RO          621    .constdata          rtx_conf_cm.o
    0x08001b42   0x00000002   PAD
    0x08001b44   0x00000020   Data   RO         2007    Region$$Table       anon$$obj.o


    Execution Region RW_IRAM1 (Base: 0x20000000, Size: 0x00000ed8, Max: 0x0000c000, ABSOLUTE)

    Base Addr    Size         Type   Attr      Idx    E Section Name        Object

    0x20000000   0x00000004   Data   RW            5    .data               main.o
    0x20000004   0x00000024   Data   RW          622    .data               rtx_conf_cm.o
    0x20000028   0x00000014   Data   RW          656    .data               system_stm32f30x.o
    0x2000003c   0x00000008   Data   RW          772    .data               RTX_CM4.lib(rt_cmsis.o)
    0x20000044   0x00000008   Data   RW         1295    .data               RTX_CM4.lib(rt_task.o)
    0x2000004c   0x00000008   Data   RW         1410    .data               RTX_CM4.lib(rt_system.o)
    0x20000054   0x00000004   Data   RW         1700    .data               RTX_CM4.lib(rt_time.o)
    0x20000058   0x00000008   Data   RW         1731    .data               RTX_CM4.lib(rt_robin.o)
    0x20000060   0x00000001   Data   RW         1811    .data               RTX_CM4.lib(hal_cm.o)
    0x20000061   0x00000007   PAD
    0x20000068   0x000007ac   Zero   RW          620    .bss                rtx_conf_cm.o
    0x20000814   0x00000034   Zero   RW         1294    .bss                RTX_CM4.lib(rt_task.o)
    0x20000848   0x00000030   Zero   RW         1540    .bss                RTX_CM4.lib(rt_list.o)
    0x20000878   0x00000060   Zero   RW         1873    .bss                c_w.l(libspace.o)
    0x200008d8   0x00000200   Zero   RW          647    HEAP                startup_stm32f303xc.o
    0x20000ad8   0x00000400   Zero   RW          646    STACK               startup_stm32f303xc.o


==============================================================================

Image component sizes


      Code (inc. data)   RO Data    RW Data    ZI Data      Debug   Object Name

       212         20         32          0          0       2243   led_stm32f3-discovery.o
        56         10         16          4          0       9687   main.o
       200         34         86         36       1964       8669   rtx_conf_cm.o
        64         26        392          0       1536        840   startup_stm32f303xc.o
       480         42          0         20          0       1815   system_stm32f30x.o

    ----------------------------------------------------------------------
      1012        132        560         60       3500      23254   Object Totals
         0          0         32          0          0          0   (incl. Generated)
         0          0          2          0          0          0   (incl. Padding)

    ----------------------------------------------------------------------

      Code (inc. data)   RO Data    RW Data    ZI Data      Debug   Library Member Name

       220         24          0          1          0       3428   hal_cm.o
       384         28          0          0          0        720   hal_cm4.o
      1152        148          0          8          0      28067   rt_cmsis.o
        80          4          0          0          0        541   rt_event.o
       526         36          0          0         48       6945   rt_list.o
       546         10          0          0          0       3225   rt_mailbox.o
       128          0          0          0          0       1585   rt_membox.o
       126          0          0          0          0       1895   rt_memory.o
       336         12          0          0          0       1757   rt_mutex.o
        96         22          0          8          0       1014   rt_robin.o
        52          4          0          0          0        485   rt_semaphore.o
       298         54          0          8          0       5563   rt_system.o
      1204        176          0          8         52       8309   rt_task.o
         6          0          0          4          0        524   rt_time.o
         4          4          0          0          0        124   svc_table.o
         8          0          0          0          0         68   __main.o
        52          8          0          0          0          0   __scatter.o
        26          0          0          0          0          0   __scatter_copy.o
        28          0          0          0          0          0   __scatter_zi.o
        12          0          0          0          0         72   exit.o
         6          0          0          0          0        152   heapauxi.o
         0          0          0          0          0          0   indicate_semi.o
         2          0          0          0          0          0   libinit.o
         6          0          0          0          0          0   libinit2.o
         2          0          0          0          0          0   libshutdown.o
         2          0          0          0          0          0   libshutdown2.o
         8          4          0          0         96         68   libspace.o
         2          0          0          0          0          0   rtexit.o
        10          0          0          0          0          0   rtexit2.o
        12          4          0          0          0         68   sys_exit.o
        74          0          0          0          0         80   sys_stackheap_outer.o
         2          0          0          0          0         68   use_no_semi.o
        10          0          0          0          0        116   fpinit.o

    ----------------------------------------------------------------------
      5440        538          0         40        200      64874   Library Totals
        20          0          0          3          4          0   (incl. Padding)

    ----------------------------------------------------------------------

      Code (inc. data)   RO Data    RW Data    ZI Data      Debug   Library Name

      5158        522          0         37        100      64182   RTX_CM4.lib
       252         16          0          0         96        576   c_w.l
        10          0          0          0          0        116   fz_wm.l

    ----------------------------------------------------------------------
      5440        538          0         40        200      64874   Library Totals

    ----------------------------------------------------------------------

==============================================================================


      Code (inc. data)   RO Data    RW Data    ZI Data      Debug   

      6452        670        560        100       3700      80272   Grand Totals
      6452        670        560        100       3700      80272   ELF Image Totals
      6452        670        560        100          0          0   ROM Totals

==============================================================================

    Total RO  Size (Code + RO Data)                 7012 (   6.85kB)
    Total RW  Size (RW Data + ZI Data)              3800 (   3.71kB)
    Total ROM Size (Code + RO Data + RW Data)       7112 (   6.95kB)

==============================================================================

