Component: ARM Compiler 5.05 (build 41) Tool: armlink [4d0eb9]

==============================================================================

Section Cross References

    main.o(.text) refers to stm32f30x_usart.o(.text) for USART_ClearITPendingBit
    main.o(.text) refers to led_stm32f3-discovery.o(.text) for LED_On
    main.o(.text) refers to rt_cmsis.o(i.osDelay) for osDelay
    main.o(.text) refers to stm32f30x_rcc.o(.text) for RCC_AHBPeriphClockCmd
    main.o(.text) refers to stm32f30x_gpio.o(.text) for GPIO_Init
    main.o(.text) refers to stm32f30x_misc.o(.text) for NVIC_PriorityGroupConfig
    main.o(.text) refers to rt_cmsis.o(i.osKernelInitialize) for osKernelInitialize
    main.o(.text) refers to system_stm32f30x.o(.text) for SystemInit
    main.o(.text) refers to rt_cmsis.o(i.osThreadCreate) for osThreadCreate
    main.o(.text) refers to rt_cmsis.o(i.osKernelStart) for osKernelStart
    main.o(.text) refers to main.o(.bss) for RX_buffer
    main.o(.text) refers to main.o(.data) for tx_counter
    main.o(.text) refers to main.o(.constdata) for os_thread_def_Start_job
    main.o(.constdata) refers to main.o(.text) for Start_job
    stm32f30x_adc.o(.text) refers to stm32f30x_rcc.o(.text) for RCC_AHBPeriphResetCmd
    stm32f30x_can.o(.text) refers to stm32f30x_rcc.o(.text) for RCC_APB1PeriphResetCmd
    stm32f30x_dac.o(.text) refers to stm32f30x_rcc.o(.text) for RCC_APB1PeriphResetCmd
    stm32f30x_gpio.o(.text) refers to stm32f30x_rcc.o(.text) for RCC_AHBPeriphResetCmd
    stm32f30x_i2c.o(.text) refers to stm32f30x_rcc.o(.text) for RCC_APB1PeriphResetCmd
    stm32f30x_pwr.o(.text) refers to stm32f30x_rcc.o(.text) for RCC_APB1PeriphResetCmd
    stm32f30x_rcc.o(.text) refers to stm32f30x_rcc.o(.data) for APBAHBPrescTable
    stm32f30x_spi.o(.text) refers to stm32f30x_rcc.o(.text) for RCC_APB2PeriphResetCmd
    stm32f30x_tim.o(.text) refers to stm32f30x_rcc.o(.text) for RCC_APB2PeriphResetCmd
    stm32f30x_usart.o(.text) refers to stm32f30x_rcc.o(.text) for RCC_APB2PeriphResetCmd
    stm32f30x_wwdg.o(.text) refers to stm32f30x_rcc.o(.text) for RCC_APB1PeriphResetCmd
    led_stm32f3-discovery.o(.text) refers to led_stm32f3-discovery.o(.constdata) for led_mask
    rtx_conf_cm.o(.emb_text) refers to sys_stackheap_outer.o(.text) for __user_setup_stackheap
    rtx_conf_cm.o(.emb_text) refers to libinit.o(.ARM.Collect$$libinit$$00000000) for __rt_lib_init
    rtx_conf_cm.o(.emb_text) refers to rt_cmsis.o(i.osKernelInitialize) for osKernelInitialize
    rtx_conf_cm.o(.emb_text) refers to rt_cmsis.o(i.osThreadCreate) for osThreadCreate
    rtx_conf_cm.o(.emb_text) refers to rt_cmsis.o(i.osKernelStart) for osKernelStart
    rtx_conf_cm.o(.emb_text) refers to exit.o(.text) for exit
    rtx_conf_cm.o(.emb_text) refers to rtx_conf_cm.o(.data) for os_thread_def_main
    rtx_conf_cm.o(.text) refers to rt_task.o(i.rt_tsk_self) for rt_tsk_self
    rtx_conf_cm.o(.text) refers to rt_mutex.o(i.rt_mut_init) for rt_mut_init
    rtx_conf_cm.o(.text) refers to rt_cmsis.o(.data) for os_running
    rtx_conf_cm.o(.text) refers to rtx_conf_cm.o(.bss) for .bss
    rtx_conf_cm.o(.text) refers to libspace.o(.bss) for __libspace_start
    rtx_conf_cm.o(.text) refers to rtx_conf_cm.o(.data) for .data
    rtx_conf_cm.o(.text) refers to rt_mutex.o(i.rt_mut_wait) for rt_mut_wait
    rtx_conf_cm.o(.text) refers to rt_mutex.o(i.rt_mut_release) for rt_mut_release
    rtx_conf_cm.o(.constdata) refers to rt_cmsis.o(i.osTimerThread) for osTimerThread
    rtx_conf_cm.o(.constdata) refers to rtx_conf_cm.o(.bss) for os_messageQ_q_osTimerMessageQ
    rtx_conf_cm.o(.data) refers to main.o(.text) for main
    startup_stm32f303xc.o(STACK) refers (Special) to heapauxi.o(.text) for __use_two_region_memory
    startup_stm32f303xc.o(HEAP) refers (Special) to heapauxi.o(.text) for __use_two_region_memory
    startup_stm32f303xc.o(RESET) refers (Special) to heapauxi.o(.text) for __use_two_region_memory
    startup_stm32f303xc.o(RESET) refers to startup_stm32f303xc.o(STACK) for __initial_sp
    startup_stm32f303xc.o(RESET) refers to startup_stm32f303xc.o(.text) for Reset_Handler
    startup_stm32f303xc.o(RESET) refers to hal_cm4.o(.emb_text) for SVC_Handler
    startup_stm32f303xc.o(RESET) refers to main.o(.text) for USART1_IRQHandler
    startup_stm32f303xc.o(.text) refers (Special) to heapauxi.o(.text) for __use_two_region_memory
    startup_stm32f303xc.o(.text) refers to system_stm32f30x.o(.text) for SystemInit
    startup_stm32f303xc.o(.text) refers to __main.o(!!!main) for __main
    startup_stm32f303xc.o(.text) refers to startup_stm32f303xc.o(HEAP) for Heap_Mem
    startup_stm32f303xc.o(.text) refers to startup_stm32f303xc.o(STACK) for Stack_Mem
    system_stm32f30x.o(.text) refers to system_stm32f30x.o(.data) for SystemCoreClock
    rt_cmsis.o(i.isrMessagePut) refers to rt_mailbox.o(i.rt_mbx_check) for rt_mbx_check
    rt_cmsis.o(i.isrMessagePut) refers to rt_mailbox.o(i.isr_mbx_send) for isr_mbx_send
[...]
    ../clib/angel/sysapp.c                   0x00000000   Number         0  sys_exit.o ABSOLUTE
    ../clib/angel/sysapp.c                   0x00000000   Number         0  sys_command.o ABSOLUTE
    ../clib/armsys.c                         0x00000000   Number         0  argv_veneer.o ABSOLUTE
    ../clib/armsys.c                         0x00000000   Number         0  argv_veneer.o ABSOLUTE
    ../clib/armsys.c                         0x00000000   Number         0  _get_argv_nomalloc.o ABSOLUTE
    ../clib/armsys.c                         0x00000000   Number         0  no_argv.o ABSOLUTE
    ../clib/heapalloc.c                      0x00000000   Number         0  hrguard.o ABSOLUTE
    ../clib/heapaux.c                        0x00000000   Number         0  heapauxi.o ABSOLUTE
    ../clib/libinit.s                        0x00000000   Number         0  libinit2.o ABSOLUTE
    ../clib/libinit.s                        0x00000000   Number         0  libshutdown.o ABSOLUTE
    ../clib/libinit.s                        0x00000000   Number         0  libinit.o ABSOLUTE
    ../clib/libinit.s                        0x00000000   Number         0  libshutdown2.o ABSOLUTE
    ../clib/signal.c                         0x00000000   Number         0  defsig_other.o ABSOLUTE
    ../clib/signal.c                         0x00000000   Number         0  defsig_rtmem_inner.o ABSOLUTE
    ../clib/signal.c                         0x00000000   Number         0  defsig_rtmem_formal.o ABSOLUTE
    ../clib/signal.c                         0x00000000   Number         0  defsig_rtmem_outer.o ABSOLUTE
    ../clib/signal.c                         0x00000000   Number         0  defsig_exit.o ABSOLUTE
    ../clib/signal.c                         0x00000000   Number         0  __raise.o ABSOLUTE
    ../clib/signal.c                         0x00000000   Number         0  defsig_general.o ABSOLUTE
    ../clib/signal.c                         0x00000000   Number         0  defsig_abrt_inner.o ABSOLUTE
    ../clib/signal.c                         0x00000000   Number         0  defsig_fpe_inner.o ABSOLUTE
    ../clib/signal.c                         0x00000000   Number         0  defsig_rtred_inner.o ABSOLUTE
    ../clib/signal.c                         0x00000000   Number         0  defsig_stak_inner.o ABSOLUTE
    ../clib/signal.c                         0x00000000   Number         0  defsig_pvfn_inner.o ABSOLUTE
    ../clib/signal.c                         0x00000000   Number         0  defsig_cppl_inner.o ABSOLUTE
    ../clib/signal.c                         0x00000000   Number         0  defsig_segv_inner.o ABSOLUTE
    ../clib/signal.s                         0x00000000   Number         0  defsig.o ABSOLUTE
    ../clib/stdlib.c                         0x00000000   Number         0  exit.o ABSOLUTE
    ../fplib/fpinit.s                        0x00000000   Number         0  fpinit.o ABSOLUTE
    ..\HAL_CM.c                              0x00000000   Number         0  hal_cm.o ABSOLUTE
    ..\SRC\main.c                            0x00000000   Number         0  main.o ABSOLUTE
    ..\STD\src\stm32f30x_adc.c               0x00000000   Number         0  stm32f30x_adc.o ABSOLUTE
    ..\STD\src\stm32f30x_can.c               0x00000000   Number         0  stm32f30x_can.o ABSOLUTE
    ..\STD\src\stm32f30x_comp.c              0x00000000   Number         0  stm32f30x_comp.o ABSOLUTE
    ..\STD\src\stm32f30x_crc.c               0x00000000   Number         0  stm32f30x_crc.o ABSOLUTE
    ..\STD\src\stm32f30x_dac.c               0x00000000   Number         0  stm32f30x_dac.o ABSOLUTE
    ..\STD\src\stm32f30x_dbgmcu.c            0x00000000   Number         0  stm32f30x_dbgmcu.o ABSOLUTE
    ..\STD\src\stm32f30x_dma.c               0x00000000   Number         0  stm32f30x_dma.o ABSOLUTE
    ..\STD\src\stm32f30x_exti.c              0x00000000   Number         0  stm32f30x_exti.o ABSOLUTE
    ..\STD\src\stm32f30x_flash.c             0x00000000   Number         0  stm32f30x_flash.o ABSOLUTE
    ..\STD\src\stm32f30x_gpio.c              0x00000000   Number         0  stm32f30x_gpio.o ABSOLUTE
    ..\STD\src\stm32f30x_i2c.c               0x00000000   Number         0  stm32f30x_i2c.o ABSOLUTE
    ..\STD\src\stm32f30x_iwdg.c              0x00000000   Number         0  stm32f30x_iwdg.o ABSOLUTE
    ..\STD\src\stm32f30x_misc.c              0x00000000   Number         0  stm32f30x_misc.o ABSOLUTE
    ..\STD\src\stm32f30x_opamp.c             0x00000000   Number         0  stm32f30x_opamp.o ABSOLUTE
    ..\STD\src\stm32f30x_pwr.c               0x00000000   Number         0  stm32f30x_pwr.o ABSOLUTE
    ..\STD\src\stm32f30x_rcc.c               0x00000000   Number         0  stm32f30x_rcc.o ABSOLUTE
    ..\STD\src\stm32f30x_rtc.c               0x00000000   Number         0  stm32f30x_rtc.o ABSOLUTE
    ..\STD\src\stm32f30x_spi.c               0x00000000   Number         0  stm32f30x_spi.o ABSOLUTE
    ..\STD\src\stm32f30x_syscfg.c            0x00000000   Number         0  stm32f30x_syscfg.o ABSOLUTE
    ..\STD\src\stm32f30x_tim.c               0x00000000   Number         0  stm32f30x_tim.o ABSOLUTE
    ..\STD\src\stm32f30x_usart.c             0x00000000   Number         0  stm32f30x_usart.o ABSOLUTE
    ..\STD\src\stm32f30x_wwdg.c              0x00000000   Number         0  stm32f30x_wwdg.o ABSOLUTE
    ..\\SRC\\main.c                          0x00000000   Number         0  main.o ABSOLUTE
    ..\\STD\\src\\stm32f30x_adc.c            0x00000000   Number         0  stm32f30x_adc.o ABSOLUTE
    ..\\STD\\src\\stm32f30x_can.c            0x00000000   Number         0  stm32f30x_can.o ABSOLUTE
    ..\\STD\\src\\stm32f30x_comp.c           0x00000000   Number         0  stm32f30x_comp.o ABSOLUTE
    ..\\STD\\src\\stm32f30x_crc.c            0x00000000   Number         0  stm32f30x_crc.o ABSOLUTE
    ..\\STD\\src\\stm32f30x_dac.c            0x00000000   Number         0  stm32f30x_dac.o ABSOLUTE
    ..\\STD\\src\\stm32f30x_dbgmcu.c         0x00000000   Number         0  stm32f30x_dbgmcu.o ABSOLUTE
    ..\\STD\\src\\stm32f30x_dma.c            0x00000000   Number         0  stm32f30x_dma.o ABSOLUTE
    ..\\STD\\src\\stm32f30x_exti.c           0x00000000   Number         0  stm32f30x_exti.o ABSOLUTE
    ..\\STD\\src\\stm32f30x_flash.c          0x00000000   Number         0  stm32f30x_flash.o ABSOLUTE
    ..\\STD\\src\\stm32f30x_gpio.c           0x00000000   Number         0  stm32f30x_gpio.o ABSOLUTE
    ..\\STD\\src\\stm32f30x_i2c.c            0x00000000   Number         0  stm32f30x_i2c.o ABSOLUTE
    ..\\STD\\src\\stm32f30x_iwdg.c           0x00000000   Number         0  stm32f30x_iwdg.o ABSOLUTE
    ..\\STD\\src\\stm32f30x_misc.c           0x00000000   Number         0  stm32f30x_misc.o ABSOLUTE
    ..\\STD\\src\\stm32f30x_opamp.c          0x00000000   Number         0  stm32f30x_opamp.o ABSOLUTE
    ..\\STD\\src\\stm32f30x_pwr.c            0x00000000   Number         0  stm32f30x_pwr.o ABSOLUTE
    ..\\STD\\src\\stm32f30x_rcc.c            0x00000000   Number         0  stm32f30x_rcc.o ABSOLUTE
    ..\\STD\\src\\stm32f30x_rtc.c            0x00000000   Number         0  stm32f30x_rtc.o ABSOLUTE
    ..\\STD\\src\\stm32f30x_spi.c            0x00000000   Number         0  stm32f30x_spi.o ABSOLUTE
    ..\\STD\\src\\stm32f30x_syscfg.c         0x00000000   Number         0  stm32f30x_syscfg.o ABSOLUTE
    ..\\STD\\src\\stm32f30x_tim.c            0x00000000   Number         0  stm32f30x_tim.o ABSOLUTE
    ..\\STD\\src\\stm32f30x_usart.c          0x00000000   Number         0  stm32f30x_usart.o ABSOLUTE
    ..\\STD\\src\\stm32f30x_wwdg.c           0x00000000   Number         0  stm32f30x_wwdg.o ABSOLUTE
    ..\\rt_CMSIS.c                           0x00000000   Number         0  rt_cmsis.o ABSOLUTE
    ..\\rt_System.c                          0x00000000   Number         0  rt_system.o ABSOLUTE
    ..\rt_CMSIS.c                            0x00000000   Number         0  rt_cmsis.o ABSOLUTE
    ..\rt_Event.c                            0x00000000   Number         0  rt_event.o ABSOLUTE
    ..\rt_List.c                             0x00000000   Number         0  rt_list.o ABSOLUTE
    ..\rt_Mailbox.c                          0x00000000   Number         0  rt_mailbox.o ABSOLUTE
    ..\rt_MemBox.c                           0x00000000   Number         0  rt_membox.o ABSOLUTE
    ..\rt_Memory.c                           0x00000000   Number         0  rt_memory.o ABSOLUTE
    ..\rt_Mutex.c                            0x00000000   Number         0  rt_mutex.o ABSOLUTE
    ..\rt_Robin.c                            0x00000000   Number         0  rt_robin.o ABSOLUTE
    ..\rt_Semaphore.c                        0x00000000   Number         0  rt_semaphore.o ABSOLUTE
    ..\rt_System.c                           0x00000000   Number         0  rt_system.o ABSOLUTE
    ..\rt_Task.c                             0x00000000   Number         0  rt_task.o ABSOLUTE
    ..\rt_Time.c                             0x00000000   Number         0  rt_time.o ABSOLUTE
    C:\Keil_v5\ARM\PACK\Keil\STM32F3xx_DFP\1.1.0\Boards\ST\STM32F3-Discovery\Common\Buttons_STM32F3-Discovery.c 0x00000000   Number         0  buttons_stm32f3-discovery.o ABSOLUTE
    C:\Keil_v5\ARM\PACK\Keil\STM32F3xx_DFP\1.1.0\Boards\ST\STM32F3-Discovery\Common\LED_STM32F3-Discovery.c 0x00000000   Number         0  led_stm32f3-discovery.o ABSOLUTE
    C:\\Keil_v5\\ARM\\PACK\\Keil\\STM32F3xx_DFP\\1.1.0\\Boards\\ST\\STM32F3-Discovery\\Common\\Buttons_STM32F3-Discovery.c 0x00000000   Number         0  buttons_stm32f3-discovery.o ABSOLUTE
    C:\\Keil_v5\\ARM\\PACK\\Keil\\STM32F3xx_DFP\\1.1.0\\Boards\\ST\\STM32F3-Discovery\\Common\\LED_STM32F3-Discovery.c 0x00000000   Number         0  led_stm32f3-discovery.o ABSOLUTE
    HAL_CM4.c                                0x00000000   Number         0  hal_cm4.o ABSOLUTE
    HAL_CM4.c                                0x00000000   Number         0  hal_cm4.o ABSOLUTE
    RTE\CMSIS\RTX_Conf_CM.c                  0x00000000   Number         0  rtx_conf_cm.o ABSOLUTE
    RTE\Device\STM32F303VC\startup_stm32f303xc.s 0x00000000   Number         0  startup_stm32f303xc.o ABSOLUTE
    RTE\Device\STM32F303VC\system_stm32f30x.c 0x00000000   Number         0  system_stm32f30x.o ABSOLUTE
    RTE\\CMSIS\\RTX_Conf_CM.c                0x00000000   Number         0  rtx_conf_cm.o ABSOLUTE
    RTE\\Device\\STM32F303VC\\system_stm32f30x.c 0x00000000   Number         0  system_stm32f30x.o ABSOLUTE
    SVC_Table.s                              0x00000000   Number         0  svc_table.o ABSOLUTE
    dc.s                                     0x00000000   Number         0  dc.o ABSOLUTE
    RESET                                    0x08000000   Section      392  startup_stm32f303xc.o(RESET)
    !!!main                                  0x08000188   Section        8  __main.o(!!!main)
    !!!scatter                               0x08000190   Section       52  __scatter.o(!!!scatter)
    !!handler_copy                           0x080001c4   Section       26  __scatter_copy.o(!!handler_copy)
    !!handler_zi                             0x080001e0   Section       28  __scatter_zi.o(!!handler_zi)
    .ARM.Collect$$libinit$$00000000          0x080001fc   Section        2  libinit.o(.ARM.Collect$$libinit$$00000000)
    .ARM.Collect$$libinit$$00000001          0x080001fe   Section        4  libinit2.o(.ARM.Collect$$libinit$$00000001)
    .ARM.Collect$$libinit$$00000004          0x08000202   Section        0  libinit2.o(.ARM.Collect$$libinit$$00000004)
    .ARM.Collect$$libinit$$0000000A          0x08000202   Section        0  libinit2.o(.ARM.Collect$$libinit$$0000000A)
    .ARM.Collect$$libinit$$0000000C          0x08000202   Section        0  libinit2.o(.ARM.Collect$$libinit$$0000000C)
    .ARM.Collect$$libinit$$0000000E          0x08000202   Section        0  libinit2.o(.ARM.Collect$$libinit$$0000000E)
    .ARM.Collect$$libinit$$00000011          0x08000202   Section        0  libinit2.o(.ARM.Collect$$libinit$$00000011)
    .ARM.Collect$$libinit$$00000013          0x08000202   Section        0  libinit2.o(.ARM.Collect$$libinit$$00000013)
    .ARM.Collect$$libinit$$00000015          0x08000202   Section        0  libinit2.o(.ARM.Collect$$libinit$$00000015)
    .ARM.Collect$$libinit$$00000017          0x08000202   Section        0  libinit2.o(.ARM.Collect$$libinit$$00000017)
    .ARM.Collect$$libinit$$00000019          0x08000202   Section        0  libinit2.o(.ARM.Collect$$libinit$$00000019)
    .ARM.Collect$$libinit$$0000001B          0x08000202   Section        0  libinit2.o(.ARM.Collect$$libinit$$0000001B)
    .ARM.Collect$$libinit$$0000001D          0x08000202   Section        0  libinit2.o(.ARM.Collect$$libinit$$0000001D)
    .ARM.Collect$$libinit$$0000001F          0x08000202   Section        0  libinit2.o(.ARM.Collect$$libinit$$0000001F)
    .ARM.Collect$$libinit$$00000021          0x08000202   Section        0  libinit2.o(.ARM.Collect$$libinit$$00000021)
    .ARM.Collect$$libinit$$00000023          0x08000202   Section        0  libinit2.o(.ARM.Collect$$libinit$$00000023)
    .ARM.Collect$$libinit$$00000025          0x08000202   Section        0  libinit2.o(.ARM.Collect$$libinit$$00000025)
    .ARM.Collect$$libinit$$0000002C          0x08000202   Section        0  libinit2.o(.ARM.Collect$$libinit$$0000002C)
    .ARM.Collect$$libinit$$0000002E          0x08000202   Section        0  libinit2.o(.ARM.Collect$$libinit$$0000002E)
    .ARM.Collect$$libinit$$00000030          0x08000202   Section        0  libinit2.o(.ARM.Collect$$libinit$$00000030)
    .ARM.Collect$$libinit$$00000032          0x08000202   Section        0  libinit2.o(.ARM.Collect$$libinit$$00000032)
    .ARM.Collect$$libinit$$00000033          0x08000202   Section        2  libinit2.o(.ARM.Collect$$libinit$$00000033)
    .ARM.Collect$$libshutdown$$00000000      0x08000204   Section        2  libshutdown.o(.ARM.Collect$$libshutdown$$00000000)
    .ARM.Collect$$libshutdown$$00000003      0x08000206   Section        0  libshutdown2.o(.ARM.Collect$$libshutdown$$00000003)
    .ARM.Collect$$libshutdown$$00000006      0x08000206   Section        0  libshutdown2.o(.ARM.Collect$$libshutdown$$00000006)
    .ARM.Collect$$libshutdown$$00000009      0x08000206   Section        0  libshutdown2.o(.ARM.Collect$$libshutdown$$00000009)
    .ARM.Collect$$libshutdown$$0000000B      0x08000206   Section        0  libshutdown2.o(.ARM.Collect$$libshutdown$$0000000B)
    .ARM.Collect$$libshutdown$$0000000E      0x08000206   Section        0  libshutdown2.o(.ARM.Collect$$libshutdown$$0000000E)
    .ARM.Collect$$libshutdown$$0000000F      0x08000206   Section        2  libshutdown2.o(.ARM.Collect$$libshutdown$$0000000F)
    .ARM.Collect$$rtexit$$00000000           0x08000208   Section        2  rtexit.o(.ARM.Collect$$rtexit$$00000000)
    .ARM.Collect$$rtexit$$00000002           0x0800020a   Section        0  rtexit2.o(.ARM.Collect$$rtexit$$00000002)
    .ARM.Collect$$rtexit$$00000003           0x0800020a   Section        4  rtexit2.o(.ARM.Collect$$rtexit$$00000003)
    .ARM.Collect$$rtexit$$00000004           0x0800020e   Section        6  rtexit2.o(.ARM.Collect$$rtexit$$00000004)
    .emb_text                                0x08000214   Section       36  rtx_conf_cm.o(.emb_text)
    $v0                                      0x08000214   Number         0  rtx_conf_cm.o(.emb_text)
    .emb_text                                0x08000238   Section      384  hal_cm4.o(.emb_text)
    $v0                                      0x08000238   Number         0  hal_cm4.o(.emb_text)
    .text                                    0x080003b8   Section        0  main.o(.text)
    .text                                    0x08000654   Section        0  stm32f30x_gpio.o(.text)
    .text                                    0x08000848   Section        0  stm32f30x_misc.o(.text)
    .text                                    0x08000924   Section        0  stm32f30x_rcc.o(.text)
    .text                                    0x08001144   Section        0  stm32f30x_usart.o(.text)
    .text                                    0x08001680   Section        0  led_stm32f3-discovery.o(.text)
    .text                                    0x08001754   Section        0  rtx_conf_cm.o(.text)
    __tagsym$$used                           0x080017b5   Number         0  rtx_conf_cm.o(.text)
    __tagsym$$used                           0x080017cb   Number         0  rtx_conf_cm.o(.text)
    .text                                    0x080017f8   Section       64  startup_stm32f303xc.o(.text)
    $v0                                      0x080017f8   Number         0  startup_stm32f303xc.o(.text)
    .text                                    0x08001838   Section        0  system_stm32f30x.o(.text)
    SetSysClock                              0x08001839   Thumb Code   188  system_stm32f30x.o(.text)
    .text                                    0x08001a18   Section        8  libspace.o(.text)
    .text                                    0x08001a20   Section       74  sys_stackheap_outer.o(.text)
    .text                                    0x08001a6a   Section        0  exit.o(.text)
    .text                                    0x08001a76   Section        0  heapauxi.o(.text)
    .text                                    0x08001a7c   Section        0  sys_exit.o(.text)
    .text                                    0x08001a88   Section        2  use_no_semi.o(.text)
    .text                                    0x08001a8a   Section        0  indicate_semi.o(.text)
    SVC_TABLE                                0x08001a8c   Section        4  svc_table.o(SVC_TABLE)
    i._init_box                              0x08001a90   Section        0  rt_membox.o(i._init_box)
    i.dbg_init                               0x08001ad8   Section        0  hal_cm.o(i.dbg_init)
    i.dbg_task_notify                        0x08001b08   Section        0  hal_cm.o(i.dbg_task_notify)
    i.dbg_task_switch                        0x08001b28   Section        0  hal_cm.o(i.dbg_task_switch)
    i.isrMessagePut                          0x08001b38   Section        0  rt_cmsis.o(i.isrMessagePut)
    isrMessagePut                            0x08001b39   Thumb Code    44  rt_cmsis.o(i.isrMessagePut)
    i.isr_mbx_receive                        0x08001b64   Section        0  rt_mailbox.o(i.isr_mbx_receive)
    i.isr_mbx_send                           0x08001bb4   Section        0  rt_mailbox.o(i.isr_mbx_send)
    i.osDelay                                0x08001bc4   Section        0  rt_cmsis.o(i.osDelay)
    i.osKernelInitialize                     0x08001bdc   Section        0  rt_cmsis.o(i.osKernelInitialize)
    i.osKernelStart                          0x08001c00   Section        0  rt_cmsis.o(i.osKernelStart)
    i.osMessageGet                           0x08001c6c   Section        0  rt_cmsis.o(i.osMessageGet)
    i.osThreadCreate                         0x08001cb0   Section        0  rt_cmsis.o(i.osThreadCreate)
    i.osThreadExit                           0x08001ce0   Section        0  rt_cmsis.o(i.osThreadExit)
    i.osTimerCall                            0x08001cf8   Section        0  rt_cmsis.o(i.osTimerCall)
    i.osTimerThread                          0x08001d04   Section        0  rt_cmsis.o(i.osTimerThread)
    i.os_tick_init                           0x08001d30   Section        0  rt_system.o(i.os_tick_init)
    i.os_tick_irqack                         0x08001d58   Section        0  rt_system.o(i.os_tick_irqack)
    i.rt_alloc_box                           0x08001d5a   Section        0  rt_membox.o(i.rt_alloc_box)
    i.rt_alloc_mem                           0x08001d74   Section        0  rt_memory.o(i.rt_alloc_mem)
    i.rt_block                               0x08001db0   Section        0  rt_task.o(i.rt_block)
    i.rt_chk_robin                           0x08001de8   Section        0  rt_robin.o(i.rt_chk_robin)
    i.rt_dec_dly                             0x08001e30   Section        0  rt_list.o(i.rt_dec_dly)
    i.rt_dispatch                            0x08001ea0   Section        0  rt_task.o(i.rt_dispatch)
    i.rt_dly_wait                            0x08001ee4   Section        0  rt_time.o(i.rt_dly_wait)
    i.rt_evt_psh                             0x08001eec   Section        0  rt_event.o(i.rt_evt_psh)
    i.rt_free_box                            0x08001f3c   Section        0  rt_membox.o(i.rt_free_box)
    i.rt_free_mem                            0x08001f5c   Section        0  rt_memory.o(i.rt_free_mem)
    i.rt_get_first                           0x08001f84   Section        0  rt_list.o(i.rt_get_first)
    i.rt_id2obj                              0x08001fac   Section        0  rt_cmsis.o(i.rt_id2obj)
    rt_id2obj                                0x08001fad   Thumb Code     8  rt_cmsis.o(i.rt_id2obj)
    i.rt_init_context                        0x08001fb4   Section        0  rt_task.o(i.rt_init_context)
    rt_init_context                          0x08001fb5   Thumb Code    66  rt_task.o(i.rt_init_context)
    i.rt_init_mem                            0x08001ffc   Section        0  rt_memory.o(i.rt_init_mem)
    i.rt_init_robin                          0x08002018   Section        0  rt_robin.o(i.rt_init_robin)
    i.rt_init_stack                          0x08002030   Section        0  hal_cm.o(i.rt_init_stack)
    i.rt_mbx_check                           0x08002080   Section        0  rt_mailbox.o(i.rt_mbx_check)
    i.rt_mbx_init                            0x08002088   Section        0  rt_mailbox.o(i.rt_mbx_init)
    i.rt_mbx_psh                             0x080020a4   Section        0  rt_mailbox.o(i.rt_mbx_psh)
    i.rt_mbx_wait                            0x08002194   Section        0  rt_mailbox.o(i.rt_mbx_wait)
    i.rt_ms2tick                             0x08002244   Section        0  rt_cmsis.o(i.rt_ms2tick)
    rt_ms2tick                               0x08002245   Thumb Code    50  rt_cmsis.o(i.rt_ms2tick)
    i.rt_mut_init                            0x08002280   Section        0  rt_mutex.o(i.rt_mut_init)
    i.rt_mut_release                         0x08002290   Section        0  rt_mutex.o(i.rt_mut_release)
    i.rt_mut_wait                            0x08002368   Section        0  rt_mutex.o(i.rt_mut_wait)
    i.rt_pop_req                             0x080023d0   Section        0  rt_system.o(i.rt_pop_req)
    i.rt_psh_req                             0x0800244c   Section        0  rt_system.o(i.rt_psh_req)
    i.rt_psq_enq                             0x0800246c   Section        0  rt_list.o(i.rt_psq_enq)
    i.rt_put_dly                             0x080024c4   Section        0  rt_list.o(i.rt_put_dly)
    i.rt_put_prio                            0x0800250c   Section        0  rt_list.o(i.rt_put_prio)
    i.rt_put_rdy_first                       0x08002544   Section        0  rt_list.o(i.rt_put_rdy_first)
    i.rt_resort_prio                         0x08002558   Section        0  rt_list.o(i.rt_resort_prio)
    i.rt_ret_regs                            0x0800258c   Section        0  hal_cm.o(i.rt_ret_regs)
    rt_ret_regs                              0x0800258d   Thumb Code    16  hal_cm.o(i.rt_ret_regs)
    i.rt_ret_val                             0x0800259c   Section        0  hal_cm.o(i.rt_ret_val)
    i.rt_ret_val2                            0x080025a8   Section        0  hal_cm.o(i.rt_ret_val2)
    i.rt_rmv_dly                             0x080025b8   Section        0  rt_list.o(i.rt_rmv_dly)
    i.rt_rmv_list                            0x080025e0   Section        0  rt_list.o(i.rt_rmv_list)
    i.rt_sem_psh                             0x08002610   Section        0  rt_semaphore.o(i.rt_sem_psh)
    i.rt_stk_check                           0x08002644   Section        0  rt_system.o(i.rt_stk_check)
    i.rt_switch_req                          0x08002668   Section        0  rt_task.o(i.rt_switch_req)
    i.rt_sys_init                            0x08002690   Section        0  rt_task.o(i.rt_sys_init)
    i.rt_sys_start                           0x0800275c   Section        0  rt_task.o(i.rt_sys_start)
    i.rt_systick                             0x080027d4   Section        0  rt_system.o(i.rt_systick)
    i.rt_tid2ptcb                            0x08002814   Section        0  rt_cmsis.o(i.rt_tid2ptcb)
    rt_tid2ptcb                              0x08002815   Thumb Code    18  rt_cmsis.o(i.rt_tid2ptcb)
    i.rt_timer_insert                        0x08002828   Section        0  rt_cmsis.o(i.rt_timer_insert)
    rt_timer_insert                          0x08002829   Thumb Code    50  rt_cmsis.o(i.rt_timer_insert)
    i.rt_tsk_create                          0x08002860   Section        0  rt_task.o(i.rt_tsk_create)
    i.rt_tsk_delete                          0x080028e4   Section        0  rt_task.o(i.rt_tsk_delete)
    i.rt_tsk_prio                            0x08002a58   Section        0  rt_task.o(i.rt_tsk_prio)
    i.rt_tsk_self                            0x08002ad4   Section        0  rt_task.o(i.rt_tsk_self)
    i.svcDelay                               0x08002ae4   Section        0  rt_cmsis.o(i.svcDelay)
    i.svcKernelInitialize                    0x08002af8   Section        0  rt_cmsis.o(i.svcKernelInitialize)
    i.svcKernelStart                         0x08002b68   Section        0  rt_cmsis.o(i.svcKernelStart)
    i.svcMessageCreate                       0x08002bb0   Section        0  rt_cmsis.o(i.svcMessageCreate)
    i.svcMessageGet                          0x08002bd4   Section        0  rt_cmsis.o(i.svcMessageGet)
    i.svcThreadCreate                        0x08002c10   Section        0  rt_cmsis.o(i.svcThreadCreate)
    i.svcThreadGetId                         0x08002c80   Section        0  rt_cmsis.o(i.svcThreadGetId)
    i.svcThreadTerminate                     0x08002c9c   Section        0  rt_cmsis.o(i.svcThreadTerminate)
    i.svcTimerCall                           0x08002cd4   Section        0  rt_cmsis.o(i.svcTimerCall)
    i.sysTimerTick                           0x08002cec   Section        0  rt_cmsis.o(i.sysTimerTick)
    x$fpl$fpinit                             0x08002d40   Section       10  fpinit.o(x$fpl$fpinit)
    $v0                                      0x08002d40   Number         0  fpinit.o(x$fpl$fpinit)
    .constdata                               0x08002d4c   Section       32  main.o(.constdata)
    .constdata                               0x08002d6c   Section       32  led_stm32f3-discovery.o(.constdata)
    .constdata                               0x08002d8c   Section       86  rtx_conf_cm.o(.constdata)
    __tagsym$$used                           0x08002da8   Number         0  rtx_conf_cm.o(.constdata)
    __tagsym$$used                           0x08002dac   Number         0  rtx_conf_cm.o(.constdata)
    __tagsym$$used                           0x08002db0   Number         0  rtx_conf_cm.o(.constdata)
    __tagsym$$used                           0x08002db4   Number         0  rtx_conf_cm.o(.constdata)
    .data                                    0x20000000   Section       14  main.o(.data)
    .data                                    0x2000000e   Section       42  stm32f30x_rcc.o(.data)
    APBAHBPrescTable                         0x2000000e   Data          16  stm32f30x_rcc.o(.data)
    ADCPrescTable                            0x2000001e   Data          26  stm32f30x_rcc.o(.data)
    .data                                    0x20000038   Section       36  rtx_conf_cm.o(.data)
    nr_mutex                                 0x20000048   Data           4  rtx_conf_cm.o(.data)
    .data                                    0x2000005c   Section       20  system_stm32f30x.o(.data)
    .data                                    0x20000070   Section        8  rt_cmsis.o(.data)
    .data                                    0x20000078   Section        8  rt_task.o(.data)
    .data                                    0x20000080   Section        8  rt_system.o(.data)
    os_lock                                  0x20000080   Data           1  rt_system.o(.data)
    os_psh_flag                              0x20000081   Data           1  rt_system.o(.data)
    pend_flags                               0x20000082   Data           1  rt_system.o(.data)
    .data                                    0x20000088   Section        4  rt_time.o(.data)
    .data                                    0x2000008c   Section        8  rt_robin.o(.data)
    .data                                    0x20000094   Section        1  hal_cm.o(.data)
    .bss                                     0x20000098   Section      629  main.o(.bss)
    .bss                                     0x20000310   Section     1964  rtx_conf_cm.o(.bss)
    std_libspace                             0x200008bc   Data         384  rtx_conf_cm.o(.bss)
    std_libmutex                             0x20000a3c   Data         128  rtx_conf_cm.o(.bss)
    .bss                                     0x20000abc   Section       52  rt_task.o(.bss)
    .bss                                     0x20000af0   Section       48  rt_list.o(.bss)
    .bss                                     0x20000b20   Section       96  libspace.o(.bss)
    HEAP                                     0x20000b80   Section      512  startup_stm32f303xc.o(HEAP)
    Heap_Mem                                 0x20000b80   Data         512  startup_stm32f303xc.o(HEAP)
    STACK                                    0x20000d80   Section     1024  startup_stm32f303xc.o(STACK)
    Stack_Mem                                0x20000d80   Data        1024  startup_stm32f303xc.o(STACK)
    __initial_sp                             0x20001180   Data           0  startup_stm32f303xc.o(STACK)

    Global Symbols

    Symbol Name                              Value     Ov Type        Size  Object(Section)

    BuildAttributes$$THM_ISAv4$E$P$D$K$B$S$7EM$VFPi3$EXTD16$VFPS$VFMA$PE$A:L22UL41UL21$X:L11$S22US41US21$IEEE1$IW$USESV6$~STKCKD$USESV7$~SHL$OSPACE$ROPI$EBA8$UX$STANDARDLIB$REQ8$PRES8$EABIv2 0x00000000   Number         0  anon$$obj.o ABSOLUTE
    __ARM_use_no_argv                        0x00000000   Number         0  main.o ABSOLUTE
    __ARM_exceptions_init                     - Undefined Weak Reference
    __alloca_initialize                       - Undefined Weak Reference
    __arm_preinit_                            - Undefined Weak Reference
    __cpp_initialize__aeabi_                  - Undefined Weak Reference
    __cxa_finalize                            - Undefined Weak Reference
    __rt_locale                               - Undefined Weak Reference
    __sigvec_lookup                           - Undefined Weak Reference
    _atexit_init                              - Undefined Weak Reference
    _call_atexit_fns                          - Undefined Weak Reference
    _clock_init                               - Undefined Weak Reference
    _fp_trap_init                             - Undefined Weak Reference
    _fp_trap_shutdown                         - Undefined Weak Reference
    _get_lc_collate                           - Undefined Weak Reference
    _get_lc_ctype                             - Undefined Weak Reference
    _get_lc_monetary                          - Undefined Weak Reference
    _get_lc_numeric                           - Undefined Weak Reference
    _get_lc_time                              - Undefined Weak Reference
    _getenv_init                              - Undefined Weak Reference
    _handle_redirection                       - Undefined Weak Reference
    _init_alloc                               - Undefined Weak Reference
    _init_user_alloc                          - Undefined Weak Reference
    _initio                                   - Undefined Weak Reference
    _rand_init                                - Undefined Weak Reference
    _signal_finish                            - Undefined Weak Reference
    _signal_init                              - Undefined Weak Reference
    _terminate_alloc                          - Undefined Weak Reference
    _terminate_user_alloc                     - Undefined Weak Reference
    _terminateio                              - Undefined Weak Reference
    __Vectors_Size                           0x00000188   Number         0  startup_stm32f303xc.o ABSOLUTE
    __RL_RTX_VER                             0x00000473   Number         0  rt_system.o ABSOLUTE
    __Vectors                                0x08000000   Data           4  startup_stm32f303xc.o(RESET)
    __Vectors_End                            0x08000188   Data           0  startup_stm32f303xc.o(RESET)
    __main                                   0x08000189   Thumb Code     8  __main.o(!!!main)
    __scatterload                            0x08000191   Thumb Code     0  __scatter.o(!!!scatter)
    __scatterload_rt2                        0x08000191   Thumb Code    44  __scatter.o(!!!scatter)
    __scatterload_rt2_thumb_only             0x08000191   Thumb Code     0  __scatter.o(!!!scatter)
    __scatterload_null                       0x0800019f   Thumb Code     0  __scatter.o(!!!scatter)
    __scatterload_copy                       0x080001c5   Thumb Code    26  __scatter_copy.o(!!handler_copy)
    __scatterload_zeroinit                   0x080001e1   Thumb Code    28  __scatter_zi.o(!!handler_zi)
    __rt_lib_init                            0x080001fd   Thumb Code     0  libinit.o(.ARM.Collect$$libinit$$00000000)
    __rt_lib_init_fp_1                       0x080001ff   Thumb Code     0  libinit2.o(.ARM.Collect$$libinit$$00000001)
    __rt_lib_init_alloca_1                   0x08000203   Thumb Code     0  libinit2.o(.ARM.Collect$$libinit$$0000002E)
    __rt_lib_init_argv_1                     0x08000203   Thumb Code     0  libinit2.o(.ARM.Collect$$libinit$$0000002C)
    __rt_lib_init_atexit_1                   0x08000203   Thumb Code     0  libinit2.o(.ARM.Collect$$libinit$$0000001B)
    __rt_lib_init_clock_1                    0x08000203   Thumb Code     0  libinit2.o(.ARM.Collect$$libinit$$00000021)
    __rt_lib_init_cpp_1                      0x08000203   Thumb Code     0  libinit2.o(.ARM.Collect$$libinit$$00000032)
    __rt_lib_init_exceptions_1               0x08000203   Thumb Code     0  libinit2.o(.ARM.Collect$$libinit$$00000030)
    __rt_lib_init_fp_trap_1                  0x08000203   Thumb Code     0  libinit2.o(.ARM.Collect$$libinit$$0000001F)
    __rt_lib_init_getenv_1                   0x08000203   Thumb Code     0  libinit2.o(.ARM.Collect$$libinit$$00000023)
    __rt_lib_init_heap_1                     0x08000203   Thumb Code     0  libinit2.o(.ARM.Collect$$libinit$$0000000A)
    __rt_lib_init_lc_collate_1               0x08000203   Thumb Code     0  libinit2.o(.ARM.Collect$$libinit$$00000011)
    __rt_lib_init_lc_ctype_1                 0x08000203   Thumb Code     0  libinit2.o(.ARM.Collect$$libinit$$00000013)
    __rt_lib_init_lc_monetary_1              0x08000203   Thumb Code     0  libinit2.o(.ARM.Collect$$libinit$$00000015)
    __rt_lib_init_lc_numeric_1               0x08000203   Thumb Code     0  libinit2.o(.ARM.Collect$$libinit$$00000017)
    __rt_lib_init_lc_time_1                  0x08000203   Thumb Code     0  libinit2.o(.ARM.Collect$$libinit$$00000019)
    __rt_lib_init_preinit_1                  0x08000203   Thumb Code     0  libinit2.o(.ARM.Collect$$libinit$$00000004)
    __rt_lib_init_rand_1                     0x08000203   Thumb Code     0  libinit2.o(.ARM.Collect$$libinit$$0000000E)
    __rt_lib_init_return                     0x08000203   Thumb Code     0  libinit2.o(.ARM.Collect$$libinit$$00000033)
    __rt_lib_init_signal_1                   0x08000203   Thumb Code     0  libinit2.o(.ARM.Collect$$libinit$$0000001D)
    __rt_lib_init_stdio_1                    0x08000203   Thumb Code     0  libinit2.o(.ARM.Collect$$libinit$$00000025)
    __rt_lib_init_user_alloc_1               0x08000203   Thumb Code     0  libinit2.o(.ARM.Collect$$libinit$$0000000C)
    __rt_lib_shutdown                        0x08000205   Thumb Code     0  libshutdown.o(.ARM.Collect$$libshutdown$$00000000)
    __rt_lib_shutdown_fp_trap_1              0x08000207   Thumb Code     0  libshutdown2.o(.ARM.Collect$$libshutdown$$00000006)
    __rt_lib_shutdown_heap_1                 0x08000207   Thumb Code     0  libshutdown2.o(.ARM.Collect$$libshutdown$$0000000E)
    __rt_lib_shutdown_return                 0x08000207   Thumb Code     0  libshutdown2.o(.ARM.Collect$$libshutdown$$0000000F)
    __rt_lib_shutdown_signal_1               0x08000207   Thumb Code     0  libshutdown2.o(.ARM.Collect$$libshutdown$$00000009)
    __rt_lib_shutdown_stdio_1                0x08000207   Thumb Code     0  libshutdown2.o(.ARM.Collect$$libshutdown$$00000003)
    __rt_lib_shutdown_user_alloc_1           0x08000207   Thumb Code     0  libshutdown2.o(.ARM.Collect$$libshutdown$$0000000B)
    __rt_exit                                0x08000209   Thumb Code     0  rtexit.o(.ARM.Collect$$rtexit$$00000000)
    __rt_exit_ls                             0x0800020b   Thumb Code     0  rtexit2.o(.ARM.Collect$$rtexit$$00000003)
    __rt_exit_prels_1                        0x0800020b   Thumb Code     0  rtexit2.o(.ARM.Collect$$rtexit$$00000002)
    __rt_exit_exit                           0x0800020f   Thumb Code     0  rtexit2.o(.ARM.Collect$$rtexit$$00000004)
    __rt_entry                               0x08000215   Thumb Code    32  rtx_conf_cm.o(.emb_text)
    rt_set_PSP                               0x08000239   Thumb Code     6  hal_cm4.o(.emb_text)
    rt_get_PSP                               0x0800023f   Thumb Code     6  hal_cm4.o(.emb_text)
    os_set_env                               0x08000245   Thumb Code    24  hal_cm4.o(.emb_text)
    _alloc_box                               0x08000261   Thumb Code    28  hal_cm4.o(.emb_text)
    _free_box                                0x08000281   Thumb Code    28  hal_cm4.o(.emb_text)
    SVC_Handler                              0x080002a1   Thumb Code   148  hal_cm4.o(.emb_text)
    PendSV_Handler                           0x08000341   Thumb Code    96  hal_cm4.o(.emb_text)
    SysTick_Handler                          0x080003a5   Thumb Code     8  hal_cm4.o(.emb_text)
    OS_Tick_Handler                          0x080003ad   Thumb Code    12  hal_cm4.o(.emb_text)
    USART1_IRQHandler                        0x080003b9   Thumb Code   190  main.o(.text)
    put_char                                 0x08000477   Thumb Code   104  main.o(.text)
    Start_job                                0x080004df   Thumb Code    40  main.o(.text)
    Measure_job                              0x08000507   Thumb Code    28  main.o(.text)
    USART_Ini                                0x08000523   Thumb Code   194  main.o(.text)
    GPIO_init                                0x080005e5   Thumb Code     2  main.o(.text)
    main                                     0x080005e7   Thumb Code    54  main.o(.text)
    GPIO_DeInit                              0x08000655   Thumb Code   154  stm32f30x_gpio.o(.text)
    GPIO_Init                                0x080006ef   Thumb Code   144  stm32f30x_gpio.o(.text)
    GPIO_StructInit                          0x0800077f   Thumb Code    22  stm32f30x_gpio.o(.text)
    GPIO_PinLockConfig                       0x08000795   Thumb Code    18  stm32f30x_gpio.o(.text)
    GPIO_ReadInputDataBit                    0x080007a7   Thumb Code    18  stm32f30x_gpio.o(.text)
    GPIO_ReadInputData                       0x080007b9   Thumb Code     6  stm32f30x_gpio.o(.text)
    GPIO_ReadOutputDataBit                   0x080007bf   Thumb Code    18  stm32f30x_gpio.o(.text)
    GPIO_ReadOutputData                      0x080007d1   Thumb Code     6  stm32f30x_gpio.o(.text)
    GPIO_SetBits                             0x080007d7   Thumb Code     4  stm32f30x_gpio.o(.text)
    GPIO_ResetBits                           0x080007db   Thumb Code     4  stm32f30x_gpio.o(.text)
    GPIO_WriteBit                            0x080007df   Thumb Code    10  stm32f30x_gpio.o(.text)
    GPIO_Write                               0x080007e9   Thumb Code     4  stm32f30x_gpio.o(.text)
    GPIO_PinAFConfig                         0x080007ed   Thumb Code    70  stm32f30x_gpio.o(.text)
    NVIC_PriorityGroupConfig                 0x08000849   Thumb Code    10  stm32f30x_misc.o(.text)
    NVIC_Init                                0x08000853   Thumb Code   100  stm32f30x_misc.o(.text)
    NVIC_SetVectorTable                      0x080008b7   Thumb Code    14  stm32f30x_misc.o(.text)
    NVIC_SystemLPConfig                      0x080008c5   Thumb Code    34  stm32f30x_misc.o(.text)
    SysTick_CLKSourceConfig                  0x080008e7   Thumb Code    40  stm32f30x_misc.o(.text)
    RCC_DeInit                               0x08000925   Thumb Code    84  stm32f30x_rcc.o(.text)
    RCC_HSEConfig                            0x08000979   Thumb Code    12  stm32f30x_rcc.o(.text)
    RCC_GetFlagStatus                        0x08000985   Thumb Code    64  stm32f30x_rcc.o(.text)
    RCC_WaitForHSEStartUp                    0x080009c5   Thumb Code    56  stm32f30x_rcc.o(.text)
    RCC_AdjustHSICalibrationValue            0x080009fd   Thumb Code    20  stm32f30x_rcc.o(.text)
    RCC_HSICmd                               0x08000a11   Thumb Code     6  stm32f30x_rcc.o(.text)
    RCC_LSEConfig                            0x08000a17   Thumb Code    32  stm32f30x_rcc.o(.text)
    RCC_LSEDriveConfig                       0x08000a37   Thumb Code    22  stm32f30x_rcc.o(.text)
    RCC_LSICmd                               0x08000a4d   Thumb Code     6  stm32f30x_rcc.o(.text)
    RCC_PLLConfig                            0x08000a53   Thumb Code    28  stm32f30x_rcc.o(.text)
    RCC_PLLCmd                               0x08000a6f   Thumb Code     6  stm32f30x_rcc.o(.text)
    RCC_PREDIV1Config                        0x08000a75   Thumb Code    18  stm32f30x_rcc.o(.text)
    RCC_ClockSecuritySystemCmd               0x08000a87   Thumb Code     6  stm32f30x_rcc.o(.text)
    RCC_MCOConfig                            0x08000a8d   Thumb Code     6  stm32f30x_rcc.o(.text)
    RCC_SYSCLKConfig                         0x08000a93   Thumb Code    18  stm32f30x_rcc.o(.text)
    RCC_GetSYSCLKSource                      0x08000aa5   Thumb Code    10  stm32f30x_rcc.o(.text)
    RCC_HCLKConfig                           0x08000aaf   Thumb Code    18  stm32f30x_rcc.o(.text)
    RCC_PCLK1Config                          0x08000ac1   Thumb Code    18  stm32f30x_rcc.o(.text)
    RCC_PCLK2Config                          0x08000ad3   Thumb Code    20  stm32f30x_rcc.o(.text)
    RCC_GetClocksFreq                        0x08000ae7   Thumb Code  1116  stm32f30x_rcc.o(.text)
    RCC_ADCCLKConfig                         0x08000f43   Thumb Code    44  stm32f30x_rcc.o(.text)
    RCC_I2CCLKConfig                         0x08000f6f   Thumb Code    44  stm32f30x_rcc.o(.text)
    RCC_TIMCLKConfig                         0x08000f9b   Thumb Code    44  stm32f30x_rcc.o(.text)
    RCC_USARTCLKConfig                       0x08000fc7   Thumb Code   104  stm32f30x_rcc.o(.text)
    RCC_USBCLKConfig                         0x0800102f   Thumb Code     6  stm32f30x_rcc.o(.text)
    RCC_RTCCLKConfig                         0x08001035   Thumb Code    12  stm32f30x_rcc.o(.text)
    RCC_I2SCLKConfig                         0x08001041   Thumb Code     8  stm32f30x_rcc.o(.text)
    RCC_RTCCLKCmd                            0x08001049   Thumb Code     6  stm32f30x_rcc.o(.text)
    RCC_BackupResetCmd                       0x0800104f   Thumb Code     8  stm32f30x_rcc.o(.text)
    RCC_AHBPeriphClockCmd                    0x08001057   Thumb Code    26  stm32f30x_rcc.o(.text)
    RCC_APB2PeriphClockCmd                   0x08001071   Thumb Code    26  stm32f30x_rcc.o(.text)
    RCC_APB1PeriphClockCmd                   0x0800108b   Thumb Code    26  stm32f30x_rcc.o(.text)
    RCC_AHBPeriphResetCmd                    0x080010a5   Thumb Code    26  stm32f30x_rcc.o(.text)
    RCC_APB2PeriphResetCmd                   0x080010bf   Thumb Code    26  stm32f30x_rcc.o(.text)
    RCC_APB1PeriphResetCmd                   0x080010d9   Thumb Code    26  stm32f30x_rcc.o(.text)
    RCC_ITConfig                             0x080010f3   Thumb Code    26  stm32f30x_rcc.o(.text)
    RCC_ClearFlag                            0x0800110d   Thumb Code    14  stm32f30x_rcc.o(.text)
    RCC_GetITStatus                          0x0800111b   Thumb Code    20  stm32f30x_rcc.o(.text)
    RCC_ClearITPendingBit                    0x0800112f   Thumb Code     6  stm32f30x_rcc.o(.text)
    USART_DeInit                             0x08001145   Thumb Code   134  stm32f30x_usart.o(.text)
    USART_Init                               0x080011cb   Thumb Code   220  stm32f30x_usart.o(.text)
    USART_StructInit                         0x080012a7   Thumb Code    24  stm32f30x_usart.o(.text)
    USART_ClockInit                          0x080012bf   Thumb Code    30  stm32f30x_usart.o(.text)
    USART_ClockStructInit                    0x080012dd   Thumb Code    12  stm32f30x_usart.o(.text)
    USART_Cmd                                0x080012e9   Thumb Code    22  stm32f30x_usart.o(.text)
    USART_DirectionModeCmd                   0x080012ff   Thumb Code    18  stm32f30x_usart.o(.text)
    USART_OverSampling8Cmd                   0x08001311   Thumb Code    22  stm32f30x_usart.o(.text)
    USART_OneBitMethodCmd                    0x08001327   Thumb Code    22  stm32f30x_usart.o(.text)
    USART_MSBFirstCmd                        0x0800133d   Thumb Code    22  stm32f30x_usart.o(.text)
    USART_DataInvCmd                         0x08001353   Thumb Code    22  stm32f30x_usart.o(.text)
    USART_InvPinCmd                          0x08001369   Thumb Code    18  stm32f30x_usart.o(.text)
    USART_SWAPPinCmd                         0x0800137b   Thumb Code    22  stm32f30x_usart.o(.text)
    USART_ReceiverTimeOutCmd                 0x08001391   Thumb Code    22  stm32f30x_usart.o(.text)
    USART_SetReceiverTimeOut                 0x080013a7   Thumb Code    16  stm32f30x_usart.o(.text)
    USART_SetPrescaler                       0x080013b7   Thumb Code    16  stm32f30x_usart.o(.text)
    USART_STOPModeCmd                        0x080013c7   Thumb Code    22  stm32f30x_usart.o(.text)
    USART_StopModeWakeUpSourceConfig         0x080013dd   Thumb Code    16  stm32f30x_usart.o(.text)
    USART_AutoBaudRateCmd                    0x080013ed   Thumb Code    22  stm32f30x_usart.o(.text)
    USART_AutoBaudRateConfig                 0x08001403   Thumb Code    16  stm32f30x_usart.o(.text)
    USART_SendData                           0x08001413   Thumb Code     8  stm32f30x_usart.o(.text)
    USART_ReceiveData                        0x0800141b   Thumb Code    10  stm32f30x_usart.o(.text)
    USART_SetAddress                         0x08001425   Thumb Code    18  stm32f30x_usart.o(.text)
    USART_MuteModeCmd                        0x08001437   Thumb Code    22  stm32f30x_usart.o(.text)
    USART_MuteModeWakeUpConfig               0x0800144d   Thumb Code    16  stm32f30x_usart.o(.text)
    USART_AddressDetectionConfig             0x0800145d   Thumb Code    16  stm32f30x_usart.o(.text)
    USART_LINBreakDetectLengthConfig         0x0800146d   Thumb Code    16  stm32f30x_usart.o(.text)
    USART_LINCmd                             0x0800147d   Thumb Code    22  stm32f30x_usart.o(.text)
    USART_HalfDuplexCmd                      0x08001493   Thumb Code    22  stm32f30x_usart.o(.text)
    USART_SetGuardTime                       0x080014a9   Thumb Code    16  stm32f30x_usart.o(.text)
    USART_SmartCardCmd                       0x080014b9   Thumb Code    22  stm32f30x_usart.o(.text)
    USART_SmartCardNACKCmd                   0x080014cf   Thumb Code    22  stm32f30x_usart.o(.text)
    USART_SetAutoRetryCount                  0x080014e5   Thumb Code    18  stm32f30x_usart.o(.text)
    USART_SetBlockLength                     0x080014f7   Thumb Code    18  stm32f30x_usart.o(.text)
    USART_IrDAConfig                         0x08001509   Thumb Code    16  stm32f30x_usart.o(.text)
    USART_IrDACmd                            0x08001519   Thumb Code    44  stm32f30x_usart.o(.text)
    USART_DECmd                              0x08001545   Thumb Code    22  stm32f30x_usart.o(.text)
    USART_DEPolarityConfig                   0x0800155b   Thumb Code    16  stm32f30x_usart.o(.text)
    USART_SetDEAssertionTime                 0x0800156b   Thumb Code    18  stm32f30x_usart.o(.text)
    USART_SetDEDeassertionTime               0x0800157d   Thumb Code    18  stm32f30x_usart.o(.text)
    USART_DMACmd                             0x0800158f   Thumb Code    18  stm32f30x_usart.o(.text)
    USART_DMAReceptionErrorConfig            0x080015a1   Thumb Code    16  stm32f30x_usart.o(.text)
    USART_ITConfig                           0x080015b1   Thumb Code    58  stm32f30x_usart.o(.text)
    USART_RequestCmd                         0x080015eb   Thumb Code    18  stm32f30x_usart.o(.text)
    USART_OverrunDetectionConfig             0x080015fd   Thumb Code    16  stm32f30x_usart.o(.text)
    USART_GetFlagStatus                      0x0800160d   Thumb Code    18  stm32f30x_usart.o(.text)
    USART_ClearFlag                          0x0800161f   Thumb Code     4  stm32f30x_usart.o(.text)
    USART_GetITStatus                        0x08001623   Thumb Code    74  stm32f30x_usart.o(.text)
    USART_ClearITPendingBit                  0x0800166d   Thumb Code    18  stm32f30x_usart.o(.text)
    LED_Off                                  0x08001681   Thumb Code    28  led_stm32f3-discovery.o(.text)
    LED_On                                   0x0800169d   Thumb Code    26  led_stm32f3-discovery.o(.text)
    LED_SetOut                               0x080016b7   Thumb Code    40  led_stm32f3-discovery.o(.text)
    LED_Initialize                           0x080016df   Thumb Code    94  led_stm32f3-discovery.o(.text)
    LED_GetCount                             0x0800173d   Thumb Code     4  led_stm32f3-discovery.o(.text)
    os_idle_demon                            0x08001755   Thumb Code     4  rtx_conf_cm.o(.text)
    os_error                                 0x08001759   Thumb Code    26  rtx_conf_cm.o(.text)
    __user_perthread_libspace                0x08001773   Thumb Code    32  rtx_conf_cm.o(.text)
    _mutex_initialize                        0x08001793   Thumb Code    34  rtx_conf_cm.o(.text)
    _mutex_acquire                           0x080017b5   Thumb Code    22  rtx_conf_cm.o(.text)
    _mutex_release                           0x080017cb   Thumb Code    18  rtx_conf_cm.o(.text)
    Reset_Handler                            0x080017f9   Thumb Code     8  startup_stm32f303xc.o(.text)
    NMI_Handler                              0x08001801   Thumb Code     2  startup_stm32f303xc.o(.text)
    HardFault_Handler                        0x08001803   Thumb Code     2  startup_stm32f303xc.o(.text)
    MemManage_Handler                        0x08001805   Thumb Code     2  startup_stm32f303xc.o(.text)
    BusFault_Handler                         0x08001807   Thumb Code     2  startup_stm32f303xc.o(.text)
    UsageFault_Handler                       0x08001809   Thumb Code     2  startup_stm32f303xc.o(.text)
    DebugMon_Handler                         0x0800180d   Thumb Code     2  startup_stm32f303xc.o(.text)
    ADC1_2_IRQHandler                        0x08001813   Thumb Code     0  startup_stm32f303xc.o(.text)
    ADC3_IRQHandler                          0x08001813   Thumb Code     0  startup_stm32f303xc.o(.text)
    ADC4_IRQHandler                          0x08001813   Thumb Code     0  startup_stm32f303xc.o(.text)
    CAN1_RX1_IRQHandler                      0x08001813   Thumb Code     0  startup_stm32f303xc.o(.text)
    CAN1_SCE_IRQHandler                      0x08001813   Thumb Code     0  startup_stm32f303xc.o(.text)
    COMP1_2_3_IRQHandler                     0x08001813   Thumb Code     0  startup_stm32f303xc.o(.text)
    COMP4_5_6_IRQHandler                     0x08001813   Thumb Code     0  startup_stm32f303xc.o(.text)
    COMP7_IRQHandler                         0x08001813   Thumb Code     0  startup_stm32f303xc.o(.text)
    DMA1_Channel1_IRQHandler                 0x08001813   Thumb Code     0  startup_stm32f303xc.o(.text)
    DMA1_Channel2_IRQHandler                 0x08001813   Thumb Code     0  startup_stm32f303xc.o(.text)
    DMA1_Channel3_IRQHandler                 0x08001813   Thumb Code     0  startup_stm32f303xc.o(.text)
    DMA1_Channel4_IRQHandler                 0x08001813   Thumb Code     0  startup_stm32f303xc.o(.text)
    DMA1_Channel5_IRQHandler                 0x08001813   Thumb Code     0  startup_stm32f303xc.o(.text)
    DMA1_Channel6_IRQHandler                 0x08001813   Thumb Code     0  startup_stm32f303xc.o(.text)
    DMA1_Channel7_IRQHandler                 0x08001813   Thumb Code     0  startup_stm32f303xc.o(.text)
    DMA2_Channel1_IRQHandler                 0x08001813   Thumb Code     0  startup_stm32f303xc.o(.text)
    DMA2_Channel2_IRQHandler                 0x08001813   Thumb Code     0  startup_stm32f303xc.o(.text)
    DMA2_Channel3_IRQHandler                 0x08001813   Thumb Code     0  startup_stm32f303xc.o(.text)
    DMA2_Channel4_IRQHandler                 0x08001813   Thumb Code     0  startup_stm32f303xc.o(.text)
    DMA2_Channel5_IRQHandler                 0x08001813   Thumb Code     0  startup_stm32f303xc.o(.text)
    EXTI0_IRQHandler                         0x08001813   Thumb Code     0  startup_stm32f303xc.o(.text)
    EXTI15_10_IRQHandler                     0x08001813   Thumb Code     0  startup_stm32f303xc.o(.text)
    EXTI1_IRQHandler                         0x08001813   Thumb Code     0  startup_stm32f303xc.o(.text)
    EXTI2_TS_IRQHandler                      0x08001813   Thumb Code     0  startup_stm32f303xc.o(.text)
    EXTI3_IRQHandler                         0x08001813   Thumb Code     0  startup_stm32f303xc.o(.text)
    EXTI4_IRQHandler                         0x08001813   Thumb Code     0  startup_stm32f303xc.o(.text)
    EXTI9_5_IRQHandler                       0x08001813   Thumb Code     0  startup_stm32f303xc.o(.text)
    FLASH_IRQHandler                         0x08001813   Thumb Code     0  startup_stm32f303xc.o(.text)
    FPU_IRQHandler                           0x08001813   Thumb Code     0  startup_stm32f303xc.o(.text)
    I2C1_ER_IRQHandler                       0x08001813   Thumb Code     0  startup_stm32f303xc.o(.text)
    I2C1_EV_IRQHandler                       0x08001813   Thumb Code     0  startup_stm32f303xc.o(.text)
    I2C2_ER_IRQHandler                       0x08001813   Thumb Code     0  startup_stm32f303xc.o(.text)
    I2C2_EV_IRQHandler                       0x08001813   Thumb Code     0  startup_stm32f303xc.o(.text)
    PVD_IRQHandler                           0x08001813   Thumb Code     0  startup_stm32f303xc.o(.text)
    RCC_IRQHandler                           0x08001813   Thumb Code     0  startup_stm32f303xc.o(.text)
    RTC_Alarm_IRQHandler                     0x08001813   Thumb Code     0  startup_stm32f303xc.o(.text)
    RTC_WKUP_IRQHandler                      0x08001813   Thumb Code     0  startup_stm32f303xc.o(.text)
    SPI1_IRQHandler                          0x08001813   Thumb Code     0  startup_stm32f303xc.o(.text)
    SPI2_IRQHandler                          0x08001813   Thumb Code     0  startup_stm32f303xc.o(.text)
    SPI3_IRQHandler                          0x08001813   Thumb Code     0  startup_stm32f303xc.o(.text)
    TAMPER_STAMP_IRQHandler                  0x08001813   Thumb Code     0  startup_stm32f303xc.o(.text)
    TIM1_BRK_TIM15_IRQHandler                0x08001813   Thumb Code     0  startup_stm32f303xc.o(.text)
    TIM1_CC_IRQHandler                       0x08001813   Thumb Code     0  startup_stm32f303xc.o(.text)
    TIM1_TRG_COM_TIM17_IRQHandler            0x08001813   Thumb Code     0  startup_stm32f303xc.o(.text)
    TIM1_UP_TIM16_IRQHandler                 0x08001813   Thumb Code     0  startup_stm32f303xc.o(.text)
    TIM2_IRQHandler                          0x08001813   Thumb Code     0  startup_stm32f303xc.o(.text)
    TIM3_IRQHandler                          0x08001813   Thumb Code     0  startup_stm32f303xc.o(.text)
    TIM4_IRQHandler                          0x08001813   Thumb Code     0  startup_stm32f303xc.o(.text)
    TIM6_DAC_IRQHandler                      0x08001813   Thumb Code     0  startup_stm32f303xc.o(.text)
    TIM7_IRQHandler                          0x08001813   Thumb Code     0  startup_stm32f303xc.o(.text)
    TIM8_BRK_IRQHandler                      0x08001813   Thumb Code     0  startup_stm32f303xc.o(.text)
    TIM8_CC_IRQHandler                       0x08001813   Thumb Code     0  startup_stm32f303xc.o(.text)
    TIM8_TRG_COM_IRQHandler                  0x08001813   Thumb Code     0  startup_stm32f303xc.o(.text)
    TIM8_UP_IRQHandler                       0x08001813   Thumb Code     0  startup_stm32f303xc.o(.text)
    UART4_IRQHandler                         0x08001813   Thumb Code     0  startup_stm32f303xc.o(.text)
    UART5_IRQHandler                         0x08001813   Thumb Code     0  startup_stm32f303xc.o(.text)
    USART2_IRQHandler                        0x08001813   Thumb Code     0  startup_stm32f303xc.o(.text)
    USART3_IRQHandler                        0x08001813   Thumb Code     0  startup_stm32f303xc.o(.text)
    USBWakeUp_IRQHandler                     0x08001813   Thumb Code     0  startup_stm32f303xc.o(.text)
    USBWakeUp_RMP_IRQHandler                 0x08001813   Thumb Code     0  startup_stm32f303xc.o(.text)
    USB_HP_CAN1_TX_IRQHandler                0x08001813   Thumb Code     0  startup_stm32f303xc.o(.text)
    USB_HP_IRQHandler                        0x08001813   Thumb Code     0  startup_stm32f303xc.o(.text)
    USB_LP_CAN1_RX0_IRQHandler               0x08001813   Thumb Code     0  startup_stm32f303xc.o(.text)
    USB_LP_IRQHandler                        0x08001813   Thumb Code     0  startup_stm32f303xc.o(.text)
    WWDG_IRQHandler                          0x08001813   Thumb Code     0  startup_stm32f303xc.o(.text)
    __user_initial_stackheap                 0x08001815   Thumb Code     0  startup_stm32f303xc.o(.text)
    SystemInit                               0x080018f5   Thumb Code   112  system_stm32f30x.o(.text)
    SystemCoreClockUpdate                    0x08001965   Thumb Code   138  system_stm32f30x.o(.text)
    __user_libspace                          0x08001a19   Thumb Code     8  libspace.o(.text)
    __user_perproc_libspace                  0x08001a19   Thumb Code     0  libspace.o(.text)
    __user_setup_stackheap                   0x08001a21   Thumb Code    74  sys_stackheap_outer.o(.text)
    exit                                     0x08001a6b   Thumb Code    12  exit.o(.text)
    __use_two_region_memory                  0x08001a77   Thumb Code     2  heapauxi.o(.text)
    __rt_heap_escrow$2region                 0x08001a79   Thumb Code     2  heapauxi.o(.text)
    __rt_heap_expand$2region                 0x08001a7b   Thumb Code     2  heapauxi.o(.text)
    _sys_exit                                0x08001a7d   Thumb Code     8  sys_exit.o(.text)
    __I$use$semihosting                      0x08001a89   Thumb Code     0  use_no_semi.o(.text)
    __use_no_semihosting_swi                 0x08001a89   Thumb Code     2  use_no_semi.o(.text)
    __semihosting_library_function           0x08001a8b   Thumb Code     0  indicate_semi.o(.text)
    SVC_Count                                0x08001a8c   Data           4  svc_table.o(SVC_TABLE)
    SVC_Table                                0x08001a90   Data           0  svc_table.o(SVC_TABLE)
    _init_box                                0x08001a91   Thumb Code    70  rt_membox.o(i._init_box)
    dbg_init                                 0x08001ad9   Thumb Code    34  hal_cm.o(i.dbg_init)
    dbg_task_notify                          0x08001b09   Thumb Code    32  hal_cm.o(i.dbg_task_notify)
    dbg_task_switch                          0x08001b29   Thumb Code    16  hal_cm.o(i.dbg_task_switch)
    isr_mbx_receive                          0x08001b65   Thumb Code    80  rt_mailbox.o(i.isr_mbx_receive)
    isr_mbx_send                             0x08001bb5   Thumb Code    14  rt_mailbox.o(i.isr_mbx_send)
    osDelay                                  0x08001bc5   Thumb Code    18  rt_cmsis.o(i.osDelay)
    osKernelInitialize                       0x08001bdd   Thumb Code    30  rt_cmsis.o(i.osKernelInitialize)
    osKernelStart                            0x08001c01   Thumb Code    98  rt_cmsis.o(i.osKernelStart)
    osMessageGet                             0x08001c6d   Thumb Code    62  rt_cmsis.o(i.osMessageGet)
    osThreadCreate                           0x08001cb1   Thumb Code    38  rt_cmsis.o(i.osThreadCreate)
    osThreadExit                             0x08001ce1   Thumb Code    14  rt_cmsis.o(i.osThreadExit)
    osTimerCall                              0x08001cf9   Thumb Code     8  rt_cmsis.o(i.osTimerCall)
    osTimerThread                            0x08001d05   Thumb Code    38  rt_cmsis.o(i.osTimerThread)
    os_tick_init                             0x08001d31   Thumb Code    32  rt_system.o(i.os_tick_init)
    os_tick_irqack                           0x08001d59   Thumb Code     2  rt_system.o(i.os_tick_irqack)
    rt_alloc_box                             0x08001d5b   Thumb Code    26  rt_membox.o(i.rt_alloc_box)
    rt_alloc_mem                             0x08001d75   Thumb Code    60  rt_memory.o(i.rt_alloc_mem)
    rt_block                                 0x08001db1   Thumb Code    48  rt_task.o(i.rt_block)
    rt_chk_robin                             0x08001de9   Thumb Code    60  rt_robin.o(i.rt_chk_robin)
    rt_dec_dly                               0x08001e31   Thumb Code   102  rt_list.o(i.rt_dec_dly)
    rt_dispatch                              0x08001ea1   Thumb Code    60  rt_task.o(i.rt_dispatch)
    rt_dly_wait                              0x08001ee5   Thumb Code     6  rt_time.o(i.rt_dly_wait)
    rt_evt_psh                               0x08001eed   Thumb Code    76  rt_event.o(i.rt_evt_psh)
    rt_free_box                              0x08001f3d   Thumb Code    32  rt_membox.o(i.rt_free_box)
    rt_free_mem                              0x08001f5d   Thumb Code    40  rt_memory.o(i.rt_free_mem)
    rt_get_first                             0x08001f85   Thumb Code    40  rt_list.o(i.rt_get_first)
    rt_init_mem                              0x08001ffd   Thumb Code    26  rt_memory.o(i.rt_init_mem)
    rt_init_robin                            0x08002019   Thumb Code    14  rt_robin.o(i.rt_init_robin)
    rt_init_stack                            0x08002031   Thumb Code    70  hal_cm.o(i.rt_init_stack)
    rt_mbx_check                             0x08002081   Thumb Code     8  rt_mailbox.o(i.rt_mbx_check)
    rt_mbx_init                              0x08002089   Thumb Code    28  rt_mailbox.o(i.rt_mbx_init)
    rt_mbx_psh                               0x080020a5   Thumb Code   234  rt_mailbox.o(i.rt_mbx_psh)
    rt_mbx_wait                              0x08002195   Thumb Code   172  rt_mailbox.o(i.rt_mbx_wait)
    rt_mut_init                              0x08002281   Thumb Code    16  rt_mutex.o(i.rt_mut_init)
    rt_mut_release                           0x08002291   Thumb Code   208  rt_mutex.o(i.rt_mut_release)
    rt_mut_wait                              0x08002369   Thumb Code   100  rt_mutex.o(i.rt_mut_wait)
    rt_pop_req                               0x080023d1   Thumb Code   110  rt_system.o(i.rt_pop_req)
    rt_psh_req                               0x0800244d   Thumb Code    22  rt_system.o(i.rt_psh_req)
    rt_psq_enq                               0x0800246d   Thumb Code    82  rt_list.o(i.rt_psq_enq)
    rt_put_dly                               0x080024c5   Thumb Code    68  rt_list.o(i.rt_put_dly)
    rt_put_prio                              0x0800250d   Thumb Code    54  rt_list.o(i.rt_put_prio)
    rt_put_rdy_first                         0x08002545   Thumb Code    14  rt_list.o(i.rt_put_rdy_first)
    rt_resort_prio                           0x08002559   Thumb Code    46  rt_list.o(i.rt_resort_prio)
    rt_ret_val                               0x0800259d   Thumb Code    12  hal_cm.o(i.rt_ret_val)
    rt_ret_val2                              0x080025a9   Thumb Code    16  hal_cm.o(i.rt_ret_val2)
    rt_rmv_dly                               0x080025b9   Thumb Code    40  rt_list.o(i.rt_rmv_dly)
    rt_rmv_list                              0x080025e1   Thumb Code    44  rt_list.o(i.rt_rmv_list)
    rt_sem_psh                               0x08002611   Thumb Code    48  rt_semaphore.o(i.rt_sem_psh)
    rt_stk_check                             0x08002645   Thumb Code    28  rt_system.o(i.rt_stk_check)
    rt_switch_req                            0x08002669   Thumb Code    30  rt_task.o(i.rt_switch_req)
    rt_sys_init                              0x08002691   Thumb Code   138  rt_task.o(i.rt_sys_init)
    rt_sys_start                             0x0800275d   Thumb Code   108  rt_task.o(i.rt_sys_start)
    rt_systick                               0x080027d5   Thumb Code    50  rt_system.o(i.rt_systick)
    rt_tsk_create                            0x08002861   Thumb Code   116  rt_task.o(i.rt_tsk_create)
    rt_tsk_delete                            0x080028e5   Thumb Code   342  rt_task.o(i.rt_tsk_delete)
    rt_tsk_prio                              0x08002a59   Thumb Code   108  rt_task.o(i.rt_tsk_prio)
    rt_tsk_self                              0x08002ad5   Thumb Code    12  rt_task.o(i.rt_tsk_self)
    svcDelay                                 0x08002ae5   Thumb Code    20  rt_cmsis.o(i.svcDelay)
    svcKernelInitialize                      0x08002af9   Thumb Code    80  rt_cmsis.o(i.svcKernelInitialize)
    svcKernelStart                           0x08002b69   Thumb Code    62  rt_cmsis.o(i.svcKernelStart)
    svcMessageCreate                         0x08002bb1   Thumb Code    36  rt_cmsis.o(i.svcMessageCreate)
    svcMessageGet                            0x08002bd5   Thumb Code    58  rt_cmsis.o(i.svcMessageGet)
    svcThreadCreate                          0x08002c11   Thumb Code   100  rt_cmsis.o(i.svcThreadCreate)
    svcThreadGetId                           0x08002c81   Thumb Code    22  rt_cmsis.o(i.svcThreadGetId)
    svcThreadTerminate                       0x08002c9d   Thumb Code    50  rt_cmsis.o(i.svcThreadTerminate)
    svcTimerCall                             0x08002cd5   Thumb Code    24  rt_cmsis.o(i.svcTimerCall)
    sysTimerTick                             0x08002ced   Thumb Code    76  rt_cmsis.o(i.sysTimerTick)
    _fp_init                                 0x08002d41   Thumb Code    10  fpinit.o(x$fpl$fpinit)
    __fplib_config_fpu_vfp                   0x08002d49   Thumb Code     0  fpinit.o(x$fpl$fpinit)
    __fplib_config_pureend_doubles           0x08002d49   Thumb Code     0  fpinit.o(x$fpl$fpinit)
    os_thread_def_Start_job                  0x08002d4c   Data          16  main.o(.constdata)
    os_thread_def_Measure_job                0x08002d5c   Data          16  main.o(.constdata)
    led_mask                                 0x08002d6c   Data          32  led_stm32f3-discovery.o(.constdata)
    os_maxtaskrun                            0x08002d8c   Data           2  rtx_conf_cm.o(.constdata)
    os_stackinfo                             0x08002d90   Data           4  rtx_conf_cm.o(.constdata)
    os_rrobin                                0x08002d94   Data           4  rtx_conf_cm.o(.constdata)
    os_tickfreq                              0x08002d98   Data           4  rtx_conf_cm.o(.constdata)
    os_tickus_i                              0x08002d9c   Data           2  rtx_conf_cm.o(.constdata)
    os_tickus_f                              0x08002d9e   Data           2  rtx_conf_cm.o(.constdata)
    os_trv                                   0x08002da0   Data           4  rtx_conf_cm.o(.constdata)
    os_flags                                 0x08002da4   Data           1  rtx_conf_cm.o(.constdata)
    CMSIS_RTOS_API_Version                   0x08002da8   Data           4  rtx_conf_cm.o(.constdata)
    CMSIS_RTOS_RTX_Version                   0x08002dac   Data           4  rtx_conf_cm.o(.constdata)
    os_clockrate                             0x08002db0   Data           4  rtx_conf_cm.o(.constdata)
    os_timernum                              0x08002db4   Data           4  rtx_conf_cm.o(.constdata)
    mp_tcb_size                              0x08002db8   Data           2  rtx_conf_cm.o(.constdata)
    mp_stk_size                              0x08002dbc   Data           4  rtx_conf_cm.o(.constdata)
    os_stack_sz                              0x08002dc0   Data           4  rtx_conf_cm.o(.constdata)
    os_fifo_size                             0x08002dc4   Data           1  rtx_conf_cm.o(.constdata)
    os_thread_def_osTimerThread              0x08002dc8   Data          16  rtx_conf_cm.o(.constdata)
    os_messageQ_def_osTimerMessageQ          0x08002dd8   Data           8  rtx_conf_cm.o(.constdata)
    mp_tmr_size                              0x08002de0   Data           2  rtx_conf_cm.o(.constdata)
    Region$$Table$$Base                      0x08002de4   Number         0  anon$$obj.o(Region$$Table)
    Region$$Table$$Limit                     0x08002e04   Number         0  anon$$obj.o(Region$$Table)
    tid_Start_job                            0x20000000   Data           4  main.o(.data)
    tid_Measure_job                          0x20000004   Data           4  main.o(.data)
    tx_wr_index                              0x20000008   Data           2  main.o(.data)
    tx_rd_index                              0x2000000a   Data           2  main.o(.data)
    tx_counter                               0x2000000c   Data           2  main.o(.data)
    osThreadId_osTimerThread                 0x20000038   Data           4  rtx_conf_cm.o(.data)
    osMessageQId_osTimerMessageQ             0x2000003c   Data           4  rtx_conf_cm.o(.data)
    os_tmr                                   0x20000040   Data           4  rtx_conf_cm.o(.data)
    m_tmr                                    0x20000044   Data           4  rtx_conf_cm.o(.data)
    os_thread_def_main                       0x2000004c   Data          16  rtx_conf_cm.o(.data)
    SystemCoreClock                          0x2000005c   Data           4  system_stm32f30x.o(.data)
    AHBPrescTable                            0x20000060   Data          16  system_stm32f30x.o(.data)
    os_initialized                           0x20000070   Data           1  rt_cmsis.o(.data)
    os_running                               0x20000071   Data           1  rt_cmsis.o(.data)
    os_timer_head                            0x20000074   Data           4  rt_cmsis.o(.data)
    os_tsk                                   0x20000078   Data           8  rt_task.o(.data)
    os_tick_irqn                             0x20000084   Data           4  rt_system.o(.data)
    os_time                                  0x20000088   Data           4  rt_time.o(.data)
    os_robin                                 0x2000008c   Data           8  rt_robin.o(.data)
    dbg_msg                                  0x20000094   Data           1  hal_cm.o(.data)
    UART_Config                              0x20000098   Data          24  main.o(.bss)
    RX_buffer                                0x200000b0   Data         255  main.o(.bss)
    tx_buffer                                0x200001af   Data         350  main.o(.bss)
    mp_tcb                                   0x20000310   Data         220  rtx_conf_cm.o(.bss)
    mp_stk                                   0x200003f0   Data         616  rtx_conf_cm.o(.bss)
    os_stack_mem                             0x20000658   Data         432  rtx_conf_cm.o(.bss)
    os_fifo                                  0x20000808   Data         132  rtx_conf_cm.o(.bss)
    os_active_TCB                            0x2000088c   Data          16  rtx_conf_cm.o(.bss)
    os_messageQ_q_osTimerMessageQ            0x2000089c   Data          32  rtx_conf_cm.o(.bss)
    os_idle_TCB                              0x20000abc   Data          52  rt_task.o(.bss)
    os_rdy                                   0x20000af0   Data          24  rt_list.o(.bss)
    os_dly                                   0x20000b08   Data          24  rt_list.o(.bss)
    __libspace_start                         0x20000b20   Data          96  libspace.o(.bss)
    __temporary_stack_top$libspace           0x20000b80   Data           0  libspace.o(.bss)



==============================================================================

Memory Map of the image

  Image Entry point : 0x08000189

  Load Region LR_IROM1 (Base: 0x08000000, Size: 0x00002e9c, Max: 0x00040000, ABSOLUTE)

    Execution Region ER_IROM1 (Base: 0x08000000, Size: 0x00002e04, Max: 0x00040000, ABSOLUTE)

    Base Addr    Size         Type   Attr      Idx    E Section Name        Object

    0x08000000   0x00000188   Data   RO          649    RESET               startup_stm32f303xc.o
    0x08000188   0x00000008   Code   RO         1883  * !!!main             c_w.l(__main.o)
    0x08000190   0x00000034   Code   RO         2010    !!!scatter          c_w.l(__scatter.o)
    0x080001c4   0x0000001a   Code   RO         2012    !!handler_copy      c_w.l(__scatter_copy.o)
    0x080001de   0x00000002   PAD
    0x080001e0   0x0000001c   Code   RO         2014    !!handler_zi        c_w.l(__scatter_zi.o)
    0x080001fc   0x00000002   Code   RO         1882    .ARM.Collect$$libinit$$00000000  c_w.l(libinit.o)
    0x080001fe   0x00000004   Code   RO         1887    .ARM.Collect$$libinit$$00000001  c_w.l(libinit2.o)
    0x08000202   0x00000000   Code   RO         1890    .ARM.Collect$$libinit$$00000004  c_w.l(libinit2.o)
    0x08000202   0x00000000   Code   RO         1893    .ARM.Collect$$libinit$$0000000A  c_w.l(libinit2.o)
    0x08000202   0x00000000   Code   RO         1895    .ARM.Collect$$libinit$$0000000C  c_w.l(libinit2.o)
    0x08000202   0x00000000   Code   RO         1897    .ARM.Collect$$libinit$$0000000E  c_w.l(libinit2.o)
    0x08000202   0x00000000   Code   RO         1900    .ARM.Collect$$libinit$$00000011  c_w.l(libinit2.o)
    0x08000202   0x00000000   Code   RO         1902    .ARM.Collect$$libinit$$00000013  c_w.l(libinit2.o)
    0x08000202   0x00000000   Code   RO         1904    .ARM.Collect$$libinit$$00000015  c_w.l(libinit2.o)
    0x08000202   0x00000000   Code   RO         1906    .ARM.Collect$$libinit$$00000017  c_w.l(libinit2.o)
    0x08000202   0x00000000   Code   RO         1908    .ARM.Collect$$libinit$$00000019  c_w.l(libinit2.o)
    0x08000202   0x00000000   Code   RO         1910    .ARM.Collect$$libinit$$0000001B  c_w.l(libinit2.o)
    0x08000202   0x00000000   Code   RO         1912    .ARM.Collect$$libinit$$0000001D  c_w.l(libinit2.o)
    0x08000202   0x00000000   Code   RO         1914    .ARM.Collect$$libinit$$0000001F  c_w.l(libinit2.o)
    0x08000202   0x00000000   Code   RO         1916    .ARM.Collect$$libinit$$00000021  c_w.l(libinit2.o)
    0x08000202   0x00000000   Code   RO         1918    .ARM.Collect$$libinit$$00000023  c_w.l(libinit2.o)
    0x08000202   0x00000000   Code   RO         1920    .ARM.Collect$$libinit$$00000025  c_w.l(libinit2.o)
    0x08000202   0x00000000   Code   RO         1924    .ARM.Collect$$libinit$$0000002C  c_w.l(libinit2.o)
    0x08000202   0x00000000   Code   RO         1926    .ARM.Collect$$libinit$$0000002E  c_w.l(libinit2.o)
    0x08000202   0x00000000   Code   RO         1928    .ARM.Collect$$libinit$$00000030  c_w.l(libinit2.o)
    0x08000202   0x00000000   Code   RO         1930    .ARM.Collect$$libinit$$00000032  c_w.l(libinit2.o)
    0x08000202   0x00000002   Code   RO         1931    .ARM.Collect$$libinit$$00000033  c_w.l(libinit2.o)
    0x08000204   0x00000002   Code   RO         1951    .ARM.Collect$$libshutdown$$00000000  c_w.l(libshutdown.o)
    0x08000206   0x00000000   Code   RO         1965    .ARM.Collect$$libshutdown$$00000003  c_w.l(libshutdown2.o)
    0x08000206   0x00000000   Code   RO         1968    .ARM.Collect$$libshutdown$$00000006  c_w.l(libshutdown2.o)
    0x08000206   0x00000000   Code   RO         1971    .ARM.Collect$$libshutdown$$00000009  c_w.l(libshutdown2.o)
    0x08000206   0x00000000   Code   RO         1973    .ARM.Collect$$libshutdown$$0000000B  c_w.l(libshutdown2.o)
    0x08000206   0x00000000   Code   RO         1976    .ARM.Collect$$libshutdown$$0000000E  c_w.l(libshutdown2.o)
    0x08000206   0x00000002   Code   RO         1977    .ARM.Collect$$libshutdown$$0000000F  c_w.l(libshutdown2.o)
    0x08000208   0x00000002   Code   RO         1885    .ARM.Collect$$rtexit$$00000000  c_w.l(rtexit.o)
    0x0800020a   0x00000000   Code   RO         1933    .ARM.Collect$$rtexit$$00000002  c_w.l(rtexit2.o)
    0x0800020a   0x00000004   Code   RO         1934    .ARM.Collect$$rtexit$$00000003  c_w.l(rtexit2.o)
    0x0800020e   0x00000006   Code   RO         1935    .ARM.Collect$$rtexit$$00000004  c_w.l(rtexit2.o)
    0x08000214   0x00000024   Code   RO          619    .emb_text           rtx_conf_cm.o
    0x08000238   0x00000180   Code   RO         1858    .emb_text           RTX_CM4.lib(hal_cm4.o)
    0x080003b8   0x0000029c   Code   RO            3    .text               main.o
    0x08000654   0x000001f4   Code   RO          286    .text               stm32f30x_gpio.o
    0x08000848   0x000000dc   Code   RO          352    .text               stm32f30x_misc.o
    0x08000924   0x00000820   Code   RO          418    .text               stm32f30x_rcc.o
    0x08001144   0x0000053a   Code   RO          532    .text               stm32f30x_usart.o
    0x0800167e   0x00000002   PAD
    0x08001680   0x000000d4   Code   RO          598    .text               led_stm32f3-discovery.o
    0x08001754   0x000000a4   Code   RO          620    .text               rtx_conf_cm.o
    0x080017f8   0x00000040   Code   RO          650    .text               startup_stm32f303xc.o
    0x08001838   0x000001e0   Code   RO          656    .text               system_stm32f30x.o
    0x08001a18   0x00000008   Code   RO         1873    .text               c_w.l(libspace.o)
    0x08001a20   0x0000004a   Code   RO         1876    .text               c_w.l(sys_stackheap_outer.o)
    0x08001a6a   0x0000000c   Code   RO         1878    .text               c_w.l(exit.o)
    0x08001a76   0x00000006   Code   RO         1880    .text               c_w.l(heapauxi.o)
    0x08001a7c   0x0000000c   Code   RO         1943    .text               c_w.l(sys_exit.o)
    0x08001a88   0x00000002   Code   RO         1954    .text               c_w.l(use_no_semi.o)
    0x08001a8a   0x00000000   Code   RO         1956    .text               c_w.l(indicate_semi.o)
    0x08001a8a   0x00000002   PAD
    0x08001a8c   0x00000004   Code   RO         1868    SVC_TABLE           RTX_CM4.lib(svc_table.o)
    0x08001a90   0x00000046   Code   RO         1752    i._init_box         RTX_CM4.lib(rt_membox.o)
    0x08001ad6   0x00000002   PAD
    0x08001ad8   0x00000030   Code   RO         1805    i.dbg_init          RTX_CM4.lib(hal_cm.o)
    0x08001b08   0x00000020   Code   RO         1806    i.dbg_task_notify   RTX_CM4.lib(hal_cm.o)
    0x08001b28   0x00000010   Code   RO         1807    i.dbg_task_switch   RTX_CM4.lib(hal_cm.o)
    0x08001b38   0x0000002c   Code   RO          682    i.isrMessagePut     RTX_CM4.lib(rt_cmsis.o)
    0x08001b64   0x00000050   Code   RO         1607    i.isr_mbx_receive   RTX_CM4.lib(rt_mailbox.o)
    0x08001bb4   0x0000000e   Code   RO         1608    i.isr_mbx_send      RTX_CM4.lib(rt_mailbox.o)
    0x08001bc2   0x00000002   PAD
    0x08001bc4   0x00000018   Code   RO          683    i.osDelay           RTX_CM4.lib(rt_cmsis.o)
    0x08001bdc   0x00000024   Code   RO          684    i.osKernelInitialize  RTX_CM4.lib(rt_cmsis.o)
    0x08001c00   0x0000006c   Code   RO          686    i.osKernelStart     RTX_CM4.lib(rt_cmsis.o)
    0x08001c6c   0x00000044   Code   RO          695    i.osMessageGet      RTX_CM4.lib(rt_cmsis.o)
    0x08001cb0   0x00000030   Code   RO          712    i.osThreadCreate    RTX_CM4.lib(rt_cmsis.o)
    0x08001ce0   0x00000018   Code   RO          713    i.osThreadExit      RTX_CM4.lib(rt_cmsis.o)
    0x08001cf8   0x0000000c   Code   RO          719    i.osTimerCall       RTX_CM4.lib(rt_cmsis.o)
    0x08001d04   0x0000002c   Code   RO          724    i.osTimerThread     RTX_CM4.lib(rt_cmsis.o)
    0x08001d30   0x00000028   Code   RO         1399    i.os_tick_init      RTX_CM4.lib(rt_system.o)
    0x08001d58   0x00000002   Code   RO         1400    i.os_tick_irqack    RTX_CM4.lib(rt_system.o)
    0x08001d5a   0x0000001a   Code   RO         1753    i.rt_alloc_box      RTX_CM4.lib(rt_membox.o)
    0x08001d74   0x0000003c   Code   RO         1781    i.rt_alloc_mem      RTX_CM4.lib(rt_memory.o)
    0x08001db0   0x00000038   Code   RO         1284    i.rt_block          RTX_CM4.lib(rt_task.o)
    0x08001de8   0x00000048   Code   RO         1730    i.rt_chk_robin      RTX_CM4.lib(rt_robin.o)
    0x08001e30   0x00000070   Code   RO         1531    i.rt_dec_dly        RTX_CM4.lib(rt_list.o)
    0x08001ea0   0x00000044   Code   RO         1285    i.rt_dispatch       RTX_CM4.lib(rt_task.o)
    0x08001ee4   0x00000006   Code   RO         1697    i.rt_dly_wait       RTX_CM4.lib(rt_time.o)
    0x08001eea   0x00000002   PAD
    0x08001eec   0x00000050   Code   RO         1492    i.rt_evt_psh        RTX_CM4.lib(rt_event.o)
    0x08001f3c   0x00000020   Code   RO         1754    i.rt_free_box       RTX_CM4.lib(rt_membox.o)
    0x08001f5c   0x00000028   Code   RO         1782    i.rt_free_mem       RTX_CM4.lib(rt_memory.o)
    0x08001f84   0x00000028   Code   RO         1532    i.rt_get_first      RTX_CM4.lib(rt_list.o)
    0x08001fac   0x00000008   Code   RO          729    i.rt_id2obj         RTX_CM4.lib(rt_cmsis.o)
    0x08001fb4   0x00000048   Code   RO         1286    i.rt_init_context   RTX_CM4.lib(rt_task.o)
    0x08001ffc   0x0000001a   Code   RO         1783    i.rt_init_mem       RTX_CM4.lib(rt_memory.o)
    0x08002016   0x00000002   PAD
    0x08002018   0x00000018   Code   RO         1731    i.rt_init_robin     RTX_CM4.lib(rt_robin.o)
    0x08002030   0x00000050   Code   RO         1808    i.rt_init_stack     RTX_CM4.lib(hal_cm.o)
    0x08002080   0x00000008   Code   RO         1609    i.rt_mbx_check      RTX_CM4.lib(rt_mailbox.o)
    0x08002088   0x0000001c   Code   RO         1610    i.rt_mbx_init       RTX_CM4.lib(rt_mailbox.o)
    0x080020a4   0x000000f0   Code   RO         1611    i.rt_mbx_psh        RTX_CM4.lib(rt_mailbox.o)
    0x08002194   0x000000b0   Code   RO         1613    i.rt_mbx_wait       RTX_CM4.lib(rt_mailbox.o)
    0x08002244   0x0000003c   Code   RO          730    i.rt_ms2tick        RTX_CM4.lib(rt_cmsis.o)
    0x08002280   0x00000010   Code   RO         1369    i.rt_mut_init       RTX_CM4.lib(rt_mutex.o)
    0x08002290   0x000000d8   Code   RO         1370    i.rt_mut_release    RTX_CM4.lib(rt_mutex.o)
    0x08002368   0x00000068   Code   RO         1371    i.rt_mut_wait       RTX_CM4.lib(rt_mutex.o)
    0x080023d0   0x0000007c   Code   RO         1403    i.rt_pop_req        RTX_CM4.lib(rt_system.o)
    0x0800244c   0x00000020   Code   RO         1404    i.rt_psh_req        RTX_CM4.lib(rt_system.o)
    0x0800246c   0x00000058   Code   RO         1534    i.rt_psq_enq        RTX_CM4.lib(rt_list.o)
    0x080024c4   0x00000048   Code   RO         1535    i.rt_put_dly        RTX_CM4.lib(rt_list.o)
    0x0800250c   0x00000036   Code   RO         1536    i.rt_put_prio       RTX_CM4.lib(rt_list.o)
    0x08002542   0x00000002   PAD
    0x08002544   0x00000014   Code   RO         1537    i.rt_put_rdy_first  RTX_CM4.lib(rt_list.o)
    0x08002558   0x00000034   Code   RO         1538    i.rt_resort_prio    RTX_CM4.lib(rt_list.o)
    0x0800258c   0x00000010   Code   RO         1809    i.rt_ret_regs       RTX_CM4.lib(hal_cm.o)
    0x0800259c   0x0000000c   Code   RO         1810    i.rt_ret_val        RTX_CM4.lib(hal_cm.o)
    0x080025a8   0x00000010   Code   RO         1811    i.rt_ret_val2       RTX_CM4.lib(hal_cm.o)
    0x080025b8   0x00000028   Code   RO         1539    i.rt_rmv_dly        RTX_CM4.lib(rt_list.o)
    0x080025e0   0x00000030   Code   RO         1540    i.rt_rmv_list       RTX_CM4.lib(rt_list.o)
    0x08002610   0x00000034   Code   RO         1658    i.rt_sem_psh        RTX_CM4.lib(rt_semaphore.o)
    0x08002644   0x00000024   Code   RO         1406    i.rt_stk_check      RTX_CM4.lib(rt_system.o)
    0x08002668   0x00000028   Code   RO         1287    i.rt_switch_req     RTX_CM4.lib(rt_task.o)
    0x08002690   0x000000cc   Code   RO         1288    i.rt_sys_init       RTX_CM4.lib(rt_task.o)
    0x0800275c   0x00000078   Code   RO         1289    i.rt_sys_start      RTX_CM4.lib(rt_task.o)
    0x080027d4   0x00000040   Code   RO         1408    i.rt_systick        RTX_CM4.lib(rt_system.o)
    0x08002814   0x00000012   Code   RO          731    i.rt_tid2ptcb       RTX_CM4.lib(rt_cmsis.o)
    0x08002826   0x00000002   PAD
    0x08002828   0x00000038   Code   RO          732    i.rt_timer_insert   RTX_CM4.lib(rt_cmsis.o)
    0x08002860   0x00000084   Code   RO         1290    i.rt_tsk_create     RTX_CM4.lib(rt_task.o)
    0x080028e4   0x00000174   Code   RO         1291    i.rt_tsk_delete     RTX_CM4.lib(rt_task.o)
    0x08002a58   0x0000007c   Code   RO         1293    i.rt_tsk_prio       RTX_CM4.lib(rt_task.o)
    0x08002ad4   0x00000010   Code   RO         1294    i.rt_tsk_self       RTX_CM4.lib(rt_task.o)
    0x08002ae4   0x00000014   Code   RO          734    i.svcDelay          RTX_CM4.lib(rt_cmsis.o)
    0x08002af8   0x00000070   Code   RO          735    i.svcKernelInitialize  RTX_CM4.lib(rt_cmsis.o)
    0x08002b68   0x00000048   Code   RO          737    i.svcKernelStart    RTX_CM4.lib(rt_cmsis.o)
    0x08002bb0   0x00000024   Code   RO          740    i.svcMessageCreate  RTX_CM4.lib(rt_cmsis.o)
    0x08002bd4   0x0000003a   Code   RO          741    i.svcMessageGet     RTX_CM4.lib(rt_cmsis.o)
    0x08002c0e   0x00000002   PAD
    0x08002c10   0x00000070   Code   RO          755    i.svcThreadCreate   RTX_CM4.lib(rt_cmsis.o)
    0x08002c80   0x0000001c   Code   RO          756    i.svcThreadGetId    RTX_CM4.lib(rt_cmsis.o)
    0x08002c9c   0x00000038   Code   RO          759    i.svcThreadTerminate  RTX_CM4.lib(rt_cmsis.o)
    0x08002cd4   0x00000018   Code   RO          761    i.svcTimerCall      RTX_CM4.lib(rt_cmsis.o)
    0x08002cec   0x00000054   Code   RO          770    i.sysTimerTick      RTX_CM4.lib(rt_cmsis.o)
    0x08002d40   0x0000000a   Code   RO         1941    x$fpl$fpinit        fz_wm.l(fpinit.o)
    0x08002d4a   0x00000002   PAD
    0x08002d4c   0x00000020   Data   RO            5    .constdata          main.o
    0x08002d6c   0x00000020   Data   RO          599    .constdata          led_stm32f3-discovery.o
    0x08002d8c   0x00000056   Data   RO          622    .constdata          rtx_conf_cm.o
    0x08002de2   0x00000002   PAD
    0x08002de4   0x00000020   Data   RO         2008    Region$$Table       anon$$obj.o


    Execution Region RW_IRAM1 (Base: 0x20000000, Size: 0x00001180, Max: 0x0000c000, ABSOLUTE)

    Base Addr    Size         Type   Attr      Idx    E Section Name        Object

    0x20000000   0x0000000e   Data   RW            6    .data               main.o
    0x2000000e   0x0000002a   Data   RW          419    .data               stm32f30x_rcc.o
    0x20000038   0x00000024   Data   RW          623    .data               rtx_conf_cm.o
    0x2000005c   0x00000014   Data   RW          657    .data               system_stm32f30x.o
    0x20000070   0x00000008   Data   RW          773    .data               RTX_CM4.lib(rt_cmsis.o)
    0x20000078   0x00000008   Data   RW         1296    .data               RTX_CM4.lib(rt_task.o)
    0x20000080   0x00000008   Data   RW         1411    .data               RTX_CM4.lib(rt_system.o)
    0x20000088   0x00000004   Data   RW         1701    .data               RTX_CM4.lib(rt_time.o)
    0x2000008c   0x00000008   Data   RW         1732    .data               RTX_CM4.lib(rt_robin.o)
    0x20000094   0x00000001   Data   RW         1812    .data               RTX_CM4.lib(hal_cm.o)
    0x20000095   0x00000003   PAD
    0x20000098   0x00000275   Zero   RW            4    .bss                main.o
    0x2000030d   0x00000003   PAD
    0x20000310   0x000007ac   Zero   RW          621    .bss                rtx_conf_cm.o
    0x20000abc   0x00000034   Zero   RW         1295    .bss                RTX_CM4.lib(rt_task.o)
    0x20000af0   0x00000030   Zero   RW         1541    .bss                RTX_CM4.lib(rt_list.o)
    0x20000b20   0x00000060   Zero   RW         1874    .bss                c_w.l(libspace.o)
    0x20000b80   0x00000200   Zero   RW          648    HEAP                startup_stm32f303xc.o
    0x20000d80   0x00000400   Zero   RW          647    STACK               startup_stm32f303xc.o


==============================================================================

Image component sizes


      Code (inc. data)   RO Data    RW Data    ZI Data      Debug   Object Name

       212         20         32          0          0       2243   led_stm32f3-discovery.o
       668         56         32         14        629     233555   main.o
       200         34         86         36       1964       8669   rtx_conf_cm.o
        64         26        392          0       1536        840   startup_stm32f303xc.o
       500         22          0          0          0       3769   stm32f30x_gpio.o
       220         22          0          0          0       1817   stm32f30x_misc.o
      2080         62          0         42          0       9909   stm32f30x_rcc.o
      1338         22          0          0          0      11906   stm32f30x_usart.o
       480         42          0         20          0       1815   system_stm32f30x.o

    ----------------------------------------------------------------------
      5764        306        576        112       4132     274523   Object Totals
         0          0         32          0          0          0   (incl. Generated)
         2          0          2          0          3          0   (incl. Padding)

    ----------------------------------------------------------------------

      Code (inc. data)   RO Data    RW Data    ZI Data      Debug   Library Member Name

       220         24          0          1          0       3428   hal_cm.o
       384         28          0          0          0        720   hal_cm4.o
      1152        148          0          8          0      28067   rt_cmsis.o
        80          4          0          0          0        541   rt_event.o
       526         36          0          0         48       6945   rt_list.o
       546         10          0          0          0       3225   rt_mailbox.o
       128          0          0          0          0       1585   rt_membox.o
       126          0          0          0          0       1895   rt_memory.o
       336         12          0          0          0       1757   rt_mutex.o
        96         22          0          8          0       1014   rt_robin.o
        52          4          0          0          0        485   rt_semaphore.o
       298         54          0          8          0       5563   rt_system.o
      1204        176          0          8         52       8309   rt_task.o
         6          0          0          4          0        524   rt_time.o
         4          4          0          0          0        124   svc_table.o
         8          0          0          0          0         68   __main.o
        52          8          0          0          0          0   __scatter.o
        26          0          0          0          0          0   __scatter_copy.o
        28          0          0          0          0          0   __scatter_zi.o
        12          0          0          0          0         72   exit.o
         6          0          0          0          0        152   heapauxi.o
         0          0          0          0          0          0   indicate_semi.o
         2          0          0          0          0          0   libinit.o
         6          0          0          0          0          0   libinit2.o
         2          0          0          0          0          0   libshutdown.o
         2          0          0          0          0          0   libshutdown2.o
         8          4          0          0         96         68   libspace.o
         2          0          0          0          0          0   rtexit.o
        10          0          0          0          0          0   rtexit2.o
        12          4          0          0          0         68   sys_exit.o
        74          0          0          0          0         80   sys_stackheap_outer.o
         2          0          0          0          0         68   use_no_semi.o
        10          0          0          0          0        116   fpinit.o

    ----------------------------------------------------------------------
      5440        538          0         40        196      64874   Library Totals
        20          0          0          3          0          0   (incl. Padding)

    ----------------------------------------------------------------------

      Code (inc. data)   RO Data    RW Data    ZI Data      Debug   Library Name

      5158        522          0         37        100      64182   RTX_CM4.lib
       252         16          0          0         96        576   c_w.l
        10          0          0          0          0        116   fz_wm.l

    ----------------------------------------------------------------------
      5440        538          0         40        196      64874   Library Totals

    ----------------------------------------------------------------------

==============================================================================


      Code (inc. data)   RO Data    RW Data    ZI Data      Debug   

     11204        844        576        152       4328     330141   Grand Totals
     11204        844        576        152       4328     330141   ELF Image Totals
     11204        844        576        152          0          0   ROM Totals

==============================================================================

    Total RO  Size (Code + RO Data)                11780 (  11.50kB)
    Total RW  Size (RW Data + ZI Data)              4480 (   4.38kB)
    Total ROM Size (Code + RO Data + RW Data)      11932 (  11.65kB)

==============================================================================

